Generate the cup scene with target tilt = 120
Simulation mode = gpu_neighbor_list
Neighbor rebuild frequency = 2
Initial density stats | rho: [360.426, 905.274] avg = 767.757 | p: [0, 7910.89] avg = 93.6543
Frame 0 fluid stats | fluid_count = 1248 | rho = [360.426, 905.274] avg = 767.757 | p = [0, 7910.89] avg = 93.6543 | speed = [0, 0] avg = 0 | rho_floor_count = 0 | zero_pressure_count = 1206
Initial source cup check | fluid_count = 1248 | outside_count = 0
Fluid particles = 1248
Source compute boundary particles = 6111
Receiver compute boundary particles = 6225
Render boundary particles = 17824
FrameTiming 1 46.247
FrameTiming 2 47.543
FrameTiming 3 47.377
FrameTiming 4 47.898
FrameTiming 5 47.686
FrameTiming 6 46.856
FrameTiming 7 47.299
FrameTiming 8 48.166
FrameTiming 9 46.749
FrameTiming 10 47.018
FrameTiming 11 47.959
FrameTiming 12 48.349
FrameTiming 13 49.716
FrameTiming 14 49.815
FrameTiming 15 52.591
FrameTiming 16 51.932
FrameTiming 17 52.748
FrameTiming 18 51.204
FrameTiming 19 52.194
FrameTiming 20 51.699
Frame 20 | rho: [360.487, 1007.358] avg=795.667 | p: [0.000, 161036.312] | speed avg=0.645 max=0.647
Frame 20 fluid stats | fluid_count = 1248 | rho = [360.487, 1007.358] avg = 795.667 | p = [0.000, 161036.312] avg = 8176.462 | speed = [0.625, 0.647] avg = 0.645 | rho_floor_count = 0 | zero_pressure_count = 1126
Frame 20 | max_source_penetration = 0.000 | max_receiver_penetration = 0.000 | below_source_bottom_count = 0 | below_receiver_bottom_count = 0 | inside_source_wall_count = 0 | inside_receiver_wall_count = 0
FrameTiming 21 52.793
FrameTiming 22 53.452
FrameTiming 23 53.905
FrameTiming 24 51.176
FrameTiming 25 52.351
FrameTiming 26 55.559
FrameTiming 27 52.642
FrameTiming 28 53.963
FrameTiming 29 52.027
FrameTiming 30 50.833
FrameTiming 31 51.869
FrameTiming 32 51.969
FrameTiming 33 50.443
FrameTiming 34 51.724
FrameTiming 35 51.849
FrameTiming 36 53.205
FrameTiming 37 53.219
FrameTiming 38 54.439
FrameTiming 39 54.738
FrameTiming 40 52.119
Frame 40 | rho: [369.055, 1779.953] avg=1226.557 | p: [0.000, 1319929.500] | speed avg=0.612 max=1.073
Frame 40 fluid stats | fluid_count = 1248 | rho = [369.055, 1779.953] avg = 1226.557 | p = [0.000, 1319929.500] avg = 533314.375 | speed = [0.021, 1.073] avg = 0.612 | rho_floor_count = 0 | zero_pressure_count = 166
Frame 40 | max_source_penetration = 0.000 | max_receiver_penetration = 0.000 | below_source_bottom_count = 0 | below_receiver_bottom_count = 0 | inside_source_wall_count = 23 | inside_receiver_wall_count = 0
FrameTiming 41 53.067
FrameTiming 42 51.404
FrameTiming 43 52.476
FrameTiming 44 50.743
FrameTiming 45 52.316
FrameTiming 46 53.370
FrameTiming 47 53.697
FrameTiming 48 53.456
FrameTiming 49 55.848
FrameTiming 50 54.561
FrameTiming 51 52.920
FrameTiming 52 56.858
FrameTiming 53 52.888
FrameTiming 54 53.585
FrameTiming 55 54.307
FrameTiming 56 52.622
FrameTiming 57 52.805
FrameTiming 58 53.561
FrameTiming 59 52.925
FrameTiming 60 53.315
Frame 60 | rho: [107.430, 1371.983] avg=939.392 | p: [0.000, 707974.562] | speed avg=0.310 max=0.882
Frame 60 fluid stats | fluid_count = 1248 | rho = [107.430, 1371.983] avg = 939.392 | p = [0.000, 707974.562] avg = 135389.656 | speed = [0.013, 0.882] avg = 0.310 | rho_floor_count = 0 | zero_pressure_count = 421
Frame 60 | max_source_penetration = 0.000 | max_receiver_penetration = 0.000 | below_source_bottom_count = 0 | below_receiver_bottom_count = 0 | inside_source_wall_count = 7 | inside_receiver_wall_count = 0
FrameTiming 61 53.667
FrameTiming 62 53.236
FrameTiming 63 53.066
FrameTiming 64 54.413
FrameTiming 65 54.906
FrameTiming 66 55.695
FrameTiming 67 54.586
FrameTiming 68 53.754
FrameTiming 69 51.733
FrameTiming 70 53.822
FrameTiming 71 53.435
FrameTiming 72 55.054
FrameTiming 73 56.865
FrameTiming 74 55.444
FrameTiming 75 53.395
FrameTiming 76 53.497
FrameTiming 77 52.230
FrameTiming 78 52.837
FrameTiming 79 52.719
FrameTiming 80 51.834
Frame 80 | rho: [114.518, 1216.268] avg=921.173 | p: [0.000, 474402.094] | speed avg=0.179 max=0.438
Frame 80 fluid stats | fluid_count = 1248 | rho = [114.518, 1216.268] avg = 921.173 | p = [0.000, 474402.094] avg = 122102.258 | speed = [0.013, 0.438] avg = 0.179 | rho_floor_count = 0 | zero_pressure_count = 471
Frame 80 | max_source_penetration = 0.000 | max_receiver_penetration = 0.000 | below_source_bottom_count = 0 | below_receiver_bottom_count = 0 | inside_source_wall_count = 4 | inside_receiver_wall_count = 0
FrameTiming 81 52.671
FrameTiming 82 53.897
FrameTiming 83 53.653
FrameTiming 84 54.336
FrameTiming 85 54.198
FrameTiming 86 51.787
FrameTiming 87 53.141
FrameTiming 88 54.379
FrameTiming 89 54.629
FrameTiming 90 54.674
FrameTiming 91 55.124
FrameTiming 92 50.557
FrameTiming 93 52.790
FrameTiming 94 53.679
FrameTiming 95 53.930
FrameTiming 96 51.739
FrameTiming 97 52.964
FrameTiming 98 55.089
FrameTiming 99 55.259
FrameTiming 100 52.397
Frame 100 | rho: [495.879, 1475.590] avg=1129.385 | p: [0.000, 863385.500] | speed avg=0.185 max=0.753
Frame 100 fluid stats | fluid_count = 1248 | rho = [495.879, 1475.590] avg = 1129.385 | p = [0.000, 863385.500] avg = 355761.531 | speed = [0.020, 0.753] avg = 0.185 | rho_floor_count = 0 | zero_pressure_count = 104
Frame 100 | max_source_penetration = 0.000 | max_receiver_penetration = 0.000 | below_source_bottom_count = 0 | below_receiver_bottom_count = 0 | inside_source_wall_count = 10 | inside_receiver_wall_count = 0
FrameTiming 101 52.708
FrameTiming 102 53.198
FrameTiming 103 54.469
FrameTiming 104 53.866
FrameTiming 105 54.857
FrameTiming 106 54.606
FrameTiming 107 53.888
FrameTiming 108 53.332
FrameTiming 109 54.760
FrameTiming 110 53.711
FrameTiming 111 54.993
FrameTiming 112 53.400
FrameTiming 113 52.043
FrameTiming 114 54.186
FrameTiming 115 53.857
FrameTiming 116 53.995
FrameTiming 117 52.414
FrameTiming 118 52.891
FrameTiming 119 53.436
FrameTiming 120 54.260
Frame 120 | rho: [423.095, 1222.359] avg=967.267 | p: [0.000, 483538.344] | speed avg=0.353 max=0.685
Frame 120 fluid stats | fluid_count = 1248 | rho = [423.095, 1222.359] avg = 967.267 | p = [0.000, 483538.344] avg = 139645.344 | speed = [0.086, 0.685] avg = 0.353 | rho_floor_count = 0 | zero_pressure_count = 273
Frame 120 | max_source_penetration = 0.000 | max_receiver_penetration = 0.000 | below_source_bottom_count = 0 | below_receiver_bottom_count = 0 | inside_source_wall_count = 22 | inside_receiver_wall_count = 0
FrameTiming 121 54.594
FrameTiming 122 53.585
FrameTiming 123 54.888
FrameTiming 124 56.143
FrameTiming 125 53.777
FrameTiming 126 52.475
FrameTiming 127 55.683
FrameTiming 128 54.756
FrameTiming 129 53.098
FrameTiming 130 51.890
FrameTiming 131 54.186
FrameTiming 132 51.213
FrameTiming 133 54.128
FrameTiming 134 53.692
FrameTiming 135 53.747
FrameTiming 136 53.468
FrameTiming 137 52.938
FrameTiming 138 54.610
FrameTiming 139 53.776
FrameTiming 140 55.394
Frame 140 | rho: [521.794, 1476.047] avg=1010.249 | p: [0.000, 864070.312] | speed avg=0.392 max=0.673
Frame 140 fluid stats | fluid_count = 1248 | rho = [521.794, 1476.047] avg = 1010.249 | p = [0.000, 864070.312] avg = 197688.031 | speed = [0.074, 0.673] avg = 0.392 | rho_floor_count = 0 | zero_pressure_count = 267
Frame 140 | max_source_penetration = 0.000 | max_receiver_penetration = 0.000 | below_source_bottom_count = 0 | below_receiver_bottom_count = 0 | inside_source_wall_count = 2 | inside_receiver_wall_count = 0
FrameTiming 141 54.391
FrameTiming 142 54.025
FrameTiming 143 53.407
FrameTiming 144 54.098
FrameTiming 145 52.346
FrameTiming 146 52.168
FrameTiming 147 53.647
FrameTiming 148 52.347
FrameTiming 149 53.116
FrameTiming 150 55.579
FrameTiming 151 57.124
FrameTiming 152 52.278
FrameTiming 153 52.591
FrameTiming 154 53.313
FrameTiming 155 55.475
FrameTiming 156 54.459
FrameTiming 157 54.230
FrameTiming 158 53.479
FrameTiming 159 53.464
FrameTiming 160 53.888
Frame 160 | rho: [235.880, 1365.486] avg=996.557 | p: [0.000, 698228.375] | speed avg=0.506 max=0.805
Frame 160 fluid stats | fluid_count = 1248 | rho = [235.880, 1365.486] avg = 996.557 | p = [0.000, 698228.375] avg = 178950.172 | speed = [0.035, 0.805] avg = 0.506 | rho_floor_count = 0 | zero_pressure_count = 363
Frame 160 | max_source_penetration = 0.000 | max_receiver_penetration = 0.000 | below_source_bottom_count = 0 | below_receiver_bottom_count = 0 | inside_source_wall_count = 4 | inside_receiver_wall_count = 0
FrameTiming 161 52.898
FrameTiming 162 52.671
FrameTiming 163 54.565
FrameTiming 164 53.461
FrameTiming 165 53.252
FrameTiming 166 53.138
FrameTiming 167 52.914
FrameTiming 168 55.171
FrameTiming 169 53.153
FrameTiming 170 53.374
FrameTiming 171 54.484
FrameTiming 172 54.528
FrameTiming 173 52.751
FrameTiming 174 52.429
FrameTiming 175 53.134
FrameTiming 176 51.344
FrameTiming 177 53.110
FrameTiming 178 54.281
FrameTiming 179 54.374
FrameTiming 180 53.545
Frame 180 | rho: [192.410, 1345.854] avg=970.791 | p: [0.000, 668781.750] | speed avg=0.593 max=0.961
Frame 180 fluid stats | fluid_count = 1248 | rho = [192.410, 1345.854] avg = 970.791 | p = [0.000, 668781.750] avg = 164886.359 | speed = [0.030, 0.961] avg = 0.593 | rho_floor_count = 0 | zero_pressure_count = 391
Frame 180 | max_source_penetration = 0.000 | max_receiver_penetration = 0.000 | below_source_bottom_count = 0 | below_receiver_bottom_count = 0 | inside_source_wall_count = 2 | inside_receiver_wall_count = 0
FrameTiming 181 55.821
FrameTiming 182 54.738
FrameTiming 183 53.576
FrameTiming 184 54.108
FrameTiming 185 56.288
FrameTiming 186 56.239
FrameTiming 187 53.298
FrameTiming 188 52.283
FrameTiming 189 52.523
FrameTiming 190 54.435
FrameTiming 191 54.574
FrameTiming 192 52.800
FrameTiming 193 53.892
FrameTiming 194 52.668
FrameTiming 195 54.237
FrameTiming 196 53.369
FrameTiming 197 53.189
FrameTiming 198 52.561
FrameTiming 199 53.473
FrameTiming 200 53.337
Frame 200 | rho: [103.384, 1017.526] avg=778.863 | p: [0.000, 176289.281] | speed avg=0.840 max=1.224
Frame 200 fluid stats | fluid_count = 1248 | rho = [103.384, 1017.526] avg = 778.863 | p = [0.000, 176289.281] avg = 6621.186 | speed = [0.084, 1.224] avg = 0.840 | rho_floor_count = 0 | zero_pressure_count = 1144
Frame 200 | max_source_penetration = 0.000 | max_receiver_penetration = 0.000 | below_source_bottom_count = 0 | below_receiver_bottom_count = 0 | inside_source_wall_count = 0 | inside_receiver_wall_count = 0
FrameTiming 201 53.475
FrameTiming 202 55.429
FrameTiming 203 53.460
FrameTiming 204 53.586
FrameTiming 205 53.714
FrameTiming 206 54.611
FrameTiming 207 55.228
FrameTiming 208 57.648
FrameTiming 209 54.094
FrameTiming 210 55.694
FrameTiming 211 54.557
FrameTiming 212 54.803
FrameTiming 213 55.523
FrameTiming 214 55.200
FrameTiming 215 53.267
FrameTiming 216 53.587
FrameTiming 217 57.728
FrameTiming 218 54.714
FrameTiming 219 56.249
FrameTiming 220 54.845
Frame 220 | rho: [154.794, 1050.819] avg=722.712 | p: [0.000, 226228.828] | speed avg=0.907 max=1.719
Frame 220 fluid stats | fluid_count = 1248 | rho = [154.794, 1050.819] avg = 722.712 | p = [0.000, 226228.828] avg = 3642.425 | speed = [0.131, 1.719] avg = 0.907 | rho_floor_count = 0 | zero_pressure_count = 1175
Frame 220 | max_source_penetration = 0.000 | max_receiver_penetration = 0.000 | below_source_bottom_count = 0 | below_receiver_bottom_count = 0 | inside_source_wall_count = 1 | inside_receiver_wall_count = 0
FrameTiming 221 53.470
FrameTiming 222 54.344
FrameTiming 223 53.555
FrameTiming 224 53.173
FrameTiming 225 54.419
FrameTiming 226 51.594
FrameTiming 227 52.299
FrameTiming 228 53.777
FrameTiming 229 53.729
FrameTiming 230 51.809
FrameTiming 231 54.097
FrameTiming 232 54.133
FrameTiming 233 54.098
FrameTiming 234 51.411
FrameTiming 235 53.209
FrameTiming 236 54.750
FrameTiming 237 53.747
FrameTiming 238 53.064
FrameTiming 239 53.520
FrameTiming 240 55.739
Frame 240 | rho: [98.717, 1529.893] avg=624.231 | p: [0.000, 944839.062] | speed avg=0.938 max=1.610
Frame 240 fluid stats | fluid_count = 1248 | rho = [98.717, 1529.893] avg = 624.231 | p = [0.000, 944839.062] avg = 83594.883 | speed = [0.074, 1.610] avg = 0.938 | rho_floor_count = 0 | zero_pressure_count = 881
Frame 240 | max_source_penetration = 0.000 | max_receiver_penetration = 0.000 | below_source_bottom_count = 0 | below_receiver_bottom_count = 7 | inside_source_wall_count = 4 | inside_receiver_wall_count = 12
FrameTiming 241 52.690
FrameTiming 242 52.819
FrameTiming 243 54.277
FrameTiming 244 53.379
FrameTiming 245 55.562
FrameTiming 246 52.436
FrameTiming 247 51.567
FrameTiming 248 52.688
FrameTiming 249 54.215
FrameTiming 250 52.462
FrameTiming 251 52.397
FrameTiming 252 53.994
FrameTiming 253 53.719
FrameTiming 254 57.797
FrameTiming 255 52.715
FrameTiming 256 53.418
FrameTiming 257 52.841
FrameTiming 258 52.836
FrameTiming 259 55.160
FrameTiming 260 53.791
Frame 260 | rho: [92.594, 1362.083] avg=592.349 | p: [0.000, 693123.750] | speed avg=0.837 max=1.424
Frame 260 fluid stats | fluid_count = 1248 | rho = [92.594, 1362.083] avg = 592.349 | p = [0.000, 693123.750] avg = 27396.500 | speed = [0.026, 1.424] avg = 0.837 | rho_floor_count = 0 | zero_pressure_count = 981
Frame 260 | max_source_penetration = 0.000 | max_receiver_penetration = 0.000 | below_source_bottom_count = 0 | below_receiver_bottom_count = 0 | inside_source_wall_count = 6 | inside_receiver_wall_count = 8
FrameTiming 261 53.477
FrameTiming 262 53.618
FrameTiming 263 53.561
FrameTiming 264 52.127
FrameTiming 265 52.335
FrameTiming 266 53.947
FrameTiming 267 53.383
FrameTiming 268 53.422
FrameTiming 269 54.571
FrameTiming 270 53.079
FrameTiming 271 52.849
FrameTiming 272 53.786
FrameTiming 273 52.731
FrameTiming 274 52.964
FrameTiming 275 54.376
FrameTiming 276 53.103
FrameTiming 277 52.155
FrameTiming 278 55.152
FrameTiming 279 53.938
FrameTiming 280 53.052
Frame 280 | rho: [95.607, 1361.854] avg=764.127 | p: [0.000, 692781.562] | speed avg=0.748 max=1.397
Frame 280 fluid stats | fluid_count = 1248 | rho = [95.607, 1361.854] avg = 764.127 | p = [0.000, 692781.562] avg = 92420.695 | speed = [0.066, 1.397] avg = 0.748 | rho_floor_count = 0 | zero_pressure_count = 748
Frame 280 | max_source_penetration = 0.000 | max_receiver_penetration = 0.000 | below_source_bottom_count = 0 | below_receiver_bottom_count = 0 | inside_source_wall_count = 9 | inside_receiver_wall_count = 8
FrameTiming 281 53.594
FrameTiming 282 52.794
FrameTiming 283 53.261
FrameTiming 284 53.254
FrameTiming 285 52.444
FrameTiming 286 53.095
FrameTiming 287 53.615
FrameTiming 288 53.055
FrameTiming 289 52.767
FrameTiming 290 52.951
FrameTiming 291 55.409
FrameTiming 292 57.560
FrameTiming 293 53.890
FrameTiming 294 53.772
FrameTiming 295 54.540
FrameTiming 296 54.729
FrameTiming 297 53.328
FrameTiming 298 53.431
FrameTiming 299 53.801
FrameTiming 300 54.107
Frame 300 | rho: [135.424, 1268.901] avg=828.554 | p: [0.000, 553351.312] | speed avg=0.500 max=1.354
Frame 300 fluid stats | fluid_count = 1248 | rho = [135.424, 1268.901] avg = 828.554 | p = [0.000, 553351.312] avg = 114291.180 | speed = [0.020, 1.354] avg = 0.500 | rho_floor_count = 0 | zero_pressure_count = 572
Frame 300 | max_source_penetration = 0.000 | max_receiver_penetration = 0.000 | below_source_bottom_count = 0 | below_receiver_bottom_count = 0 | inside_source_wall_count = 2 | inside_receiver_wall_count = 3
FrameTiming 301 53.199
FrameTiming 302 54.256
FrameTiming 303 55.146
FrameTiming 304 56.173
FrameTiming 305 54.973
FrameTiming 306 53.263
FrameTiming 307 56.241
FrameTiming 308 57.439
FrameTiming 309 53.512
FrameTiming 310 53.541
FrameTiming 311 54.528
FrameTiming 312 55.742
FrameTiming 313 53.456
FrameTiming 314 54.478
FrameTiming 315 53.885
FrameTiming 316 53.914
FrameTiming 317 54.588
FrameTiming 318 52.736
FrameTiming 319 50.218
FrameTiming 320 50.498
Frame 320 | rho: [113.177, 1366.482] avg=925.332 | p: [0.000, 699723.250] | speed avg=0.310 max=1.348
Frame 320 fluid stats | fluid_count = 1248 | rho = [113.177, 1366.482] avg = 925.332 | p = [0.000, 699723.250] avg = 182122.969 | speed = [0.007, 1.348] avg = 0.310 | rho_floor_count = 0 | zero_pressure_count = 388
Frame 320 | max_source_penetration = 0.000 | max_receiver_penetration = 0.000 | below_source_bottom_count = 0 | below_receiver_bottom_count = 0 | inside_source_wall_count = 0 | inside_receiver_wall_count = 6
FrameTiming 321 49.064
FrameTiming 322 49.401
FrameTiming 323 49.863
FrameTiming 324 49.762
FrameTiming 325 49.787
FrameTiming 326 49.185
FrameTiming 327 49.981
FrameTiming 328 50.135
FrameTiming 329 50.659
FrameTiming 330 49.651
FrameTiming 331 49.570
FrameTiming 332 49.729
FrameTiming 333 49.827
FrameTiming 334 49.068
FrameTiming 335 50.566
FrameTiming 336 49.972
FrameTiming 337 48.957
FrameTiming 338 47.882
FrameTiming 339 48.230
FrameTiming 340 51.361
Frame 340 | rho: [96.399, 1228.855] avg=948.252 | p: [0.000, 493283.031] | speed avg=0.180 max=1.336
Frame 340 fluid stats | fluid_count = 1248 | rho = [96.399, 1228.855] avg = 948.252 | p = [0.000, 493283.031] avg = 148865.609 | speed = [0.010, 1.336] avg = 0.180 | rho_floor_count = 0 | zero_pressure_count = 363
Frame 340 | max_source_penetration = 0.000 | max_receiver_penetration = 0.000 | below_source_bottom_count = 0 | below_receiver_bottom_count = 0 | inside_source_wall_count = 0 | inside_receiver_wall_count = 1
FrameTiming 341 52.910
FrameTiming 342 50.122
FrameTiming 343 50.063
FrameTiming 344 49.975
FrameTiming 345 50.417
FrameTiming 346 49.373
FrameTiming 347 50.273
FrameTiming 348 49.542
FrameTiming 349 49.888
FrameTiming 350 49.552
FrameTiming 351 49.892
FrameTiming 352 50.289
FrameTiming 353 51.371
FrameTiming 354 50.825
FrameTiming 355 48.176
FrameTiming 356 48.671
FrameTiming 357 50.239
FrameTiming 358 49.877
FrameTiming 359 49.774
FrameTiming 360 48.638
Frame 360 | rho: [597.722, 1230.598] avg=991.747 | p: [0.000, 495896.844] | speed avg=0.111 max=0.522
Frame 360 fluid stats | fluid_count = 1248 | rho = [597.722, 1230.598] avg = 991.747 | p = [0.000, 495896.844] avg = 167514.469 | speed = [0.006, 0.522] avg = 0.111 | rho_floor_count = 0 | zero_pressure_count = 317
Frame 360 | max_source_penetration = 0.000 | max_receiver_penetration = 0.000 | below_source_bottom_count = 0 | below_receiver_bottom_count = 0 | inside_source_wall_count = 0 | inside_receiver_wall_count = 6
FrameTiming 361 50.034
FrameTiming 362 50.562
FrameTiming 363 49.845
FrameTiming 364 50.524
FrameTiming 365 50.101
FrameTiming 366 50.547
FrameTiming 367 50.511
FrameTiming 368 49.552
FrameTiming 369 49.927
FrameTiming 370 50.232
FrameTiming 371 50.637
FrameTiming 372 48.881
FrameTiming 373 49.058
FrameTiming 374 49.604
FrameTiming 375 50.379
FrameTiming 376 50.482
FrameTiming 377 49.250
FrameTiming 378 50.046
FrameTiming 379 50.152
FrameTiming 380 50.021
Frame 380 | rho: [645.386, 1203.144] avg=991.894 | p: [0.000, 454716.438] | speed avg=0.088 max=0.343
Frame 380 fluid stats | fluid_count = 1248 | rho = [645.386, 1203.144] avg = 991.894 | p = [0.000, 454716.438] avg = 163137.797 | speed = [0.009, 0.343] avg = 0.088 | rho_floor_count = 0 | zero_pressure_count = 308
Frame 380 | max_source_penetration = 0.000 | max_receiver_penetration = 0.000 | below_source_bottom_count = 0 | below_receiver_bottom_count = 0 | inside_source_wall_count = 0 | inside_receiver_wall_count = 5
FrameTiming 381 50.340
FrameTiming 382 50.286
FrameTiming 383 51.917
FrameTiming 384 50.223
FrameTiming 385 49.440
FrameTiming 386 49.841
FrameTiming 387 50.340
FrameTiming 388 50.254
FrameTiming 389 51.149
FrameTiming 390 50.424
FrameTiming 391 49.874
FrameTiming 392 50.840
FrameTiming 393 50.123
FrameTiming 394 51.184
FrameTiming 395 54.891
FrameTiming 396 50.555
FrameTiming 397 49.910
FrameTiming 398 50.005
FrameTiming 399 49.227
FrameTiming 400 50.518
Frame 400 | rho: [651.225, 1159.424] avg=986.412 | p: [0.000, 389136.469] | speed avg=0.079 max=0.379
Frame 400 fluid stats | fluid_count = 1248 | rho = [651.225, 1159.424] avg = 986.412 | p = [0.000, 389136.469] avg = 150381.578 | speed = [0.006, 0.379] avg = 0.079 | rho_floor_count = 0 | zero_pressure_count = 311
Frame 400 | max_source_penetration = 0.000 | max_receiver_penetration = 0.000 | below_source_bottom_count = 0 | below_receiver_bottom_count = 0 | inside_source_wall_count = 0 | inside_receiver_wall_count = 5
FrameTiming 401 49.352
FrameTiming 402 50.082
FrameTiming 403 50.074
FrameTiming 404 49.619
FrameTiming 405 50.390
FrameTiming 406 49.990
FrameTiming 407 49.613
FrameTiming 408 50.086
FrameTiming 409 51.950
FrameTiming 410 50.014
FrameTiming 411 49.255
FrameTiming 412 49.599
FrameTiming 413 50.306
FrameTiming 414 50.450
FrameTiming 415 50.415
FrameTiming 416 50.883
FrameTiming 417 50.642
FrameTiming 418 49.902
FrameTiming 419 49.380
FrameTiming 420 50.184
Frame 420 | rho: [705.987, 1190.014] avg=1004.676 | p: [0.000, 435020.688] | speed avg=0.064 max=0.343
Frame 420 fluid stats | fluid_count = 1248 | rho = [705.987, 1190.014] avg = 1004.676 | p = [0.000, 435020.688] avg = 171416.359 | speed = [0.003, 0.343] avg = 0.064 | rho_floor_count = 0 | zero_pressure_count = 259
Frame 420 | max_source_penetration = 0.000 | max_receiver_penetration = 0.000 | below_source_bottom_count = 0 | below_receiver_bottom_count = 0 | inside_source_wall_count = 0 | inside_receiver_wall_count = 11
FrameTiming 421 49.270
FrameTiming 422 50.462
FrameTiming 423 50.221
FrameTiming 424 50.418
FrameTiming 425 49.835
FrameTiming 426 49.762
FrameTiming 427 49.461
FrameTiming 428 50.124
FrameTiming 429 49.502
FrameTiming 430 49.724
FrameTiming 431 50.885
FrameTiming 432 50.071
FrameTiming 433 49.940
FrameTiming 434 49.578
FrameTiming 435 49.852
FrameTiming 436 50.244
FrameTiming 437 50.051
FrameTiming 438 50.822
FrameTiming 439 49.700
FrameTiming 440 50.153
Frame 440 | rho: [674.176, 1154.950] avg=993.796 | p: [0.000, 382425.281] | speed avg=0.055 max=0.414
Frame 440 fluid stats | fluid_count = 1248 | rho = [674.176, 1154.950] avg = 993.796 | p = [0.000, 382425.281] avg = 158424.594 | speed = [0.003, 0.414] avg = 0.055 | rho_floor_count = 0 | zero_pressure_count = 243
Frame 440 | max_source_penetration = 0.000 | max_receiver_penetration = 0.000 | below_source_bottom_count = 0 | below_receiver_bottom_count = 0 | inside_source_wall_count = 0 | inside_receiver_wall_count = 6
FrameTiming 441 49.145
FrameTiming 442 50.463
FrameTiming 443 52.153
FrameTiming 444 49.966
FrameTiming 445 48.422
FrameTiming 446 48.882
FrameTiming 447 50.299
FrameTiming 448 49.768
FrameTiming 449 50.114
FrameTiming 450 49.312
FrameTiming 451 50.139
FrameTiming 452 49.088
FrameTiming 453 49.407
FrameTiming 454 49.805
FrameTiming 455 50.121
FrameTiming 456 49.624
FrameTiming 457 48.535
FrameTiming 458 49.354
FrameTiming 459 49.897
FrameTiming 460 50.589
Frame 460 | rho: [715.428, 1185.101] avg=997.941 | p: [0.000, 427652.156] | speed avg=0.058 max=0.325
Frame 460 fluid stats | fluid_count = 1248 | rho = [715.428, 1185.101] avg = 997.941 | p = [0.000, 427652.156] avg = 162193.562 | speed = [0.004, 0.325] avg = 0.058 | rho_floor_count = 0 | zero_pressure_count = 226
Frame 460 | max_source_penetration = 0.000 | max_receiver_penetration = 0.000 | below_source_bottom_count = 0 | below_receiver_bottom_count = 0 | inside_source_wall_count = 0 | inside_receiver_wall_count = 8
FrameTiming 461 49.322
FrameTiming 462 49.584
FrameTiming 463 49.760
FrameTiming 464 50.199
FrameTiming 465 49.916
FrameTiming 466 49.618
FrameTiming 467 49.669
FrameTiming 468 50.180
FrameTiming 469 49.266
FrameTiming 470 50.138
FrameTiming 471 49.707
FrameTiming 472 50.925
FrameTiming 473 50.595
FrameTiming 474 49.368
FrameTiming 475 50.137
FrameTiming 476 49.867
FrameTiming 477 49.346
FrameTiming 478 50.030
FrameTiming 479 51.222
FrameTiming 480 49.948
Frame 480 | rho: [671.360, 1172.594] avg=998.213 | p: [0.000, 408890.812] | speed avg=0.058 max=0.371
Frame 480 fluid stats | fluid_count = 1248 | rho = [671.360, 1172.594] avg = 998.213 | p = [0.000, 408890.812] avg = 162478.828 | speed = [0.003, 0.371] avg = 0.058 | rho_floor_count = 0 | zero_pressure_count = 203
Frame 480 | max_source_penetration = 0.000 | max_receiver_penetration = 0.000 | below_source_bottom_count = 0 | below_receiver_bottom_count = 0 | inside_source_wall_count = 0 | inside_receiver_wall_count = 8
FrameTiming 481 51.000
FrameTiming 482 50.564
FrameTiming 483 48.949
FrameTiming 484 49.764
FrameTiming 485 50.239
FrameTiming 486 49.565
FrameTiming 487 49.894
FrameTiming 488 50.418
FrameTiming 489 49.863
FrameTiming 490 48.250
FrameTiming 491 49.609
FrameTiming 492 50.207
FrameTiming 493 50.521
FrameTiming 494 51.177
FrameTiming 495 49.578
FrameTiming 496 50.129
FrameTiming 497 50.213
FrameTiming 498 49.843
FrameTiming 499 50.255
FrameTiming 500 50.289
Frame 500 | rho: [706.882, 1143.226] avg=994.508 | p: [0.000, 364838.750] | speed avg=0.055 max=0.351
Frame 500 fluid stats | fluid_count = 1248 | rho = [706.882, 1143.226] avg = 994.508 | p = [0.000, 364838.750] avg = 157463.688 | speed = [0.003, 0.351] avg = 0.055 | rho_floor_count = 0 | zero_pressure_count = 225
Frame 500 | max_source_penetration = 0.000 | max_receiver_penetration = 0.000 | below_source_bottom_count = 0 | below_receiver_bottom_count = 0 | inside_source_wall_count = 0 | inside_receiver_wall_count = 7
FrameTiming 501 50.558
FrameTiming 502 50.044
FrameTiming 503 50.421
FrameTiming 504 49.589
FrameTiming 505 50.315
FrameTiming 506 50.461
FrameTiming 507 49.831
FrameTiming 508 49.857
FrameTiming 509 50.442
FrameTiming 510 50.410
FrameTiming 511 48.082
FrameTiming 512 49.450
FrameTiming 513 50.140
FrameTiming 514 50.515
FrameTiming 515 50.779
FrameTiming 516 50.559
FrameTiming 517 50.068
FrameTiming 518 50.032
FrameTiming 519 50.061
FrameTiming 520 49.613
Frame 520 | rho: [670.547, 1141.737] avg=997.512 | p: [0.000, 362604.844] | speed avg=0.051 max=0.334
Frame 520 fluid stats | fluid_count = 1248 | rho = [670.547, 1141.737] avg = 997.512 | p = [0.000, 362604.844] avg = 162488.750 | speed = [0.001, 0.334] avg = 0.051 | rho_floor_count = 0 | zero_pressure_count = 218
Frame 520 | max_source_penetration = 0.000 | max_receiver_penetration = 0.000 | below_source_bottom_count = 0 | below_receiver_bottom_count = 0 | inside_source_wall_count = 0 | inside_receiver_wall_count = 6
FrameTiming 521 50.585
FrameTiming 522 50.434
FrameTiming 523 49.117
FrameTiming 524 49.658
FrameTiming 525 49.675
FrameTiming 526 49.721
FrameTiming 527 50.447
FrameTiming 528 49.403
FrameTiming 529 50.000
FrameTiming 530 50.423
FrameTiming 531 50.676
FrameTiming 532 50.636
FrameTiming 533 49.754
FrameTiming 534 50.673
FrameTiming 535 49.308
FrameTiming 536 49.374
FrameTiming 537 49.818
FrameTiming 538 52.245
FrameTiming 539 50.497
FrameTiming 540 49.432
Frame 540 | rho: [652.193, 1149.917] avg=999.047 | p: [0.000, 374875.844] | speed avg=0.054 max=0.347
Frame 540 fluid stats | fluid_count = 1248 | rho = [652.193, 1149.917] avg = 999.047 | p = [0.000, 374875.844] avg = 162378.578 | speed = [0.003, 0.347] avg = 0.054 | rho_floor_count = 0 | zero_pressure_count = 201
Frame 540 | max_source_penetration = 0.000 | max_receiver_penetration = 0.000 | below_source_bottom_count = 0 | below_receiver_bottom_count = 0 | inside_source_wall_count = 0 | inside_receiver_wall_count = 10
FrameTiming 541 49.815
FrameTiming 542 49.927
FrameTiming 543 50.052
FrameTiming 544 49.726
FrameTiming 545 49.696
FrameTiming 546 49.297
FrameTiming 547 49.284
FrameTiming 548 50.520
FrameTiming 549 49.947
FrameTiming 550 50.358
FrameTiming 551 49.397
FrameTiming 552 48.419
FrameTiming 553 48.492
FrameTiming 554 49.058
FrameTiming 555 51.880
FrameTiming 556 53.694
FrameTiming 557 50.398
FrameTiming 558 49.701
FrameTiming 559 50.639
FrameTiming 560 50.489
Frame 560 | rho: [664.899, 1152.209] avg=991.804 | p: [0.000, 378313.656] | speed avg=0.052 max=0.341
Frame 560 fluid stats | fluid_count = 1248 | rho = [664.899, 1152.209] avg = 991.804 | p = [0.000, 378313.656] avg = 154457.031 | speed = [0.001, 0.341] avg = 0.052 | rho_floor_count = 0 | zero_pressure_count = 230
Frame 560 | max_source_penetration = 0.000 | max_receiver_penetration = 0.000 | below_source_bottom_count = 0 | below_receiver_bottom_count = 0 | inside_source_wall_count = 0 | inside_receiver_wall_count = 6
FrameTiming 561 50.310
FrameTiming 562 49.461
FrameTiming 563 49.843
FrameTiming 564 49.746
FrameTiming 565 50.525
FrameTiming 566 49.851
FrameTiming 567 50.094
FrameTiming 568 49.913
FrameTiming 569 49.586
FrameTiming 570 50.148
FrameTiming 571 50.469
FrameTiming 572 50.178
FrameTiming 573 50.722
FrameTiming 574 49.714
FrameTiming 575 49.922
FrameTiming 576 50.433
FrameTiming 577 50.052
FrameTiming 578 50.431
FrameTiming 579 50.162
FrameTiming 580 49.767
Frame 580 | rho: [643.996, 1162.518] avg=997.520 | p: [0.000, 393777.281] | speed avg=0.054 max=0.318
Frame 580 fluid stats | fluid_count = 1248 | rho = [643.996, 1162.518] avg = 997.520 | p = [0.000, 393777.281] avg = 161399.797 | speed = [0.001, 0.318] avg = 0.054 | rho_floor_count = 0 | zero_pressure_count = 221
Frame 580 | max_source_penetration = 0.000 | max_receiver_penetration = 0.000 | below_source_bottom_count = 0 | below_receiver_bottom_count = 0 | inside_source_wall_count = 0 | inside_receiver_wall_count = 9
FrameTiming 581 51.181
FrameTiming 582 49.874
FrameTiming 583 50.193
FrameTiming 584 53.391
FrameTiming 585 50.978
FrameTiming 586 49.493
FrameTiming 587 49.981
FrameTiming 588 49.722
FrameTiming 589 49.833
FrameTiming 590 47.849
FrameTiming 591 50.401
FrameTiming 592 49.175
FrameTiming 593 49.420
FrameTiming 594 50.321
FrameTiming 595 51.327
FrameTiming 596 50.900
FrameTiming 597 50.617
FrameTiming 598 50.506
FrameTiming 599 49.165
FrameTiming 600 49.667
Frame 600 | rho: [697.040, 1153.659] avg=1000.269 | p: [0.000, 380488.406] | speed avg=0.053 max=0.341
Frame 600 fluid stats | fluid_count = 1248 | rho = [697.040, 1153.659] avg = 1000.269 | p = [0.000, 380488.406] avg = 164298.156 | speed = [0.002, 0.341] avg = 0.053 | rho_floor_count = 0 | zero_pressure_count = 212
Frame 600 | max_source_penetration = 0.000 | max_receiver_penetration = 0.000 | below_source_bottom_count = 0 | below_receiver_bottom_count = 0 | inside_source_wall_count = 0 | inside_receiver_wall_count = 9
FrameTiming 601 49.863
FrameTiming 602 50.413
FrameTiming 603 50.068
FrameTiming 604 50.007
FrameTiming 605 49.986
FrameTiming 606 49.642
FrameTiming 607 49.930
FrameTiming 608 49.691
FrameTiming 609 48.558
FrameTiming 610 49.028
FrameTiming 611 50.193
FrameTiming 612 50.286
FrameTiming 613 50.042
FrameTiming 614 48.681
FrameTiming 615 50.394
FrameTiming 616 49.281
FrameTiming 617 48.334
FrameTiming 618 49.648
FrameTiming 619 53.950
FrameTiming 620 50.878
Frame 620 | rho: [669.845, 1153.102] avg=995.582 | p: [0.000, 379653.438] | speed avg=0.052 max=0.297
Frame 620 fluid stats | fluid_count = 1248 | rho = [669.845, 1153.102] avg = 995.582 | p = [0.000, 379653.438] avg = 160255.500 | speed = [0.001, 0.297] avg = 0.052 | rho_floor_count = 0 | zero_pressure_count = 220
Frame 620 | max_source_penetration = 0.000 | max_receiver_penetration = 0.000 | below_source_bottom_count = 0 | below_receiver_bottom_count = 0 | inside_source_wall_count = 0 | inside_receiver_wall_count = 6
FrameTiming 621 49.592
FrameTiming 622 50.062
FrameTiming 623 50.307
FrameTiming 624 49.925
FrameTiming 625 49.603
FrameTiming 626 49.695
FrameTiming 627 50.212
FrameTiming 628 50.206
FrameTiming 629 50.225
FrameTiming 630 50.945
FrameTiming 631 50.033
FrameTiming 632 50.160
FrameTiming 633 48.829
FrameTiming 634 49.977
FrameTiming 635 50.734
FrameTiming 636 50.751
FrameTiming 637 50.477
FrameTiming 638 48.569
FrameTiming 639 49.285
FrameTiming 640 49.818
Frame 640 | rho: [716.383, 1201.342] avg=999.341 | p: [0.000, 452012.688] | speed avg=0.052 max=0.329
Frame 640 fluid stats | fluid_count = 1248 | rho = [716.383, 1201.342] avg = 999.341 | p = [0.000, 452012.688] avg = 163258.391 | speed = [0.001, 0.329] avg = 0.052 | rho_floor_count = 0 | zero_pressure_count = 211
Frame 640 | max_source_penetration = 0.000 | max_receiver_penetration = 0.000 | below_source_bottom_count = 0 | below_receiver_bottom_count = 0 | inside_source_wall_count = 0 | inside_receiver_wall_count = 9
FrameTiming 641 49.985
FrameTiming 642 50.426
FrameTiming 643 49.498
FrameTiming 644 50.273
FrameTiming 645 50.622
FrameTiming 646 50.362
FrameTiming 647 50.176
FrameTiming 648 50.282
FrameTiming 649 50.105
FrameTiming 650 49.222
FrameTiming 651 49.939
FrameTiming 652 49.535
FrameTiming 653 50.236
FrameTiming 654 50.390
FrameTiming 655 48.582
FrameTiming 656 49.010
FrameTiming 657 50.514
FrameTiming 658 49.893
FrameTiming 659 49.700
FrameTiming 660 48.910
Frame 660 | rho: [650.521, 1154.092] avg=994.233 | p: [0.000, 381137.875] | speed avg=0.052 max=0.338
Frame 660 fluid stats | fluid_count = 1248 | rho = [650.521, 1154.092] avg = 994.233 | p = [0.000, 381137.875] avg = 157074.203 | speed = [0.003, 0.338] avg = 0.052 | rho_floor_count = 0 | zero_pressure_count = 242
Frame 660 | max_source_penetration = 0.000 | max_receiver_penetration = 0.000 | below_source_bottom_count = 0 | below_receiver_bottom_count = 0 | inside_source_wall_count = 0 | inside_receiver_wall_count = 9
FrameTiming 661 50.129
FrameTiming 662 50.196
FrameTiming 663 49.624
FrameTiming 664 49.708
FrameTiming 665 50.374
FrameTiming 666 50.337
FrameTiming 667 49.523
FrameTiming 668 49.922
FrameTiming 669 50.010
FrameTiming 670 50.800
FrameTiming 671 50.035
FrameTiming 672 49.356
FrameTiming 673 49.450
FrameTiming 674 49.760
FrameTiming 675 49.377
FrameTiming 676 50.267
FrameTiming 677 50.071
FrameTiming 678 49.936
FrameTiming 679 50.491
FrameTiming 680 49.439
Frame 680 | rho: [659.544, 1163.758] avg=994.740 | p: [0.000, 395636.344] | speed avg=0.051 max=0.361
Frame 680 fluid stats | fluid_count = 1248 | rho = [659.544, 1163.758] avg = 994.740 | p = [0.000, 395636.344] avg = 158672.750 | speed = [0.001, 0.361] avg = 0.051 | rho_floor_count = 0 | zero_pressure_count = 219
Frame 680 | max_source_penetration = 0.000 | max_receiver_penetration = 0.000 | below_source_bottom_count = 0 | below_receiver_bottom_count = 0 | inside_source_wall_count = 0 | inside_receiver_wall_count = 7
FrameTiming 681 49.073
FrameTiming 682 49.838
FrameTiming 683 51.685
FrameTiming 684 51.522
FrameTiming 685 49.841
FrameTiming 686 49.612
FrameTiming 687 49.830
FrameTiming 688 49.443
FrameTiming 689 49.828
FrameTiming 690 50.341
FrameTiming 691 51.130
FrameTiming 692 49.964
FrameTiming 693 50.214
FrameTiming 694 49.587
FrameTiming 695 49.807
FrameTiming 696 49.972
FrameTiming 697 50.067
FrameTiming 698 50.838
FrameTiming 699 50.430
FrameTiming 700 49.861
Frame 700 | rho: [691.516, 1147.361] avg=999.956 | p: [0.000, 371042.000] | speed avg=0.051 max=0.314
Frame 700 fluid stats | fluid_count = 1248 | rho = [691.516, 1147.361] avg = 999.956 | p = [0.000, 371042.000] avg = 164208.031 | speed = [0.002, 0.314] avg = 0.051 | rho_floor_count = 0 | zero_pressure_count = 218
Frame 700 | max_source_penetration = 0.000 | max_receiver_penetration = 0.000 | below_source_bottom_count = 0 | below_receiver_bottom_count = 0 | inside_source_wall_count = 0 | inside_receiver_wall_count = 9
FrameTiming 701 50.591
FrameTiming 702 49.291
FrameTiming 703 52.146
FrameTiming 704 50.763
FrameTiming 705 49.451
FrameTiming 706 50.391
FrameTiming 707 49.766
FrameTiming 708 52.934
FrameTiming 709 50.821
FrameTiming 710 50.227
FrameTiming 711 50.696
FrameTiming 712 49.033
FrameTiming 713 48.756
FrameTiming 714 49.367
FrameTiming 715 49.607
FrameTiming 716 49.673
FrameTiming 717 50.662
FrameTiming 718 50.482
FrameTiming 719 49.522
FrameTiming 720 49.303
Frame 720 | rho: [654.727, 1179.021] avg=997.432 | p: [0.000, 418531.125] | speed avg=0.051 max=0.380
Frame 720 fluid stats | fluid_count = 1248 | rho = [654.727, 1179.021] avg = 997.432 | p = [0.000, 418531.125] avg = 161139.969 | speed = [0.001, 0.380] avg = 0.051 | rho_floor_count = 0 | zero_pressure_count = 222
Frame 720 | max_source_penetration = 0.000 | max_receiver_penetration = 0.000 | below_source_bottom_count = 0 | below_receiver_bottom_count = 0 | inside_source_wall_count = 0 | inside_receiver_wall_count = 6
FrameTiming 721 50.479
FrameTiming 722 50.399
FrameTiming 723 49.349
FrameTiming 724 49.697
FrameTiming 725 50.659
FrameTiming 726 50.512
FrameTiming 727 49.448
FrameTiming 728 50.369
FrameTiming 729 51.900
FrameTiming 730 49.575
FrameTiming 731 50.783
FrameTiming 732 50.615
FrameTiming 733 49.942
FrameTiming 734 49.970
FrameTiming 735 50.630
FrameTiming 736 49.927
FrameTiming 737 49.920
FrameTiming 738 49.757
FrameTiming 739 50.406
FrameTiming 740 50.616
Frame 740 | rho: [647.382, 1194.290] avg=990.726 | p: [0.000, 441434.312] | speed avg=0.053 max=0.362
Frame 740 fluid stats | fluid_count = 1248 | rho = [647.382, 1194.290] avg = 990.726 | p = [0.000, 441434.312] avg = 152786.719 | speed = [0.001, 0.362] avg = 0.053 | rho_floor_count = 0 | zero_pressure_count = 233
Frame 740 | max_source_penetration = 0.000 | max_receiver_penetration = 0.000 | below_source_bottom_count = 0 | below_receiver_bottom_count = 0 | inside_source_wall_count = 0 | inside_receiver_wall_count = 7
FrameTiming 741 49.337
FrameTiming 742 50.081
FrameTiming 743 50.148
FrameTiming 744 50.570
FrameTiming 745 50.137
FrameTiming 746 50.633
FrameTiming 747 50.611
FrameTiming 748 50.315
FrameTiming 749 50.785
FrameTiming 750 49.653
FrameTiming 751 50.588
FrameTiming 752 49.795
FrameTiming 753 49.978
FrameTiming 754 49.711
FrameTiming 755 50.345
FrameTiming 756 50.830
FrameTiming 757 50.854
FrameTiming 758 49.271
FrameTiming 759 49.919
FrameTiming 760 50.455
Frame 760 | rho: [647.452, 1160.298] avg=996.223 | p: [0.000, 390447.312] | speed avg=0.053 max=0.336
Frame 760 fluid stats | fluid_count = 1248 | rho = [647.452, 1160.298] avg = 996.223 | p = [0.000, 390447.312] avg = 160263.469 | speed = [0.002, 0.336] avg = 0.053 | rho_floor_count = 0 | zero_pressure_count = 220
Frame 760 | max_source_penetration = 0.000 | max_receiver_penetration = 0.000 | below_source_bottom_count = 0 | below_receiver_bottom_count = 0 | inside_source_wall_count = 0 | inside_receiver_wall_count = 5
FrameTiming 761 50.211
FrameTiming 762 49.321
FrameTiming 763 49.897
FrameTiming 764 49.829
FrameTiming 765 49.148
FrameTiming 766 49.293
FrameTiming 767 50.349
FrameTiming 768 51.432
FrameTiming 769 50.332
FrameTiming 770 49.946
FrameTiming 771 53.862
FrameTiming 772 50.403
FrameTiming 773 50.109
FrameTiming 774 49.665
FrameTiming 775 49.498
FrameTiming 776 49.739
FrameTiming 777 49.906
FrameTiming 778 50.843
FrameTiming 779 50.360
FrameTiming 780 49.495
Frame 780 | rho: [680.341, 1161.938] avg=998.568 | p: [0.000, 392906.625] | speed avg=0.052 max=0.355
Frame 780 fluid stats | fluid_count = 1248 | rho = [680.341, 1161.938] avg = 998.568 | p = [0.000, 392906.625] avg = 161283.672 | speed = [0.001, 0.355] avg = 0.052 | rho_floor_count = 0 | zero_pressure_count = 215
Frame 780 | max_source_penetration = 0.000 | max_receiver_penetration = 0.000 | below_source_bottom_count = 0 | below_receiver_bottom_count = 0 | inside_source_wall_count = 0 | inside_receiver_wall_count = 12
FrameTiming 781 50.131
FrameTiming 782 49.923
FrameTiming 783 49.692
FrameTiming 784 50.211
FrameTiming 785 50.231
FrameTiming 786 50.262
FrameTiming 787 49.820
FrameTiming 788 49.061
FrameTiming 789 50.071
FrameTiming 790 49.717
FrameTiming 791 49.429
FrameTiming 792 50.031
FrameTiming 793 50.087
FrameTiming 794 50.522
FrameTiming 795 50.968
FrameTiming 796 48.312
FrameTiming 797 48.944
FrameTiming 798 49.598
FrameTiming 799 48.791
FrameTiming 800 51.531
Frame 800 | rho: [677.185, 1157.161] avg=991.793 | p: [0.000, 385741.688] | speed avg=0.053 max=0.354
Frame 800 fluid stats | fluid_count = 1248 | rho = [677.185, 1157.161] avg = 991.793 | p = [0.000, 385741.688] avg = 153941.797 | speed = [0.002, 0.354] avg = 0.053 | rho_floor_count = 0 | zero_pressure_count = 233
Frame 800 | max_source_penetration = 0.000 | max_receiver_penetration = 0.000 | below_source_bottom_count = 0 | below_receiver_bottom_count = 0 | inside_source_wall_count = 0 | inside_receiver_wall_count = 4
FrameTiming 801 50.032
FrameTiming 802 52.214
FrameTiming 803 50.866
FrameTiming 804 48.885
FrameTiming 805 49.981
FrameTiming 806 52.920
FrameTiming 807 50.629
FrameTiming 808 48.358
FrameTiming 809 50.175
FrameTiming 810 50.271
FrameTiming 811 50.660
FrameTiming 812 50.073
FrameTiming 813 48.834
FrameTiming 814 48.875
FrameTiming 815 49.523
FrameTiming 816 50.336
FrameTiming 817 50.705
FrameTiming 818 49.496
FrameTiming 819 50.042
FrameTiming 820 49.909
Frame 820 | rho: [712.607, 1144.437] avg=998.811 | p: [0.000, 366655.344] | speed avg=0.057 max=0.321
Frame 820 fluid stats | fluid_count = 1248 | rho = [712.607, 1144.437] avg = 998.811 | p = [0.000, 366655.344] avg = 163130.156 | speed = [0.002, 0.321] avg = 0.057 | rho_floor_count = 0 | zero_pressure_count = 226
Frame 820 | max_source_penetration = 0.000 | max_receiver_penetration = 0.000 | below_source_bottom_count = 0 | below_receiver_bottom_count = 0 | inside_source_wall_count = 0 | inside_receiver_wall_count = 7
FrameTiming 821 50.117
FrameTiming 822 49.774
FrameTiming 823 48.858
FrameTiming 824 49.841
FrameTiming 825 48.632
FrameTiming 826 48.828
FrameTiming 827 50.821
FrameTiming 828 50.891
FrameTiming 829 50.645
FrameTiming 830 49.240
FrameTiming 831 50.265
FrameTiming 832 50.297
FrameTiming 833 49.860
FrameTiming 834 49.707
FrameTiming 835 49.840
FrameTiming 836 50.443
FrameTiming 837 49.982
FrameTiming 838 49.590
FrameTiming 839 50.496
FrameTiming 840 49.493
Frame 840 | rho: [686.673, 1160.392] avg=996.627 | p: [0.000, 390587.406] | speed avg=0.057 max=0.425
Frame 840 fluid stats | fluid_count = 1248 | rho = [686.673, 1160.392] avg = 996.627 | p = [0.000, 390587.406] avg = 160220.000 | speed = [0.002, 0.425] avg = 0.057 | rho_floor_count = 0 | zero_pressure_count = 223
Frame 840 | max_source_penetration = 0.000 | max_receiver_penetration = 0.000 | below_source_bottom_count = 0 | below_receiver_bottom_count = 0 | inside_source_wall_count = 0 | inside_receiver_wall_count = 9
FrameTiming 841 49.186
FrameTiming 842 50.293
FrameTiming 843 50.265
FrameTiming 844 51.531
FrameTiming 845 51.405
FrameTiming 846 49.320
FrameTiming 847 48.880
FrameTiming 848 50.464
FrameTiming 849 52.431
FrameTiming 850 50.609
FrameTiming 851 50.376
FrameTiming 852 49.490
FrameTiming 853 50.422
FrameTiming 854 50.262
FrameTiming 855 50.641
FrameTiming 856 49.150
FrameTiming 857 48.784
FrameTiming 858 48.227
FrameTiming 859 51.572
FrameTiming 860 50.368
Frame 860 | rho: [681.891, 1161.576] avg=996.116 | p: [0.000, 392364.438] | speed avg=0.055 max=0.331
Frame 860 fluid stats | fluid_count = 1248 | rho = [681.891, 1161.576] avg = 996.116 | p = [0.000, 392364.438] avg = 159449.312 | speed = [0.001, 0.331] avg = 0.055 | rho_floor_count = 0 | zero_pressure_count = 234
Frame 860 | max_source_penetration = 0.000 | max_receiver_penetration = 0.000 | below_source_bottom_count = 0 | below_receiver_bottom_count = 0 | inside_source_wall_count = 0 | inside_receiver_wall_count = 6
FrameTiming 861 49.663
FrameTiming 862 51.854
FrameTiming 863 48.753
FrameTiming 864 48.862
FrameTiming 865 49.561
FrameTiming 866 50.031
FrameTiming 867 50.934
FrameTiming 868 48.932
FrameTiming 869 49.532
FrameTiming 870 51.707
FrameTiming 871 50.673
FrameTiming 872 50.258
FrameTiming 873 50.159
FrameTiming 874 49.757
FrameTiming 875 50.494
FrameTiming 876 49.916
FrameTiming 877 50.142
FrameTiming 878 52.172
FrameTiming 879 52.496
FrameTiming 880 49.212
Frame 880 | rho: [680.847, 1195.069] avg=1000.720 | p: [0.000, 442603.812] | speed avg=0.054 max=0.334
Frame 880 fluid stats | fluid_count = 1248 | rho = [680.847, 1195.069] avg = 1000.720 | p = [0.000, 442603.812] avg = 167143.016 | speed = [0.001, 0.334] avg = 0.054 | rho_floor_count = 0 | zero_pressure_count = 217
Frame 880 | max_source_penetration = 0.000 | max_receiver_penetration = 0.000 | below_source_bottom_count = 0 | below_receiver_bottom_count = 0 | inside_source_wall_count = 0 | inside_receiver_wall_count = 7
FrameTiming 881 48.779
FrameTiming 882 48.673
FrameTiming 883 50.137
FrameTiming 884 50.487
FrameTiming 885 48.731
FrameTiming 886 48.963
FrameTiming 887 50.440
FrameTiming 888 50.552
FrameTiming 889 49.703
FrameTiming 890 50.172
FrameTiming 891 50.099
FrameTiming 892 50.084
FrameTiming 893 51.407
FrameTiming 894 49.936
FrameTiming 895 50.119
FrameTiming 896 51.482
FrameTiming 897 49.917
FrameTiming 898 50.352
FrameTiming 899 50.241
FrameTiming 900 49.883
Frame 900 | rho: [637.651, 1165.169] avg=997.544 | p: [0.000, 397753.406] | speed avg=0.057 max=0.387
Frame 900 fluid stats | fluid_count = 1248 | rho = [637.651, 1165.169] avg = 997.544 | p = [0.000, 397753.406] avg = 161954.312 | speed = [0.003, 0.387] avg = 0.057 | rho_floor_count = 0 | zero_pressure_count = 193
Frame 900 | max_source_penetration = 0.000 | max_receiver_penetration = 0.000 | below_source_bottom_count = 0 | below_receiver_bottom_count = 0 | inside_source_wall_count = 0 | inside_receiver_wall_count = 6
FrameTiming 901 49.951
FrameTiming 902 48.380
FrameTiming 903 48.531
FrameTiming 904 48.622
FrameTiming 905 52.384
FrameTiming 906 51.073
FrameTiming 907 49.012
FrameTiming 908 49.293
FrameTiming 909 50.514
FrameTiming 910 51.715
FrameTiming 911 50.393
FrameTiming 912 50.377
FrameTiming 913 50.574
FrameTiming 914 50.472
FrameTiming 915 49.613
FrameTiming 916 50.948
FrameTiming 917 52.394
FrameTiming 918 50.753
FrameTiming 919 50.263
FrameTiming 920 49.812
Frame 920 | rho: [637.663, 1156.329] avg=997.872 | p: [0.000, 384493.844] | speed avg=0.055 max=0.405
Frame 920 fluid stats | fluid_count = 1248 | rho = [637.663, 1156.329] avg = 997.872 | p = [0.000, 384493.844] avg = 162517.453 | speed = [0.002, 0.405] avg = 0.055 | rho_floor_count = 0 | zero_pressure_count = 198
Frame 920 | max_source_penetration = 0.000 | max_receiver_penetration = 0.000 | below_source_bottom_count = 0 | below_receiver_bottom_count = 0 | inside_source_wall_count = 0 | inside_receiver_wall_count = 9
FrameTiming 921 49.860
FrameTiming 922 49.977
FrameTiming 923 49.904
FrameTiming 924 49.691
FrameTiming 925 48.244
FrameTiming 926 49.207
FrameTiming 927 50.060
FrameTiming 928 49.843
FrameTiming 929 50.209
FrameTiming 930 50.535
FrameTiming 931 49.899
FrameTiming 932 49.531
FrameTiming 933 48.659
FrameTiming 934 50.395
FrameTiming 935 50.900
FrameTiming 936 48.890
FrameTiming 937 49.427
FrameTiming 938 50.349
FrameTiming 939 50.042
FrameTiming 940 49.613
Frame 940 | rho: [710.686, 1164.924] avg=997.372 | p: [0.000, 397385.750] | speed avg=0.053 max=0.349
Frame 940 fluid stats | fluid_count = 1248 | rho = [710.686, 1164.924] avg = 997.372 | p = [0.000, 397385.750] avg = 161137.656 | speed = [0.002, 0.349] avg = 0.053 | rho_floor_count = 0 | zero_pressure_count = 206
Frame 940 | max_source_penetration = 0.000 | max_receiver_penetration = 0.000 | below_source_bottom_count = 0 | below_receiver_bottom_count = 0 | inside_source_wall_count = 0 | inside_receiver_wall_count = 10
FrameTiming 941 48.806
FrameTiming 942 49.558
FrameTiming 943 49.756
FrameTiming 944 50.101
FrameTiming 945 50.491
FrameTiming 946 49.912
FrameTiming 947 49.595
FrameTiming 948 48.588
FrameTiming 949 49.063
FrameTiming 950 51.038
FrameTiming 951 54.220
FrameTiming 952 52.631
FrameTiming 953 54.503
FrameTiming 954 50.313
FrameTiming 955 49.865
FrameTiming 956 50.087
FrameTiming 957 50.419
FrameTiming 958 49.173
FrameTiming 959 50.608
FrameTiming 960 50.533
Frame 960 | rho: [663.439, 1193.628] avg=992.761 | p: [0.000, 440442.625] | speed avg=0.054 max=0.382
Frame 960 fluid stats | fluid_count = 1248 | rho = [663.439, 1193.628] avg = 992.761 | p = [0.000, 440442.625] avg = 156110.562 | speed = [0.002, 0.382] avg = 0.054 | rho_floor_count = 0 | zero_pressure_count = 215
Frame 960 | max_source_penetration = 0.000 | max_receiver_penetration = 0.000 | below_source_bottom_count = 0 | below_receiver_bottom_count = 0 | inside_source_wall_count = 0 | inside_receiver_wall_count = 8
FrameTiming 961 49.466
FrameTiming 962 50.114
FrameTiming 963 50.156
FrameTiming 964 50.674
FrameTiming 965 49.187
FrameTiming 966 49.875
FrameTiming 967 49.607
FrameTiming 968 50.197
FrameTiming 969 50.399
FrameTiming 970 49.088
FrameTiming 971 48.943
FrameTiming 972 49.393
FrameTiming 973 49.902
FrameTiming 974 49.797
FrameTiming 975 49.999
FrameTiming 976 51.458
FrameTiming 977 52.254
FrameTiming 978 50.450
FrameTiming 979 49.204
FrameTiming 980 49.893
Frame 980 | rho: [696.070, 1142.298] avg=997.185 | p: [0.000, 363447.688] | speed avg=0.057 max=0.372
Frame 980 fluid stats | fluid_count = 1248 | rho = [696.070, 1142.298] avg = 997.185 | p = [0.000, 363447.688] avg = 161622.844 | speed = [0.001, 0.372] avg = 0.057 | rho_floor_count = 0 | zero_pressure_count = 211
Frame 980 | max_source_penetration = 0.000 | max_receiver_penetration = 0.000 | below_source_bottom_count = 0 | below_receiver_bottom_count = 0 | inside_source_wall_count = 0 | inside_receiver_wall_count = 8
FrameTiming 981 50.282
FrameTiming 982 49.869
FrameTiming 983 49.261
FrameTiming 984 48.428
FrameTiming 985 50.877
FrameTiming 986 51.044
FrameTiming 987 49.755
FrameTiming 988 51.878
FrameTiming 989 55.010
FrameTiming 990 50.666
FrameTiming 991 49.536
FrameTiming 992 49.779
FrameTiming 993 49.818
FrameTiming 994 50.681
FrameTiming 995 50.803
FrameTiming 996 49.957
FrameTiming 997 50.469
FrameTiming 998 49.410
FrameTiming 999 50.265
FrameTiming 1000 50.232
Frame 1000 | rho: [697.362, 1161.409] avg=1001.977 | p: [0.000, 392113.781] | speed avg=0.053 max=0.294
Frame 1000 fluid stats | fluid_count = 1248 | rho = [697.362, 1161.409] avg = 1001.977 | p = [0.000, 392113.781] avg = 167994.969 | speed = [0.003, 0.294] avg = 0.053 | rho_floor_count = 0 | zero_pressure_count = 217
Frame 1000 | max_source_penetration = 0.000 | max_receiver_penetration = 0.000 | below_source_bottom_count = 0 | below_receiver_bottom_count = 0 | inside_source_wall_count = 0 | inside_receiver_wall_count = 9
TimingSummary mode=gpu_neighbor_list total_ms=51134.296 avg_ms=51.134 min_ms=46.247 max_ms=57.797 boundary_rebuild_ms=2730.087 neighbor_build_ms=30341.378 density_ms=3482.279 force_ms=4246.954 integration_ms=10328.345 neighbor_rebuild_frequency=2 neighbor_rebuild_calls=10000
NeighborOverflowSummary fluid_particles=0 source_boundary_particles=0 receiver_boundary_particles=0
Done
