Generate the cup scene with target tilt = 120
Simulation mode = gpu_spatial_hash
Initial density stats | rho: [360.426, 905.274] avg = 767.757 | p: [0, 7910.43] avg = 93.6546
Frame 0 fluid stats | fluid_count = 1248 | rho = [360.426, 905.274] avg = 767.757 | p = [0, 7910.43] avg = 93.6546 | speed = [0, 0] avg = 0 | rho_floor_count = 0 | zero_pressure_count = 1206
Initial source cup check | fluid_count = 1248 | outside_count = 0
Fluid particles = 1248
Source compute boundary particles = 6111
Receiver compute boundary particles = 6225
Total compute boundary particles = 12336
Render boundary particles = 17824
FrameTiming 1 35.879
FrameTiming 2 35.874
FrameTiming 3 35.991
FrameTiming 4 36.219
FrameTiming 5 36.743
FrameTiming 6 36.467
FrameTiming 7 36.490
FrameTiming 8 36.361
FrameTiming 9 36.029
FrameTiming 10 36.769
FrameTiming 11 36.508
FrameTiming 12 36.240
FrameTiming 13 36.040
FrameTiming 14 36.044
FrameTiming 15 36.564
FrameTiming 16 36.686
FrameTiming 17 36.542
FrameTiming 18 36.562
FrameTiming 19 37.035
FrameTiming 20 36.866
Frame 20 | rho: [360.487, 1007.357] avg=795.667 | p: [0.000, 161035.953] | speed avg=0.645 max=0.647
Frame 20 fluid stats | fluid_count = 1248 | rho = [360.487, 1007.357] avg = 795.667 | p = [0.000, 161035.953] avg = 8176.461 | speed = [0.625, 0.647] avg = 0.645 | rho_floor_count = 0 | zero_pressure_count = 1126
Frame 20 | max_source_penetration = 0.000 | max_receiver_penetration = 0.000 | below_source_bottom_count = 0 | below_receiver_bottom_count = 0 | inside_source_wall_count = 0 | inside_receiver_wall_count = 0
FrameTiming 21 36.405
FrameTiming 22 37.397
FrameTiming 23 36.825
FrameTiming 24 36.857
FrameTiming 25 36.363
FrameTiming 26 35.683
FrameTiming 27 36.516
FrameTiming 28 36.322
FrameTiming 29 35.778
FrameTiming 30 34.695
FrameTiming 31 37.878
FrameTiming 32 39.640
FrameTiming 33 38.915
FrameTiming 34 38.193
FrameTiming 35 38.139
FrameTiming 36 38.294
FrameTiming 37 37.565
FrameTiming 38 37.201
FrameTiming 39 36.665
FrameTiming 40 36.787
Frame 40 | rho: [369.055, 1779.950] avg=1226.556 | p: [0.000, 1319925.625] | speed avg=0.612 max=1.073
Frame 40 fluid stats | fluid_count = 1248 | rho = [369.055, 1779.950] avg = 1226.556 | p = [0.000, 1319925.625] avg = 533314.188 | speed = [0.021, 1.073] avg = 0.612 | rho_floor_count = 0 | zero_pressure_count = 166
Frame 40 | max_source_penetration = 0.000 | max_receiver_penetration = 0.000 | below_source_bottom_count = 0 | below_receiver_bottom_count = 0 | inside_source_wall_count = 23 | inside_receiver_wall_count = 0
FrameTiming 41 36.937
FrameTiming 42 37.023
FrameTiming 43 36.302
FrameTiming 44 36.291
FrameTiming 45 35.821
FrameTiming 46 35.353
FrameTiming 47 36.090
FrameTiming 48 37.834
FrameTiming 49 38.177
FrameTiming 50 38.389
FrameTiming 51 38.511
FrameTiming 52 37.984
FrameTiming 53 37.592
FrameTiming 54 38.211
FrameTiming 55 38.244
FrameTiming 56 37.523
FrameTiming 57 37.266
FrameTiming 58 37.493
FrameTiming 59 37.811
FrameTiming 60 37.267
Frame 60 | rho: [107.426, 1372.201] avg=939.394 | p: [0.000, 708301.000] | speed avg=0.310 max=0.882
Frame 60 fluid stats | fluid_count = 1248 | rho = [107.426, 1372.201] avg = 939.394 | p = [0.000, 708301.000] avg = 135393.891 | speed = [0.013, 0.882] avg = 0.310 | rho_floor_count = 0 | zero_pressure_count = 421
Frame 60 | max_source_penetration = 0.000 | max_receiver_penetration = 0.000 | below_source_bottom_count = 0 | below_receiver_bottom_count = 0 | inside_source_wall_count = 7 | inside_receiver_wall_count = 0
FrameTiming 61 37.696
FrameTiming 62 37.872
FrameTiming 63 37.845
FrameTiming 64 38.234
FrameTiming 65 37.955
FrameTiming 66 38.136
FrameTiming 67 38.452
FrameTiming 68 38.431
FrameTiming 69 38.738
FrameTiming 70 38.928
FrameTiming 71 39.273
FrameTiming 72 39.285
FrameTiming 73 39.710
FrameTiming 74 39.691
FrameTiming 75 40.081
FrameTiming 76 40.608
FrameTiming 77 40.232
FrameTiming 78 39.909
FrameTiming 79 39.819
FrameTiming 80 39.658
Frame 80 | rho: [114.508, 1216.295] avg=921.148 | p: [0.000, 474442.938] | speed avg=0.179 max=0.438
Frame 80 fluid stats | fluid_count = 1248 | rho = [114.508, 1216.295] avg = 921.148 | p = [0.000, 474442.938] avg = 122072.898 | speed = [0.013, 0.438] avg = 0.179 | rho_floor_count = 0 | zero_pressure_count = 472
Frame 80 | max_source_penetration = 0.000 | max_receiver_penetration = 0.000 | below_source_bottom_count = 0 | below_receiver_bottom_count = 0 | inside_source_wall_count = 4 | inside_receiver_wall_count = 0
FrameTiming 81 39.957
FrameTiming 82 39.696
FrameTiming 83 39.654
FrameTiming 84 39.468
FrameTiming 85 38.820
FrameTiming 86 38.617
FrameTiming 87 38.951
FrameTiming 88 38.109
FrameTiming 89 38.213
FrameTiming 90 39.185
FrameTiming 91 39.273
FrameTiming 92 39.349
FrameTiming 93 38.857
FrameTiming 94 38.087
FrameTiming 95 37.456
FrameTiming 96 37.158
FrameTiming 97 37.770
FrameTiming 98 37.164
FrameTiming 99 37.210
FrameTiming 100 36.542
Frame 100 | rho: [495.784, 1475.964] avg=1129.462 | p: [0.000, 863945.812] | speed avg=0.185 max=0.753
Frame 100 fluid stats | fluid_count = 1248 | rho = [495.784, 1475.964] avg = 1129.462 | p = [0.000, 863945.812] avg = 355873.094 | speed = [0.021, 0.753] avg = 0.185 | rho_floor_count = 0 | zero_pressure_count = 104
Frame 100 | max_source_penetration = 0.000 | max_receiver_penetration = 0.000 | below_source_bottom_count = 0 | below_receiver_bottom_count = 0 | inside_source_wall_count = 9 | inside_receiver_wall_count = 0
FrameTiming 101 37.361
FrameTiming 102 36.392
FrameTiming 103 36.533
FrameTiming 104 36.492
FrameTiming 105 36.502
FrameTiming 106 36.408
FrameTiming 107 36.278
FrameTiming 108 37.568
FrameTiming 109 37.625
FrameTiming 110 37.351
FrameTiming 111 38.148
FrameTiming 112 37.606
FrameTiming 113 37.391
FrameTiming 114 37.807
FrameTiming 115 37.423
FrameTiming 116 36.671
FrameTiming 117 37.328
FrameTiming 118 37.102
FrameTiming 119 36.774
FrameTiming 120 37.331
Frame 120 | rho: [424.849, 1217.268] avg=967.314 | p: [0.000, 475902.094] | speed avg=0.354 max=0.688
Frame 120 fluid stats | fluid_count = 1248 | rho = [424.849, 1217.268] avg = 967.314 | p = [0.000, 475902.094] avg = 139776.938 | speed = [0.087, 0.688] avg = 0.354 | rho_floor_count = 0 | zero_pressure_count = 271
Frame 120 | max_source_penetration = 0.000 | max_receiver_penetration = 0.000 | below_source_bottom_count = 0 | below_receiver_bottom_count = 0 | inside_source_wall_count = 20 | inside_receiver_wall_count = 0
FrameTiming 121 38.152
FrameTiming 122 38.286
FrameTiming 123 38.004
FrameTiming 124 37.738
FrameTiming 125 37.429
FrameTiming 126 37.763
FrameTiming 127 38.220
FrameTiming 128 38.147
FrameTiming 129 38.428
FrameTiming 130 43.396
FrameTiming 131 38.673
FrameTiming 132 42.151
FrameTiming 133 44.377
FrameTiming 134 38.807
FrameTiming 135 39.046
FrameTiming 136 38.471
FrameTiming 137 38.747
FrameTiming 138 38.507
FrameTiming 139 38.545
FrameTiming 140 38.406
Frame 140 | rho: [522.611, 1516.798] avg=1011.190 | p: [0.000, 925197.312] | speed avg=0.391 max=0.675
Frame 140 fluid stats | fluid_count = 1248 | rho = [522.611, 1516.798] avg = 1011.190 | p = [0.000, 925197.312] avg = 199126.375 | speed = [0.072, 0.675] avg = 0.391 | rho_floor_count = 0 | zero_pressure_count = 265
Frame 140 | max_source_penetration = 0.000 | max_receiver_penetration = 0.000 | below_source_bottom_count = 0 | below_receiver_bottom_count = 0 | inside_source_wall_count = 3 | inside_receiver_wall_count = 0
FrameTiming 141 38.342
FrameTiming 142 37.762
FrameTiming 143 38.087
FrameTiming 144 38.207
FrameTiming 145 38.053
FrameTiming 146 37.916
FrameTiming 147 38.103
FrameTiming 148 38.591
FrameTiming 149 38.783
FrameTiming 150 39.156
FrameTiming 151 38.944
FrameTiming 152 38.606
FrameTiming 153 38.192
FrameTiming 154 38.286
FrameTiming 155 37.949
FrameTiming 156 37.597
FrameTiming 157 38.493
FrameTiming 158 38.950
FrameTiming 159 38.778
FrameTiming 160 38.998
Frame 160 | rho: [240.157, 1397.929] avg=994.762 | p: [0.000, 746893.250] | speed avg=0.507 max=0.799
Frame 160 fluid stats | fluid_count = 1248 | rho = [240.157, 1397.929] avg = 994.762 | p = [0.000, 746893.250] avg = 177018.125 | speed = [0.034, 0.799] avg = 0.507 | rho_floor_count = 0 | zero_pressure_count = 369
Frame 160 | max_source_penetration = 0.000 | max_receiver_penetration = 0.000 | below_source_bottom_count = 0 | below_receiver_bottom_count = 0 | inside_source_wall_count = 2 | inside_receiver_wall_count = 0
FrameTiming 161 38.415
FrameTiming 162 38.100
FrameTiming 163 38.094
FrameTiming 164 38.832
FrameTiming 165 38.853
FrameTiming 166 39.133
FrameTiming 167 39.783
FrameTiming 168 39.524
FrameTiming 169 39.516
FrameTiming 170 39.364
FrameTiming 171 39.780
FrameTiming 172 39.350
FrameTiming 173 38.346
FrameTiming 174 38.502
FrameTiming 175 38.582
FrameTiming 176 38.786
FrameTiming 177 39.123
FrameTiming 178 39.415
FrameTiming 179 38.655
FrameTiming 180 38.354
Frame 180 | rho: [177.584, 1344.153] avg=970.733 | p: [0.000, 666230.188] | speed avg=0.590 max=0.949
Frame 180 fluid stats | fluid_count = 1248 | rho = [177.584, 1344.153] avg = 970.733 | p = [0.000, 666230.188] avg = 164979.172 | speed = [0.015, 0.949] avg = 0.590 | rho_floor_count = 0 | zero_pressure_count = 372
Frame 180 | max_source_penetration = 0.000 | max_receiver_penetration = 0.000 | below_source_bottom_count = 0 | below_receiver_bottom_count = 0 | inside_source_wall_count = 0 | inside_receiver_wall_count = 0
FrameTiming 181 38.457
FrameTiming 182 38.484
FrameTiming 183 39.335
FrameTiming 184 38.565
FrameTiming 185 39.041
FrameTiming 186 39.355
FrameTiming 187 39.453
FrameTiming 188 38.896
FrameTiming 189 38.821
FrameTiming 190 38.573
FrameTiming 191 39.114
FrameTiming 192 38.996
FrameTiming 193 39.382
FrameTiming 194 39.935
FrameTiming 195 40.266
FrameTiming 196 40.000
FrameTiming 197 39.554
FrameTiming 198 40.432
FrameTiming 199 39.543
FrameTiming 200 39.629
Frame 200 | rho: [95.031, 1048.365] avg=782.326 | p: [0.000, 222548.219] | speed avg=0.844 max=1.208
Frame 200 fluid stats | fluid_count = 1248 | rho = [95.031, 1048.365] avg = 782.326 | p = [0.000, 222548.219] avg = 6947.857 | speed = [0.072, 1.208] avg = 0.844 | rho_floor_count = 0 | zero_pressure_count = 1132
Frame 200 | max_source_penetration = 0.000 | max_receiver_penetration = 0.000 | below_source_bottom_count = 0 | below_receiver_bottom_count = 0 | inside_source_wall_count = 0 | inside_receiver_wall_count = 0
FrameTiming 201 39.811
FrameTiming 202 39.237
FrameTiming 203 39.113
FrameTiming 204 38.708
FrameTiming 205 38.369
FrameTiming 206 38.175
FrameTiming 207 38.225
FrameTiming 208 38.428
FrameTiming 209 39.169
FrameTiming 210 39.575
FrameTiming 211 38.944
FrameTiming 212 38.172
FrameTiming 213 37.791
FrameTiming 214 39.667
FrameTiming 215 39.596
FrameTiming 216 38.527
FrameTiming 217 39.851
FrameTiming 218 41.035
FrameTiming 219 41.271
FrameTiming 220 41.083
Frame 220 | rho: [130.157, 1054.056] avg=714.699 | p: [0.000, 231084.047] | speed avg=0.906 max=1.707
Frame 220 fluid stats | fluid_count = 1248 | rho = [130.157, 1054.056] avg = 714.699 | p = [0.000, 231084.047] avg = 2299.214 | speed = [0.164, 1.707] avg = 0.906 | rho_floor_count = 0 | zero_pressure_count = 1189
Frame 220 | max_source_penetration = 0.000 | max_receiver_penetration = 0.000 | below_source_bottom_count = 0 | below_receiver_bottom_count = 0 | inside_source_wall_count = 2 | inside_receiver_wall_count = 0
FrameTiming 221 40.328
FrameTiming 222 39.670
FrameTiming 223 39.264
FrameTiming 224 38.520
FrameTiming 225 38.379
FrameTiming 226 38.441
FrameTiming 227 38.411
FrameTiming 228 38.024
FrameTiming 229 37.783
FrameTiming 230 37.715
FrameTiming 231 37.983
FrameTiming 232 37.929
FrameTiming 233 37.999
FrameTiming 234 38.102
FrameTiming 235 37.981
FrameTiming 236 38.528
FrameTiming 237 37.729
FrameTiming 238 37.167
FrameTiming 239 37.333
FrameTiming 240 37.273
Frame 240 | rho: [90.241, 1518.129] avg=623.257 | p: [0.000, 927193.750] | speed avg=0.935 max=1.592
Frame 240 fluid stats | fluid_count = 1248 | rho = [90.241, 1518.129] avg = 623.257 | p = [0.000, 927193.750] avg = 86622.398 | speed = [0.076, 1.592] avg = 0.935 | rho_floor_count = 0 | zero_pressure_count = 879
Frame 240 | max_source_penetration = 0.000 | max_receiver_penetration = 0.000 | below_source_bottom_count = 0 | below_receiver_bottom_count = 8 | inside_source_wall_count = 3 | inside_receiver_wall_count = 9
FrameTiming 241 37.071
FrameTiming 242 36.913
FrameTiming 243 37.272
FrameTiming 244 37.566
FrameTiming 245 38.384
FrameTiming 246 38.236
FrameTiming 247 38.002
FrameTiming 248 37.762
FrameTiming 249 37.396
FrameTiming 250 37.373
FrameTiming 251 37.739
FrameTiming 252 37.965
FrameTiming 253 38.045
FrameTiming 254 38.295
FrameTiming 255 38.829
FrameTiming 256 39.031
FrameTiming 257 38.597
FrameTiming 258 38.272
FrameTiming 259 38.360
FrameTiming 260 38.048
Frame 260 | rho: [94.837, 1353.094] avg=593.961 | p: [0.000, 679640.438] | speed avg=0.838 max=1.432
Frame 260 fluid stats | fluid_count = 1248 | rho = [94.837, 1353.094] avg = 593.961 | p = [0.000, 679640.438] avg = 30663.525 | speed = [0.037, 1.432] avg = 0.838 | rho_floor_count = 0 | zero_pressure_count = 986
Frame 260 | max_source_penetration = 0.000 | max_receiver_penetration = 0.000 | below_source_bottom_count = 0 | below_receiver_bottom_count = 2 | inside_source_wall_count = 3 | inside_receiver_wall_count = 12
FrameTiming 261 37.770
FrameTiming 262 37.564
FrameTiming 263 37.448
FrameTiming 264 37.231
FrameTiming 265 37.641
FrameTiming 266 37.413
FrameTiming 267 37.332
FrameTiming 268 37.782
FrameTiming 269 38.230
FrameTiming 270 38.126
FrameTiming 271 38.703
FrameTiming 272 38.329
FrameTiming 273 37.876
FrameTiming 274 38.235
FrameTiming 275 37.957
FrameTiming 276 37.961
FrameTiming 277 37.806
FrameTiming 278 38.243
FrameTiming 279 38.830
FrameTiming 280 38.711
Frame 280 | rho: [131.278, 1299.895] avg=756.409 | p: [0.000, 599842.688] | speed avg=0.756 max=1.402
Frame 280 fluid stats | fluid_count = 1248 | rho = [131.278, 1299.895] avg = 756.409 | p = [0.000, 599842.688] avg = 87980.602 | speed = [0.065, 1.402] avg = 0.756 | rho_floor_count = 0 | zero_pressure_count = 754
Frame 280 | max_source_penetration = 0.000 | max_receiver_penetration = 0.000 | below_source_bottom_count = 0 | below_receiver_bottom_count = 1 | inside_source_wall_count = 8 | inside_receiver_wall_count = 10
FrameTiming 281 38.805
FrameTiming 282 38.232
FrameTiming 283 39.210
FrameTiming 284 39.545
FrameTiming 285 39.041
FrameTiming 286 39.561
FrameTiming 287 39.556
FrameTiming 288 40.372
FrameTiming 289 40.610
FrameTiming 290 40.787
FrameTiming 291 39.953
FrameTiming 292 40.006
FrameTiming 293 40.265
FrameTiming 294 39.699
FrameTiming 295 39.640
FrameTiming 296 39.920
FrameTiming 297 39.075
FrameTiming 298 39.355
FrameTiming 299 39.362
FrameTiming 300 39.253
Frame 300 | rho: [128.565, 1296.987] avg=847.506 | p: [0.000, 595479.875] | speed avg=0.503 max=1.354
Frame 300 fluid stats | fluid_count = 1248 | rho = [128.565, 1296.987] avg = 847.506 | p = [0.000, 595479.875] avg = 133506.734 | speed = [0.016, 1.354] avg = 0.503 | rho_floor_count = 0 | zero_pressure_count = 528
Frame 300 | max_source_penetration = 0.000 | max_receiver_penetration = 0.000 | below_source_bottom_count = 0 | below_receiver_bottom_count = 0 | inside_source_wall_count = 3 | inside_receiver_wall_count = 4
FrameTiming 301 39.133
FrameTiming 302 38.314
FrameTiming 303 38.410
FrameTiming 304 38.503
FrameTiming 305 38.766
FrameTiming 306 38.813
FrameTiming 307 38.754
FrameTiming 308 38.804
FrameTiming 309 38.405
FrameTiming 310 38.820
FrameTiming 311 39.265
FrameTiming 312 39.172
FrameTiming 313 38.977
FrameTiming 314 38.856
FrameTiming 315 38.702
FrameTiming 316 38.556
FrameTiming 317 38.364
FrameTiming 318 38.290
FrameTiming 319 38.479
FrameTiming 320 38.601
Frame 320 | rho: [129.780, 1353.850] avg=931.706 | p: [0.000, 680775.125] | speed avg=0.312 max=1.351
Frame 320 fluid stats | fluid_count = 1248 | rho = [129.780, 1353.850] avg = 931.706 | p = [0.000, 680775.125] avg = 186755.984 | speed = [0.017, 1.351] avg = 0.312 | rho_floor_count = 0 | zero_pressure_count = 398
Frame 320 | max_source_penetration = 0.000 | max_receiver_penetration = 0.000 | below_source_bottom_count = 0 | below_receiver_bottom_count = 0 | inside_source_wall_count = 0 | inside_receiver_wall_count = 5
FrameTiming 321 38.343
FrameTiming 322 38.359
FrameTiming 323 37.960
FrameTiming 324 38.685
FrameTiming 325 38.621
FrameTiming 326 38.831
FrameTiming 327 38.966
FrameTiming 328 39.511
FrameTiming 329 39.779
FrameTiming 330 39.280
FrameTiming 331 39.248
FrameTiming 332 39.256
FrameTiming 333 39.086
FrameTiming 334 38.545
FrameTiming 335 38.841
FrameTiming 336 38.878
FrameTiming 337 38.380
FrameTiming 338 38.532
FrameTiming 339 38.786
FrameTiming 340 38.654
Frame 340 | rho: [104.268, 1244.879] avg=954.025 | p: [0.000, 517318.906] | speed avg=0.182 max=1.334
Frame 340 fluid stats | fluid_count = 1248 | rho = [104.268, 1244.879] avg = 954.025 | p = [0.000, 517318.906] avg = 152580.891 | speed = [0.013, 1.334] avg = 0.182 | rho_floor_count = 0 | zero_pressure_count = 348
Frame 340 | max_source_penetration = 0.000 | max_receiver_penetration = 0.000 | below_source_bottom_count = 0 | below_receiver_bottom_count = 0 | inside_source_wall_count = 0 | inside_receiver_wall_count = 5
FrameTiming 341 38.733
FrameTiming 342 38.713
FrameTiming 343 38.839
FrameTiming 344 38.933
FrameTiming 345 38.720
FrameTiming 346 39.311
FrameTiming 347 38.887
FrameTiming 348 39.244
FrameTiming 349 38.919
FrameTiming 350 38.650
FrameTiming 351 38.410
FrameTiming 352 38.138
FrameTiming 353 38.308
FrameTiming 354 38.595
FrameTiming 355 38.402
FrameTiming 356 38.166
FrameTiming 357 38.179
FrameTiming 358 38.325
FrameTiming 359 38.117
FrameTiming 360 38.528
Frame 360 | rho: [626.947, 1219.482] avg=1000.325 | p: [0.000, 479222.906] | speed avg=0.118 max=0.506
Frame 360 fluid stats | fluid_count = 1248 | rho = [626.947, 1219.482] avg = 1000.325 | p = [0.000, 479222.906] avg = 175388.234 | speed = [0.008, 0.506] avg = 0.118 | rho_floor_count = 0 | zero_pressure_count = 308
Frame 360 | max_source_penetration = 0.000 | max_receiver_penetration = 0.000 | below_source_bottom_count = 0 | below_receiver_bottom_count = 0 | inside_source_wall_count = 0 | inside_receiver_wall_count = 8
FrameTiming 361 38.320
FrameTiming 362 38.135
FrameTiming 363 37.965
FrameTiming 364 38.025
FrameTiming 365 38.186
FrameTiming 366 38.263
FrameTiming 367 38.217
FrameTiming 368 38.212
FrameTiming 369 38.865
FrameTiming 370 39.171
FrameTiming 371 38.738
FrameTiming 372 38.631
FrameTiming 373 38.597
FrameTiming 374 38.681
FrameTiming 375 38.955
FrameTiming 376 38.654
FrameTiming 377 38.870
FrameTiming 378 38.572
FrameTiming 379 38.140
FrameTiming 380 38.053
Frame 380 | rho: [648.499, 1218.856] avg=1001.696 | p: [0.000, 478283.375] | speed avg=0.089 max=0.335
Frame 380 fluid stats | fluid_count = 1248 | rho = [648.499, 1218.856] avg = 1001.696 | p = [0.000, 478283.375] avg = 176546.672 | speed = [0.009, 0.335] avg = 0.089 | rho_floor_count = 0 | zero_pressure_count = 282
Frame 380 | max_source_penetration = 0.000 | max_receiver_penetration = 0.000 | below_source_bottom_count = 0 | below_receiver_bottom_count = 0 | inside_source_wall_count = 0 | inside_receiver_wall_count = 6
FrameTiming 381 38.101
FrameTiming 382 38.079
FrameTiming 383 37.969
FrameTiming 384 37.960
FrameTiming 385 37.996
FrameTiming 386 38.122
FrameTiming 387 38.390
FrameTiming 388 38.301
FrameTiming 389 37.902
FrameTiming 390 38.049
FrameTiming 391 38.086
FrameTiming 392 37.512
FrameTiming 393 37.556
FrameTiming 394 38.165
FrameTiming 395 38.074
FrameTiming 396 37.271
FrameTiming 397 37.817
FrameTiming 398 38.502
FrameTiming 399 38.611
FrameTiming 400 38.486
Frame 400 | rho: [651.371, 1147.921] avg=982.054 | p: [0.000, 371881.531] | speed avg=0.078 max=0.412
Frame 400 fluid stats | fluid_count = 1248 | rho = [651.371, 1147.921] avg = 982.054 | p = [0.000, 371881.531] avg = 146694.062 | speed = [0.008, 0.412] avg = 0.078 | rho_floor_count = 0 | zero_pressure_count = 344
Frame 400 | max_source_penetration = 0.000 | max_receiver_penetration = 0.000 | below_source_bottom_count = 0 | below_receiver_bottom_count = 0 | inside_source_wall_count = 0 | inside_receiver_wall_count = 6
FrameTiming 401 38.776
FrameTiming 402 38.850
FrameTiming 403 38.817
FrameTiming 404 38.766
FrameTiming 405 38.207
FrameTiming 406 37.895
FrameTiming 407 38.246
FrameTiming 408 38.005
FrameTiming 409 38.137
FrameTiming 410 38.073
FrameTiming 411 37.546
FrameTiming 412 37.800
FrameTiming 413 37.824
FrameTiming 414 37.790
FrameTiming 415 37.733
FrameTiming 416 37.976
FrameTiming 417 38.386
FrameTiming 418 38.151
FrameTiming 419 38.343
FrameTiming 420 43.064
Frame 420 | rho: [730.049, 1181.619] avg=1006.708 | p: [0.000, 422427.969] | speed avg=0.067 max=0.334
Frame 420 fluid stats | fluid_count = 1248 | rho = [730.049, 1181.619] avg = 1006.708 | p = [0.000, 422427.969] avg = 174823.703 | speed = [0.004, 0.334] avg = 0.067 | rho_floor_count = 0 | zero_pressure_count = 255
Frame 420 | max_source_penetration = 0.000 | max_receiver_penetration = 0.000 | below_source_bottom_count = 0 | below_receiver_bottom_count = 0 | inside_source_wall_count = 0 | inside_receiver_wall_count = 11
FrameTiming 421 43.036
FrameTiming 422 38.300
FrameTiming 423 38.372
FrameTiming 424 38.411
FrameTiming 425 38.359
FrameTiming 426 38.292
FrameTiming 427 37.985
FrameTiming 428 38.097
FrameTiming 429 38.166
FrameTiming 430 38.276
FrameTiming 431 38.202
FrameTiming 432 38.070
FrameTiming 433 37.987
FrameTiming 434 38.143
FrameTiming 435 37.986
FrameTiming 436 37.827
FrameTiming 437 38.276
FrameTiming 438 38.586
FrameTiming 439 38.420
FrameTiming 440 37.843
Frame 440 | rho: [672.672, 1185.655] avg=993.183 | p: [0.000, 428482.719] | speed avg=0.056 max=0.372
Frame 440 fluid stats | fluid_count = 1248 | rho = [672.672, 1185.655] avg = 993.183 | p = [0.000, 428482.719] avg = 157635.406 | speed = [0.003, 0.372] avg = 0.056 | rho_floor_count = 0 | zero_pressure_count = 255
Frame 440 | max_source_penetration = 0.000 | max_receiver_penetration = 0.000 | below_source_bottom_count = 0 | below_receiver_bottom_count = 0 | inside_source_wall_count = 0 | inside_receiver_wall_count = 12
FrameTiming 441 37.457
FrameTiming 442 37.477
FrameTiming 443 37.691
FrameTiming 444 37.947
FrameTiming 445 37.767
FrameTiming 446 37.932
FrameTiming 447 37.847
FrameTiming 448 37.893
FrameTiming 449 37.565
FrameTiming 450 37.673
FrameTiming 451 37.613
FrameTiming 452 37.679
FrameTiming 453 37.845
FrameTiming 454 37.943
FrameTiming 455 38.034
FrameTiming 456 37.874
FrameTiming 457 37.657
FrameTiming 458 37.395
FrameTiming 459 37.598
FrameTiming 460 37.662
Frame 460 | rho: [683.972, 1160.304] avg=989.051 | p: [0.000, 390456.469] | speed avg=0.056 max=0.360
Frame 460 fluid stats | fluid_count = 1248 | rho = [683.972, 1160.304] avg = 989.051 | p = [0.000, 390456.469] avg = 151796.672 | speed = [0.003, 0.360] avg = 0.056 | rho_floor_count = 0 | zero_pressure_count = 239
Frame 460 | max_source_penetration = 0.000 | max_receiver_penetration = 0.000 | below_source_bottom_count = 0 | below_receiver_bottom_count = 0 | inside_source_wall_count = 0 | inside_receiver_wall_count = 5
FrameTiming 461 38.051
FrameTiming 462 38.152
FrameTiming 463 38.280
FrameTiming 464 38.470
FrameTiming 465 37.544
FrameTiming 466 37.730
FrameTiming 467 37.627
FrameTiming 468 37.314
FrameTiming 469 37.230
FrameTiming 470 37.283
FrameTiming 471 37.326
FrameTiming 472 37.522
FrameTiming 473 37.401
FrameTiming 474 37.479
FrameTiming 475 37.512
FrameTiming 476 37.729
FrameTiming 477 37.155
FrameTiming 478 37.884
FrameTiming 479 37.994
FrameTiming 480 38.115
Frame 480 | rho: [684.536, 1167.226] avg=1003.368 | p: [0.000, 400839.125] | speed avg=0.055 max=0.368
Frame 480 fluid stats | fluid_count = 1248 | rho = [684.536, 1167.226] avg = 1003.368 | p = [0.000, 400839.125] avg = 169505.891 | speed = [0.002, 0.368] avg = 0.055 | rho_floor_count = 0 | zero_pressure_count = 191
Frame 480 | max_source_penetration = 0.000 | max_receiver_penetration = 0.000 | below_source_bottom_count = 0 | below_receiver_bottom_count = 0 | inside_source_wall_count = 0 | inside_receiver_wall_count = 4
FrameTiming 481 38.049
FrameTiming 482 37.911
FrameTiming 483 38.059
FrameTiming 484 38.160
FrameTiming 485 38.125
FrameTiming 486 37.643
FrameTiming 487 37.618
FrameTiming 488 37.717
FrameTiming 489 37.969
FrameTiming 490 38.076
FrameTiming 491 37.679
FrameTiming 492 37.717
FrameTiming 493 37.749
FrameTiming 494 37.747
FrameTiming 495 37.758
FrameTiming 496 37.851
FrameTiming 497 37.944
FrameTiming 498 37.805
FrameTiming 499 37.902
FrameTiming 500 37.951
Frame 500 | rho: [705.800, 1166.739] avg=994.612 | p: [0.000, 400108.719] | speed avg=0.052 max=0.354
Frame 500 fluid stats | fluid_count = 1248 | rho = [705.800, 1166.739] avg = 994.612 | p = [0.000, 400108.719] avg = 156871.453 | speed = [0.002, 0.354] avg = 0.052 | rho_floor_count = 0 | zero_pressure_count = 205
Frame 500 | max_source_penetration = 0.000 | max_receiver_penetration = 0.000 | below_source_bottom_count = 0 | below_receiver_bottom_count = 0 | inside_source_wall_count = 0 | inside_receiver_wall_count = 9
FrameTiming 501 37.823
FrameTiming 502 37.648
FrameTiming 503 37.529
FrameTiming 504 37.521
FrameTiming 505 37.579
FrameTiming 506 37.435
FrameTiming 507 37.349
FrameTiming 508 37.359
FrameTiming 509 37.360
FrameTiming 510 37.454
FrameTiming 511 37.685
FrameTiming 512 37.515
FrameTiming 513 37.482
FrameTiming 514 37.255
FrameTiming 515 37.208
FrameTiming 516 37.192
FrameTiming 517 37.393
FrameTiming 518 37.773
FrameTiming 519 37.947
FrameTiming 520 37.880
Frame 520 | rho: [685.813, 1153.662] avg=995.163 | p: [0.000, 380493.719] | speed avg=0.052 max=0.285
Frame 520 fluid stats | fluid_count = 1248 | rho = [685.813, 1153.662] avg = 995.163 | p = [0.000, 380493.719] avg = 158544.031 | speed = [0.003, 0.285] avg = 0.052 | rho_floor_count = 0 | zero_pressure_count = 210
Frame 520 | max_source_penetration = 0.000 | max_receiver_penetration = 0.000 | below_source_bottom_count = 0 | below_receiver_bottom_count = 0 | inside_source_wall_count = 0 | inside_receiver_wall_count = 7
FrameTiming 521 37.879
FrameTiming 522 38.022
FrameTiming 523 37.967
FrameTiming 524 37.620
FrameTiming 525 37.806
FrameTiming 526 37.861
FrameTiming 527 37.623
FrameTiming 528 37.848
FrameTiming 529 37.848
FrameTiming 530 37.934
FrameTiming 531 37.926
FrameTiming 532 37.821
FrameTiming 533 37.915
FrameTiming 534 37.840
FrameTiming 535 38.281
FrameTiming 536 37.481
FrameTiming 537 37.665
FrameTiming 538 37.711
FrameTiming 539 37.978
FrameTiming 540 37.972
Frame 540 | rho: [685.544, 1162.549] avg=1000.134 | p: [0.000, 393823.781] | speed avg=0.051 max=0.320
Frame 540 fluid stats | fluid_count = 1248 | rho = [685.544, 1162.549] avg = 1000.134 | p = [0.000, 393823.781] avg = 165380.172 | speed = [0.002, 0.320] avg = 0.051 | rho_floor_count = 0 | zero_pressure_count = 192
Frame 540 | max_source_penetration = 0.000 | max_receiver_penetration = 0.000 | below_source_bottom_count = 0 | below_receiver_bottom_count = 0 | inside_source_wall_count = 0 | inside_receiver_wall_count = 9
FrameTiming 541 38.104
FrameTiming 542 38.108
FrameTiming 543 38.244
FrameTiming 544 38.411
FrameTiming 545 38.514
FrameTiming 546 38.523
FrameTiming 547 38.141
FrameTiming 548 38.947
FrameTiming 549 38.482
FrameTiming 550 38.341
FrameTiming 551 38.396
FrameTiming 552 38.429
FrameTiming 553 38.485
FrameTiming 554 38.466
FrameTiming 555 38.164
FrameTiming 556 37.750
FrameTiming 557 37.651
FrameTiming 558 37.792
FrameTiming 559 38.083
FrameTiming 560 37.976
Frame 560 | rho: [649.818, 1166.448] avg=995.110 | p: [0.000, 399671.250] | speed avg=0.050 max=0.385
Frame 560 fluid stats | fluid_count = 1248 | rho = [649.818, 1166.448] avg = 995.110 | p = [0.000, 399671.250] avg = 158704.266 | speed = [0.001, 0.385] avg = 0.050 | rho_floor_count = 0 | zero_pressure_count = 208
Frame 560 | max_source_penetration = 0.000 | max_receiver_penetration = 0.000 | below_source_bottom_count = 0 | below_receiver_bottom_count = 0 | inside_source_wall_count = 0 | inside_receiver_wall_count = 9
FrameTiming 561 37.853
FrameTiming 562 37.869
FrameTiming 563 37.922
FrameTiming 564 37.660
FrameTiming 565 37.636
FrameTiming 566 37.995
FrameTiming 567 37.628
FrameTiming 568 38.129
FrameTiming 569 37.921
FrameTiming 570 37.887
FrameTiming 571 37.642
FrameTiming 572 37.359
FrameTiming 573 38.198
FrameTiming 574 37.403
FrameTiming 575 36.666
FrameTiming 576 37.782
FrameTiming 577 37.501
FrameTiming 578 37.845
FrameTiming 579 37.854
FrameTiming 580 37.494
Frame 580 | rho: [696.979, 1161.588] avg=998.358 | p: [0.000, 392382.031] | speed avg=0.056 max=0.365
Frame 580 fluid stats | fluid_count = 1248 | rho = [696.979, 1161.588] avg = 998.358 | p = [0.000, 392382.031] avg = 162602.594 | speed = [0.002, 0.365] avg = 0.056 | rho_floor_count = 0 | zero_pressure_count = 202
Frame 580 | max_source_penetration = 0.000 | max_receiver_penetration = 0.000 | below_source_bottom_count = 0 | below_receiver_bottom_count = 0 | inside_source_wall_count = 0 | inside_receiver_wall_count = 10
FrameTiming 581 37.140
FrameTiming 582 36.853
FrameTiming 583 37.432
FrameTiming 584 37.170
FrameTiming 585 37.764
FrameTiming 586 37.569
FrameTiming 587 38.027
FrameTiming 588 37.351
FrameTiming 589 37.385
FrameTiming 590 37.602
FrameTiming 591 37.803
FrameTiming 592 38.760
FrameTiming 593 37.616
FrameTiming 594 37.491
FrameTiming 595 37.721
FrameTiming 596 37.531
FrameTiming 597 37.485
FrameTiming 598 37.345
FrameTiming 599 37.635
FrameTiming 600 37.485
Frame 600 | rho: [631.984, 1192.254] avg=998.448 | p: [0.000, 438381.406] | speed avg=0.054 max=0.356
Frame 600 fluid stats | fluid_count = 1248 | rho = [631.984, 1192.254] avg = 998.448 | p = [0.000, 438381.406] avg = 162761.938 | speed = [0.001, 0.356] avg = 0.054 | rho_floor_count = 0 | zero_pressure_count = 200
Frame 600 | max_source_penetration = 0.000 | max_receiver_penetration = 0.000 | below_source_bottom_count = 0 | below_receiver_bottom_count = 0 | inside_source_wall_count = 0 | inside_receiver_wall_count = 7
FrameTiming 601 37.530
FrameTiming 602 37.607
FrameTiming 603 37.983
FrameTiming 604 38.032
FrameTiming 605 38.093
FrameTiming 606 38.124
FrameTiming 607 38.270
FrameTiming 608 38.137
FrameTiming 609 38.012
FrameTiming 610 38.901
FrameTiming 611 37.722
FrameTiming 612 37.337
FrameTiming 613 37.756
FrameTiming 614 37.720
FrameTiming 615 37.396
FrameTiming 616 37.254
FrameTiming 617 37.011
FrameTiming 618 37.050
FrameTiming 619 37.138
FrameTiming 620 36.854
Frame 620 | rho: [660.023, 1153.032] avg=996.441 | p: [0.000, 379548.156] | speed avg=0.055 max=0.345
Frame 620 fluid stats | fluid_count = 1248 | rho = [660.023, 1153.032] avg = 996.441 | p = [0.000, 379548.156] avg = 160591.078 | speed = [0.004, 0.345] avg = 0.055 | rho_floor_count = 0 | zero_pressure_count = 208
Frame 620 | max_source_penetration = 0.000 | max_receiver_penetration = 0.000 | below_source_bottom_count = 0 | below_receiver_bottom_count = 0 | inside_source_wall_count = 0 | inside_receiver_wall_count = 10
FrameTiming 621 37.123
FrameTiming 622 36.672
FrameTiming 623 37.410
FrameTiming 624 37.025
FrameTiming 625 37.972
FrameTiming 626 37.846
FrameTiming 627 38.043
FrameTiming 628 38.044
FrameTiming 629 37.870
FrameTiming 630 37.908
FrameTiming 631 37.306
FrameTiming 632 37.488
FrameTiming 633 37.516
FrameTiming 634 37.566
FrameTiming 635 37.556
FrameTiming 636 37.462
FrameTiming 637 37.416
FrameTiming 638 37.142
FrameTiming 639 36.915
FrameTiming 640 36.874
Frame 640 | rho: [689.549, 1185.641] avg=994.674 | p: [0.000, 428462.219] | speed avg=0.056 max=0.336
Frame 640 fluid stats | fluid_count = 1248 | rho = [689.549, 1185.641] avg = 994.674 | p = [0.000, 428462.219] avg = 157831.250 | speed = [0.002, 0.336] avg = 0.056 | rho_floor_count = 0 | zero_pressure_count = 225
Frame 640 | max_source_penetration = 0.000 | max_receiver_penetration = 0.000 | below_source_bottom_count = 0 | below_receiver_bottom_count = 0 | inside_source_wall_count = 0 | inside_receiver_wall_count = 7
FrameTiming 641 37.133
FrameTiming 642 37.355
FrameTiming 643 37.212
FrameTiming 644 37.299
FrameTiming 645 36.990
FrameTiming 646 37.613
FrameTiming 647 37.646
FrameTiming 648 38.010
FrameTiming 649 37.700
FrameTiming 650 37.828
FrameTiming 651 37.412
FrameTiming 652 37.394
FrameTiming 653 37.616
FrameTiming 654 37.103
FrameTiming 655 37.080
FrameTiming 656 36.882
FrameTiming 657 36.812
FrameTiming 658 36.485
FrameTiming 659 37.021
FrameTiming 660 36.862
Frame 660 | rho: [691.870, 1162.382] avg=998.546 | p: [0.000, 393573.656] | speed avg=0.055 max=0.326
Frame 660 fluid stats | fluid_count = 1248 | rho = [691.870, 1162.382] avg = 998.546 | p = [0.000, 393573.656] avg = 163207.672 | speed = [0.003, 0.326] avg = 0.055 | rho_floor_count = 0 | zero_pressure_count = 214
Frame 660 | max_source_penetration = 0.000 | max_receiver_penetration = 0.000 | below_source_bottom_count = 0 | below_receiver_bottom_count = 0 | inside_source_wall_count = 0 | inside_receiver_wall_count = 16
FrameTiming 661 36.880
FrameTiming 662 37.030
FrameTiming 663 36.642
FrameTiming 664 36.889
FrameTiming 665 36.816
FrameTiming 666 36.983
FrameTiming 667 37.091
FrameTiming 668 36.972
FrameTiming 669 37.401
FrameTiming 670 37.374
FrameTiming 671 37.082
FrameTiming 672 37.642
FrameTiming 673 37.511
FrameTiming 674 38.283
FrameTiming 675 38.012
FrameTiming 676 38.157
FrameTiming 677 38.057
FrameTiming 678 38.032
FrameTiming 679 38.041
FrameTiming 680 38.006
Frame 680 | rho: [714.457, 1160.436] avg=993.506 | p: [0.000, 390653.688] | speed avg=0.052 max=0.375
Frame 680 fluid stats | fluid_count = 1248 | rho = [714.457, 1160.436] avg = 993.506 | p = [0.000, 390653.688] avg = 156899.609 | speed = [0.001, 0.375] avg = 0.052 | rho_floor_count = 0 | zero_pressure_count = 217
Frame 680 | max_source_penetration = 0.000 | max_receiver_penetration = 0.000 | below_source_bottom_count = 0 | below_receiver_bottom_count = 0 | inside_source_wall_count = 0 | inside_receiver_wall_count = 6
FrameTiming 681 38.193
FrameTiming 682 38.155
FrameTiming 683 38.379
FrameTiming 684 38.290
FrameTiming 685 38.088
FrameTiming 686 38.183
FrameTiming 687 38.383
FrameTiming 688 38.095
FrameTiming 689 38.183
FrameTiming 690 38.151
FrameTiming 691 37.901
FrameTiming 692 37.452
FrameTiming 693 37.894
FrameTiming 694 37.605
FrameTiming 695 37.573
FrameTiming 696 37.705
FrameTiming 697 37.481
FrameTiming 698 37.337
FrameTiming 699 37.481
FrameTiming 700 37.130
Frame 700 | rho: [634.858, 1177.059] avg=996.632 | p: [0.000, 415587.875] | speed avg=0.055 max=0.414
Frame 700 fluid stats | fluid_count = 1248 | rho = [634.858, 1177.059] avg = 996.632 | p = [0.000, 415587.875] avg = 159974.688 | speed = [0.002, 0.414] avg = 0.055 | rho_floor_count = 0 | zero_pressure_count = 208
Frame 700 | max_source_penetration = 0.000 | max_receiver_penetration = 0.000 | below_source_bottom_count = 0 | below_receiver_bottom_count = 0 | inside_source_wall_count = 0 | inside_receiver_wall_count = 13
FrameTiming 701 37.612
FrameTiming 702 38.339
FrameTiming 703 38.440
FrameTiming 704 37.881
FrameTiming 705 38.248
FrameTiming 706 37.724
FrameTiming 707 37.862
FrameTiming 708 37.501
FrameTiming 709 37.939
FrameTiming 710 54.146
FrameTiming 711 44.860
FrameTiming 712 37.296
FrameTiming 713 37.698
FrameTiming 714 37.839
FrameTiming 715 37.372
FrameTiming 716 37.587
FrameTiming 717 37.801
FrameTiming 718 37.568
FrameTiming 719 37.950
FrameTiming 720 37.579
Frame 720 | rho: [701.998, 1200.727] avg=995.160 | p: [0.000, 451090.219] | speed avg=0.055 max=0.311
Frame 720 fluid stats | fluid_count = 1248 | rho = [701.998, 1200.727] avg = 995.160 | p = [0.000, 451090.219] avg = 158698.422 | speed = [0.001, 0.311] avg = 0.055 | rho_floor_count = 0 | zero_pressure_count = 234
Frame 720 | max_source_penetration = 0.000 | max_receiver_penetration = 0.000 | below_source_bottom_count = 0 | below_receiver_bottom_count = 0 | inside_source_wall_count = 0 | inside_receiver_wall_count = 6
FrameTiming 721 37.857
FrameTiming 722 37.902
FrameTiming 723 37.944
FrameTiming 724 37.968
FrameTiming 725 37.806
FrameTiming 726 37.406
FrameTiming 727 37.109
FrameTiming 728 37.278
FrameTiming 729 36.427
FrameTiming 730 36.606
FrameTiming 731 36.653
FrameTiming 732 36.511
FrameTiming 733 36.875
FrameTiming 734 36.792
FrameTiming 735 37.334
FrameTiming 736 37.269
FrameTiming 737 36.962
FrameTiming 738 37.531
FrameTiming 739 37.765
FrameTiming 740 36.869
Frame 740 | rho: [652.953, 1186.300] avg=997.656 | p: [0.000, 429449.875] | speed avg=0.053 max=0.353
Frame 740 fluid stats | fluid_count = 1248 | rho = [652.953, 1186.300] avg = 997.656 | p = [0.000, 429449.875] avg = 161483.656 | speed = [0.002, 0.353] avg = 0.053 | rho_floor_count = 0 | zero_pressure_count = 226
Frame 740 | max_source_penetration = 0.000 | max_receiver_penetration = 0.000 | below_source_bottom_count = 0 | below_receiver_bottom_count = 0 | inside_source_wall_count = 0 | inside_receiver_wall_count = 8
FrameTiming 741 37.156
FrameTiming 742 37.019
FrameTiming 743 36.572
FrameTiming 744 37.020
FrameTiming 745 37.166
FrameTiming 746 36.892
FrameTiming 747 37.290
FrameTiming 748 37.474
FrameTiming 749 36.864
FrameTiming 750 37.170
FrameTiming 751 37.263
FrameTiming 752 37.105
FrameTiming 753 36.817
FrameTiming 754 37.041
FrameTiming 755 36.368
FrameTiming 756 36.500
FrameTiming 757 37.081
FrameTiming 758 36.389
FrameTiming 759 36.789
FrameTiming 760 36.928
Frame 760 | rho: [662.690, 1155.645] avg=997.788 | p: [0.000, 383467.906] | speed avg=0.053 max=0.363
Frame 760 fluid stats | fluid_count = 1248 | rho = [662.690, 1155.645] avg = 997.788 | p = [0.000, 383467.906] avg = 161340.547 | speed = [0.001, 0.363] avg = 0.053 | rho_floor_count = 0 | zero_pressure_count = 210
Frame 760 | max_source_penetration = 0.000 | max_receiver_penetration = 0.000 | below_source_bottom_count = 0 | below_receiver_bottom_count = 0 | inside_source_wall_count = 0 | inside_receiver_wall_count = 5
FrameTiming 761 36.323
FrameTiming 762 36.608
FrameTiming 763 36.584
FrameTiming 764 36.006
FrameTiming 765 36.775
FrameTiming 766 36.594
FrameTiming 767 36.532
FrameTiming 768 36.909
FrameTiming 769 36.835
FrameTiming 770 36.330
FrameTiming 771 36.547
FrameTiming 772 36.558
FrameTiming 773 36.551
FrameTiming 774 37.063
FrameTiming 775 37.376
FrameTiming 776 36.912
FrameTiming 777 37.248
FrameTiming 778 37.197
FrameTiming 779 36.839
FrameTiming 780 37.265
Frame 780 | rho: [720.649, 1161.973] avg=998.772 | p: [0.000, 392958.812] | speed avg=0.056 max=0.392
Frame 780 fluid stats | fluid_count = 1248 | rho = [720.649, 1161.973] avg = 998.772 | p = [0.000, 392958.812] avg = 161537.312 | speed = [0.002, 0.392] avg = 0.056 | rho_floor_count = 0 | zero_pressure_count = 205
Frame 780 | max_source_penetration = 0.000 | max_receiver_penetration = 0.000 | below_source_bottom_count = 0 | below_receiver_bottom_count = 0 | inside_source_wall_count = 0 | inside_receiver_wall_count = 6
FrameTiming 781 37.045
FrameTiming 782 36.846
FrameTiming 783 37.093
FrameTiming 784 37.353
FrameTiming 785 36.671
FrameTiming 786 37.379
FrameTiming 787 37.486
FrameTiming 788 37.417
FrameTiming 789 37.119
FrameTiming 790 37.255
FrameTiming 791 36.755
FrameTiming 792 36.771
FrameTiming 793 37.010
FrameTiming 794 36.212
FrameTiming 795 36.552
FrameTiming 796 36.670
FrameTiming 797 36.595
FrameTiming 798 36.683
FrameTiming 799 37.631
FrameTiming 800 36.493
Frame 800 | rho: [681.826, 1179.964] avg=1000.318 | p: [0.000, 419945.812] | speed avg=0.053 max=0.357
Frame 800 fluid stats | fluid_count = 1248 | rho = [681.826, 1179.964] avg = 1000.318 | p = [0.000, 419945.812] avg = 163787.828 | speed = [0.002, 0.357] avg = 0.053 | rho_floor_count = 0 | zero_pressure_count = 200
Frame 800 | max_source_penetration = 0.000 | max_receiver_penetration = 0.000 | below_source_bottom_count = 0 | below_receiver_bottom_count = 0 | inside_source_wall_count = 0 | inside_receiver_wall_count = 8
FrameTiming 801 36.474
FrameTiming 802 36.979
FrameTiming 803 36.383
FrameTiming 804 36.803
FrameTiming 805 37.271
FrameTiming 806 37.083
FrameTiming 807 37.300
FrameTiming 808 37.160
FrameTiming 809 37.031
FrameTiming 810 37.478
FrameTiming 811 37.095
FrameTiming 812 37.030
FrameTiming 813 37.647
FrameTiming 814 37.706
FrameTiming 815 37.575
FrameTiming 816 37.168
FrameTiming 817 37.116
FrameTiming 818 36.901
FrameTiming 819 37.109
FrameTiming 820 37.044
Frame 820 | rho: [677.735, 1152.517] avg=994.450 | p: [0.000, 378775.094] | speed avg=0.052 max=0.315
Frame 820 fluid stats | fluid_count = 1248 | rho = [677.735, 1152.517] avg = 994.450 | p = [0.000, 378775.094] avg = 158282.250 | speed = [0.002, 0.315] avg = 0.052 | rho_floor_count = 0 | zero_pressure_count = 222
Frame 820 | max_source_penetration = 0.000 | max_receiver_penetration = 0.000 | below_source_bottom_count = 0 | below_receiver_bottom_count = 0 | inside_source_wall_count = 0 | inside_receiver_wall_count = 10
FrameTiming 821 37.981
FrameTiming 822 37.301
FrameTiming 823 37.315
FrameTiming 824 37.218
FrameTiming 825 37.524
FrameTiming 826 37.394
FrameTiming 827 37.145
FrameTiming 828 36.926
FrameTiming 829 37.189
FrameTiming 830 37.231
FrameTiming 831 37.147
FrameTiming 832 37.605
FrameTiming 833 37.115
FrameTiming 834 36.822
FrameTiming 835 36.596
FrameTiming 836 36.845
FrameTiming 837 36.668
FrameTiming 838 36.859
FrameTiming 839 36.555
FrameTiming 840 37.281
Frame 840 | rho: [647.133, 1175.405] avg=998.860 | p: [0.000, 413107.375] | speed avg=0.052 max=0.363
Frame 840 fluid stats | fluid_count = 1248 | rho = [647.133, 1175.405] avg = 998.860 | p = [0.000, 413107.375] avg = 162824.031 | speed = [0.002, 0.363] avg = 0.052 | rho_floor_count = 0 | zero_pressure_count = 203
Frame 840 | max_source_penetration = 0.000 | max_receiver_penetration = 0.000 | below_source_bottom_count = 0 | below_receiver_bottom_count = 0 | inside_source_wall_count = 0 | inside_receiver_wall_count = 10
FrameTiming 841 36.956
FrameTiming 842 37.204
FrameTiming 843 36.919
FrameTiming 844 37.440
FrameTiming 845 37.199
FrameTiming 846 37.803
FrameTiming 847 37.708
FrameTiming 848 37.778
FrameTiming 849 37.291
FrameTiming 850 37.542
FrameTiming 851 37.098
FrameTiming 852 37.245
FrameTiming 853 36.901
FrameTiming 854 36.972
FrameTiming 855 37.633
FrameTiming 856 37.517
FrameTiming 857 37.601
FrameTiming 858 37.504
FrameTiming 859 37.653
FrameTiming 860 37.903
Frame 860 | rho: [722.241, 1166.625] avg=998.455 | p: [0.000, 399937.500] | speed avg=0.056 max=0.325
Frame 860 fluid stats | fluid_count = 1248 | rho = [722.241, 1166.625] avg = 998.455 | p = [0.000, 399937.500] avg = 162213.969 | speed = [0.002, 0.325] avg = 0.056 | rho_floor_count = 0 | zero_pressure_count = 218
Frame 860 | max_source_penetration = 0.000 | max_receiver_penetration = 0.000 | below_source_bottom_count = 0 | below_receiver_bottom_count = 0 | inside_source_wall_count = 0 | inside_receiver_wall_count = 4
FrameTiming 861 38.018
FrameTiming 862 38.024
FrameTiming 863 38.388
FrameTiming 864 38.381
FrameTiming 865 38.822
FrameTiming 866 38.389
FrameTiming 867 38.701
FrameTiming 868 38.506
FrameTiming 869 38.369
FrameTiming 870 39.168
FrameTiming 871 38.908
FrameTiming 872 38.258
FrameTiming 873 38.034
FrameTiming 874 38.171
FrameTiming 875 38.069
FrameTiming 876 37.811
FrameTiming 877 37.732
FrameTiming 878 38.394
FrameTiming 879 37.493
FrameTiming 880 37.842
Frame 880 | rho: [661.090, 1172.351] avg=993.069 | p: [0.000, 408526.062] | speed avg=0.053 max=0.384
Frame 880 fluid stats | fluid_count = 1248 | rho = [661.090, 1172.351] avg = 993.069 | p = [0.000, 408526.062] avg = 155867.391 | speed = [0.002, 0.384] avg = 0.053 | rho_floor_count = 0 | zero_pressure_count = 222
Frame 880 | max_source_penetration = 0.000 | max_receiver_penetration = 0.000 | below_source_bottom_count = 0 | below_receiver_bottom_count = 0 | inside_source_wall_count = 0 | inside_receiver_wall_count = 9
FrameTiming 881 37.743
FrameTiming 882 37.944
FrameTiming 883 38.158
FrameTiming 884 38.316
FrameTiming 885 38.183
FrameTiming 886 38.548
FrameTiming 887 38.107
FrameTiming 888 37.987
FrameTiming 889 38.037
FrameTiming 890 37.756
FrameTiming 891 37.660
FrameTiming 892 37.809
FrameTiming 893 37.258
FrameTiming 894 37.882
FrameTiming 895 37.831
FrameTiming 896 37.973
FrameTiming 897 37.743
FrameTiming 898 37.654
FrameTiming 899 37.976
FrameTiming 900 37.693
Frame 900 | rho: [667.932, 1162.025] avg=994.112 | p: [0.000, 393038.094] | speed avg=0.056 max=0.351
Frame 900 fluid stats | fluid_count = 1248 | rho = [667.932, 1162.025] avg = 994.112 | p = [0.000, 393038.094] avg = 157651.328 | speed = [0.004, 0.351] avg = 0.056 | rho_floor_count = 0 | zero_pressure_count = 235
Frame 900 | max_source_penetration = 0.000 | max_receiver_penetration = 0.000 | below_source_bottom_count = 0 | below_receiver_bottom_count = 0 | inside_source_wall_count = 0 | inside_receiver_wall_count = 8
FrameTiming 901 37.898
FrameTiming 902 37.495
FrameTiming 903 37.620
FrameTiming 904 37.813
FrameTiming 905 37.971
FrameTiming 906 38.354
FrameTiming 907 38.116
FrameTiming 908 37.804
FrameTiming 909 37.885
FrameTiming 910 37.685
FrameTiming 911 37.802
FrameTiming 912 37.693
FrameTiming 913 37.737
FrameTiming 914 39.807
FrameTiming 915 37.558
FrameTiming 916 37.464
FrameTiming 917 37.404
FrameTiming 918 37.369
FrameTiming 919 37.616
FrameTiming 920 37.555
Frame 920 | rho: [679.506, 1154.984] avg=998.668 | p: [0.000, 382475.656] | speed avg=0.056 max=0.342
Frame 920 fluid stats | fluid_count = 1248 | rho = [679.506, 1154.984] avg = 998.668 | p = [0.000, 382475.656] avg = 163533.344 | speed = [0.003, 0.342] avg = 0.056 | rho_floor_count = 0 | zero_pressure_count = 228
Frame 920 | max_source_penetration = 0.000 | max_receiver_penetration = 0.000 | below_source_bottom_count = 0 | below_receiver_bottom_count = 0 | inside_source_wall_count = 0 | inside_receiver_wall_count = 10
FrameTiming 921 37.682
FrameTiming 922 37.727
FrameTiming 923 37.496
FrameTiming 924 37.715
FrameTiming 925 37.555
FrameTiming 926 37.450
FrameTiming 927 37.378
FrameTiming 928 37.413
FrameTiming 929 37.608
FrameTiming 930 37.668
FrameTiming 931 37.754
FrameTiming 932 37.781
FrameTiming 933 37.554
FrameTiming 934 37.507
FrameTiming 935 37.919
FrameTiming 936 37.665
FrameTiming 937 37.332
FrameTiming 938 37.684
FrameTiming 939 37.971
FrameTiming 940 37.809
Frame 940 | rho: [679.144, 1138.157] avg=997.199 | p: [0.000, 357235.656] | speed avg=0.058 max=0.402
Frame 940 fluid stats | fluid_count = 1248 | rho = [679.144, 1138.157] avg = 997.199 | p = [0.000, 357235.656] avg = 161812.688 | speed = [0.002, 0.402] avg = 0.058 | rho_floor_count = 0 | zero_pressure_count = 215
Frame 940 | max_source_penetration = 0.000 | max_receiver_penetration = 0.000 | below_source_bottom_count = 0 | below_receiver_bottom_count = 0 | inside_source_wall_count = 0 | inside_receiver_wall_count = 9
FrameTiming 941 37.325
FrameTiming 942 37.412
FrameTiming 943 37.549
FrameTiming 944 37.877
FrameTiming 945 37.987
FrameTiming 946 38.006
FrameTiming 947 38.228
FrameTiming 948 38.151
FrameTiming 949 37.719
FrameTiming 950 37.952
FrameTiming 951 37.742
FrameTiming 952 37.699
FrameTiming 953 37.944
FrameTiming 954 37.970
FrameTiming 955 37.413
FrameTiming 956 37.220
FrameTiming 957 37.797
FrameTiming 958 37.540
FrameTiming 959 37.699
FrameTiming 960 37.638
Frame 960 | rho: [675.585, 1159.787] avg=997.308 | p: [0.000, 389680.125] | speed avg=0.058 max=0.367
Frame 960 fluid stats | fluid_count = 1248 | rho = [675.585, 1159.787] avg = 997.308 | p = [0.000, 389680.125] avg = 160385.266 | speed = [0.003, 0.367] avg = 0.058 | rho_floor_count = 0 | zero_pressure_count = 212
Frame 960 | max_source_penetration = 0.000 | max_receiver_penetration = 0.000 | below_source_bottom_count = 0 | below_receiver_bottom_count = 0 | inside_source_wall_count = 0 | inside_receiver_wall_count = 9
FrameTiming 961 37.645
FrameTiming 962 38.121
FrameTiming 963 37.805
FrameTiming 964 37.849
FrameTiming 965 37.676
FrameTiming 966 37.506
FrameTiming 967 36.979
FrameTiming 968 37.820
FrameTiming 969 37.884
FrameTiming 970 37.816
FrameTiming 971 37.914
FrameTiming 972 41.083
FrameTiming 973 47.246
FrameTiming 974 46.155
FrameTiming 975 37.415
FrameTiming 976 37.420
FrameTiming 977 37.574
FrameTiming 978 37.425
FrameTiming 979 37.479
FrameTiming 980 37.506
Frame 980 | rho: [697.005, 1151.940] avg=999.474 | p: [0.000, 377910.281] | speed avg=0.054 max=0.326
Frame 980 fluid stats | fluid_count = 1248 | rho = [697.005, 1151.940] avg = 999.474 | p = [0.000, 377910.281] avg = 164079.594 | speed = [0.001, 0.326] avg = 0.054 | rho_floor_count = 0 | zero_pressure_count = 202
Frame 980 | max_source_penetration = 0.000 | max_receiver_penetration = 0.000 | below_source_bottom_count = 0 | below_receiver_bottom_count = 0 | inside_source_wall_count = 0 | inside_receiver_wall_count = 10
FrameTiming 981 37.636
FrameTiming 982 37.683
FrameTiming 983 37.940
FrameTiming 984 37.535
FrameTiming 985 37.746
FrameTiming 986 37.934
FrameTiming 987 37.733
FrameTiming 988 37.664
FrameTiming 989 37.784
FrameTiming 990 37.712
FrameTiming 991 37.850
FrameTiming 992 38.065
FrameTiming 993 38.152
FrameTiming 994 38.114
FrameTiming 995 38.216
FrameTiming 996 38.419
FrameTiming 997 38.130
FrameTiming 998 37.890
FrameTiming 999 37.844
FrameTiming 1000 38.008
Frame 1000 | rho: [676.070, 1145.946] avg=996.357 | p: [0.000, 368919.250] | speed avg=0.054 max=0.344
Frame 1000 fluid stats | fluid_count = 1248 | rho = [676.070, 1145.946] avg = 996.357 | p = [0.000, 368919.250] avg = 161146.016 | speed = [0.003, 0.344] avg = 0.054 | rho_floor_count = 0 | zero_pressure_count = 227
Frame 1000 | max_source_penetration = 0.000 | max_receiver_penetration = 0.000 | below_source_bottom_count = 0 | below_receiver_bottom_count = 0 | inside_source_wall_count = 0 | inside_receiver_wall_count = 12
TimingSummary mode=gpu_spatial_hash total_ms=37960.507 avg_ms=37.961 min_ms=34.695 max_ms=54.146
Done
