Generate the cup scene with target tilt = 120
Simulation mode = gpu_bruteforce
Initial density stats | rho: [360.426, 905.274] avg = 767.757 | p: [0, 7910.8] avg = 93.6544
Frame 0 fluid stats | fluid_count = 1248 | rho = [360.426, 905.274] avg = 767.757 | p = [0, 7910.8] avg = 93.6544 | speed = [0, 0] avg = 0 | rho_floor_count = 0 | zero_pressure_count = 1206
Initial source cup check | fluid_count = 1248 | outside_count = 0
Fluid particles = 1248
Boundary particles = 17824
FrameTiming 1 138.378
FrameTiming 2 115.520
FrameTiming 3 113.782
FrameTiming 4 114.258
FrameTiming 5 114.406
FrameTiming 6 113.418
FrameTiming 7 114.203
FrameTiming 8 113.438
FrameTiming 9 113.841
FrameTiming 10 113.979
FrameTiming 11 113.631
FrameTiming 12 113.751
FrameTiming 13 113.621
FrameTiming 14 113.575
FrameTiming 15 113.485
FrameTiming 16 113.893
FrameTiming 17 113.798
FrameTiming 18 113.577
FrameTiming 19 113.753
FrameTiming 20 113.260
Frame 20 | rho: [360.487, 1007.358] avg=795.666 | p: [0.000, 161036.312] | speed avg=0.645 max=0.647
Frame 20 fluid stats | fluid_count = 1248 | rho = [360.487, 1007.358] avg = 795.666 | p = [0.000, 161036.312] avg = 8176.460 | speed = [0.625, 0.647] avg = 0.645 | rho_floor_count = 0 | zero_pressure_count = 1126
Frame 20 | max_source_penetration = 0.000 | max_receiver_penetration = 0.000 | below_source_bottom_count = 0 | below_receiver_bottom_count = 0 | inside_source_wall_count = 0 | inside_receiver_wall_count = 0
FrameTiming 21 112.659
FrameTiming 22 112.384
FrameTiming 23 109.663
FrameTiming 24 109.788
FrameTiming 25 111.942
FrameTiming 26 111.443
FrameTiming 27 111.376
FrameTiming 28 110.964
FrameTiming 29 110.941
FrameTiming 30 110.515
FrameTiming 31 107.975
FrameTiming 32 107.839
FrameTiming 33 108.080
FrameTiming 34 108.070
FrameTiming 35 107.979
FrameTiming 36 108.293
FrameTiming 37 108.104
FrameTiming 38 107.736
FrameTiming 39 108.327
FrameTiming 40 110.574
Frame 40 | rho: [369.055, 1779.949] avg=1226.557 | p: [0.000, 1319922.875] | speed avg=0.612 max=1.073
Frame 40 fluid stats | fluid_count = 1248 | rho = [369.055, 1779.949] avg = 1226.557 | p = [0.000, 1319922.875] avg = 533314.125 | speed = [0.021, 1.073] avg = 0.612 | rho_floor_count = 0 | zero_pressure_count = 166
Frame 40 | max_source_penetration = 0.000 | max_receiver_penetration = 0.000 | below_source_bottom_count = 0 | below_receiver_bottom_count = 0 | inside_source_wall_count = 23 | inside_receiver_wall_count = 0
FrameTiming 41 113.809
FrameTiming 42 113.787
FrameTiming 43 110.788
FrameTiming 44 107.529
FrameTiming 45 108.098
FrameTiming 46 108.594
FrameTiming 47 110.746
FrameTiming 48 110.726
FrameTiming 49 111.274
FrameTiming 50 111.046
FrameTiming 51 111.127
FrameTiming 52 110.944
FrameTiming 53 111.197
FrameTiming 54 111.665
FrameTiming 55 111.241
FrameTiming 56 111.355
FrameTiming 57 111.265
FrameTiming 58 108.539
FrameTiming 59 108.637
FrameTiming 60 109.134
Frame 60 | rho: [107.425, 1372.006] avg=939.396 | p: [0.000, 708009.688] | speed avg=0.310 max=0.882
Frame 60 fluid stats | fluid_count = 1248 | rho = [107.425, 1372.006] avg = 939.396 | p = [0.000, 708009.688] avg = 135395.047 | speed = [0.013, 0.882] avg = 0.310 | rho_floor_count = 0 | zero_pressure_count = 421
Frame 60 | max_source_penetration = 0.000 | max_receiver_penetration = 0.000 | below_source_bottom_count = 0 | below_receiver_bottom_count = 0 | inside_source_wall_count = 7 | inside_receiver_wall_count = 0
FrameTiming 61 112.885
FrameTiming 62 112.665
FrameTiming 63 112.760
FrameTiming 64 112.920
FrameTiming 65 113.022
FrameTiming 66 113.534
FrameTiming 67 112.995
FrameTiming 68 113.062
FrameTiming 69 113.671
FrameTiming 70 113.483
FrameTiming 71 113.183
FrameTiming 72 112.728
FrameTiming 73 113.207
FrameTiming 74 113.717
FrameTiming 75 113.530
FrameTiming 76 112.510
FrameTiming 77 111.242
FrameTiming 78 112.678
FrameTiming 79 113.175
FrameTiming 80 110.637
Frame 80 | rho: [114.511, 1216.480] avg=921.148 | p: [0.000, 474720.531] | speed avg=0.179 max=0.438
Frame 80 fluid stats | fluid_count = 1248 | rho = [114.511, 1216.480] avg = 921.148 | p = [0.000, 474720.531] avg = 122065.195 | speed = [0.013, 0.438] avg = 0.179 | rho_floor_count = 0 | zero_pressure_count = 472
Frame 80 | max_source_penetration = 0.000 | max_receiver_penetration = 0.000 | below_source_bottom_count = 0 | below_receiver_bottom_count = 0 | inside_source_wall_count = 4 | inside_receiver_wall_count = 0
FrameTiming 81 110.954
FrameTiming 82 112.921
FrameTiming 83 112.769
FrameTiming 84 111.707
FrameTiming 85 109.414
FrameTiming 86 109.186
FrameTiming 87 109.065
FrameTiming 88 109.570
FrameTiming 89 108.876
FrameTiming 90 108.678
FrameTiming 91 108.628
FrameTiming 92 108.741
FrameTiming 93 109.023
FrameTiming 94 111.479
FrameTiming 95 111.412
FrameTiming 96 108.942
FrameTiming 97 108.695
FrameTiming 98 108.479
FrameTiming 99 108.621
FrameTiming 100 108.212
Frame 100 | rho: [495.918, 1474.710] avg=1129.461 | p: [0.000, 862065.688] | speed avg=0.185 max=0.753
Frame 100 fluid stats | fluid_count = 1248 | rho = [495.918, 1474.710] avg = 1129.461 | p = [0.000, 862065.688] avg = 355873.594 | speed = [0.021, 0.753] avg = 0.185 | rho_floor_count = 0 | zero_pressure_count = 104
Frame 100 | max_source_penetration = 0.000 | max_receiver_penetration = 0.000 | below_source_bottom_count = 0 | below_receiver_bottom_count = 0 | inside_source_wall_count = 10 | inside_receiver_wall_count = 0
FrameTiming 101 111.346
FrameTiming 102 111.349
FrameTiming 103 110.940
FrameTiming 104 111.300
FrameTiming 105 109.350
FrameTiming 106 108.669
FrameTiming 107 108.847
FrameTiming 108 108.800
FrameTiming 109 109.070
FrameTiming 110 108.947
FrameTiming 111 108.919
FrameTiming 112 109.222
FrameTiming 113 109.271
FrameTiming 114 109.369
FrameTiming 115 109.165
FrameTiming 116 109.315
FrameTiming 117 109.463
FrameTiming 118 108.897
FrameTiming 119 109.130
FrameTiming 120 109.045
Frame 120 | rho: [424.100, 1216.983] avg=967.320 | p: [0.000, 475473.812] | speed avg=0.354 max=0.688
Frame 120 fluid stats | fluid_count = 1248 | rho = [424.100, 1216.983] avg = 967.320 | p = [0.000, 475473.812] avg = 139758.844 | speed = [0.087, 0.688] avg = 0.354 | rho_floor_count = 0 | zero_pressure_count = 272
Frame 120 | max_source_penetration = 0.000 | max_receiver_penetration = 0.000 | below_source_bottom_count = 0 | below_receiver_bottom_count = 0 | inside_source_wall_count = 20 | inside_receiver_wall_count = 0
FrameTiming 121 109.327
FrameTiming 122 111.438
FrameTiming 123 109.417
FrameTiming 124 109.056
FrameTiming 125 109.642
FrameTiming 126 109.188
FrameTiming 127 112.447
FrameTiming 128 111.966
FrameTiming 129 112.340
FrameTiming 130 112.320
FrameTiming 131 112.502
FrameTiming 132 112.278
FrameTiming 133 112.416
FrameTiming 134 112.442
FrameTiming 135 112.339
FrameTiming 136 112.138
FrameTiming 137 111.997
FrameTiming 138 112.275
FrameTiming 139 112.182
FrameTiming 140 112.130
Frame 140 | rho: [522.489, 1486.237] avg=1011.316 | p: [0.000, 879355.062] | speed avg=0.391 max=0.675
Frame 140 fluid stats | fluid_count = 1248 | rho = [522.489, 1486.237] avg = 1011.316 | p = [0.000, 879355.062] avg = 199199.641 | speed = [0.072, 0.675] avg = 0.391 | rho_floor_count = 0 | zero_pressure_count = 266
Frame 140 | max_source_penetration = 0.000 | max_receiver_penetration = 0.000 | below_source_bottom_count = 0 | below_receiver_bottom_count = 0 | inside_source_wall_count = 2 | inside_receiver_wall_count = 0
FrameTiming 141 111.521
FrameTiming 142 111.941
FrameTiming 143 111.629
FrameTiming 144 111.429
FrameTiming 145 111.778
FrameTiming 146 111.329
FrameTiming 147 111.957
FrameTiming 148 112.075
FrameTiming 149 112.326
FrameTiming 150 110.752
FrameTiming 151 108.773
FrameTiming 152 109.067
FrameTiming 153 109.101
FrameTiming 154 108.719
FrameTiming 155 109.266
FrameTiming 156 110.034
FrameTiming 157 110.313
FrameTiming 158 114.035
FrameTiming 159 114.217
FrameTiming 160 114.825
Frame 160 | rho: [240.203, 1356.966] avg=995.339 | p: [0.000, 685449.438] | speed avg=0.507 max=0.799
Frame 160 fluid stats | fluid_count = 1248 | rho = [240.203, 1356.966] avg = 995.339 | p = [0.000, 685449.438] avg = 177654.422 | speed = [0.033, 0.799] avg = 0.507 | rho_floor_count = 0 | zero_pressure_count = 358
Frame 160 | max_source_penetration = 0.000 | max_receiver_penetration = 0.000 | below_source_bottom_count = 0 | below_receiver_bottom_count = 0 | inside_source_wall_count = 5 | inside_receiver_wall_count = 0
FrameTiming 161 114.480
FrameTiming 162 114.480
FrameTiming 163 114.147
FrameTiming 164 114.362
FrameTiming 165 114.164
FrameTiming 166 113.733
FrameTiming 167 113.687
FrameTiming 168 113.879
FrameTiming 169 113.313
FrameTiming 170 112.885
FrameTiming 171 113.272
FrameTiming 172 113.030
FrameTiming 173 112.304
FrameTiming 174 112.983
FrameTiming 175 112.588
FrameTiming 176 112.881
FrameTiming 177 112.852
FrameTiming 178 112.932
FrameTiming 179 112.846
FrameTiming 180 112.689
Frame 180 | rho: [176.682, 1341.556] avg=968.626 | p: [0.000, 662334.438] | speed avg=0.591 max=0.957
Frame 180 fluid stats | fluid_count = 1248 | rho = [176.682, 1341.556] avg = 968.626 | p = [0.000, 662334.438] avg = 163921.609 | speed = [0.060, 0.957] avg = 0.591 | rho_floor_count = 0 | zero_pressure_count = 400
Frame 180 | max_source_penetration = 0.000 | max_receiver_penetration = 0.000 | below_source_bottom_count = 0 | below_receiver_bottom_count = 0 | inside_source_wall_count = 1 | inside_receiver_wall_count = 0
FrameTiming 181 114.524
FrameTiming 182 116.328
FrameTiming 183 113.213
FrameTiming 184 113.125
FrameTiming 185 113.477
FrameTiming 186 113.891
FrameTiming 187 114.503
FrameTiming 188 116.308
FrameTiming 189 115.054
FrameTiming 190 115.860
FrameTiming 191 116.429
FrameTiming 192 116.527
FrameTiming 193 117.486
FrameTiming 194 117.027
FrameTiming 195 117.053
FrameTiming 196 117.202
FrameTiming 197 117.193
FrameTiming 198 117.357
FrameTiming 199 117.182
FrameTiming 200 117.334
Frame 200 | rho: [94.628, 1046.233] avg=778.932 | p: [0.000, 219350.094] | speed avg=0.843 max=1.214
Frame 200 fluid stats | fluid_count = 1248 | rho = [94.628, 1046.233] avg = 778.932 | p = [0.000, 219350.094] avg = 6935.767 | speed = [0.106, 1.214] avg = 0.843 | rho_floor_count = 0 | zero_pressure_count = 1135
Frame 200 | max_source_penetration = 0.000 | max_receiver_penetration = 0.000 | below_source_bottom_count = 0 | below_receiver_bottom_count = 0 | inside_source_wall_count = 0 | inside_receiver_wall_count = 0
FrameTiming 201 116.955
FrameTiming 202 114.266
FrameTiming 203 113.797
FrameTiming 204 112.748
FrameTiming 205 111.479
FrameTiming 206 111.369
FrameTiming 207 110.199
FrameTiming 208 110.402
FrameTiming 209 110.261
FrameTiming 210 110.180
FrameTiming 211 110.193
FrameTiming 212 112.114
FrameTiming 213 112.458
FrameTiming 214 112.836
FrameTiming 215 113.646
FrameTiming 216 114.454
FrameTiming 217 114.929
FrameTiming 218 115.610
FrameTiming 219 116.114
FrameTiming 220 114.789
Frame 220 | rho: [169.939, 1002.899] avg=719.707 | p: [0.000, 154348.656] | speed avg=0.906 max=1.702
Frame 220 fluid stats | fluid_count = 1248 | rho = [169.939, 1002.899] avg = 719.707 | p = [0.000, 154348.656] avg = 2952.123 | speed = [0.182, 1.702] avg = 0.906 | rho_floor_count = 0 | zero_pressure_count = 1178
Frame 220 | max_source_penetration = 0.000 | max_receiver_penetration = 0.000 | below_source_bottom_count = 0 | below_receiver_bottom_count = 0 | inside_source_wall_count = 6 | inside_receiver_wall_count = 0
FrameTiming 221 113.352
FrameTiming 222 112.940
FrameTiming 223 113.096
FrameTiming 224 115.209
FrameTiming 225 115.051
FrameTiming 226 114.808
FrameTiming 227 114.402
FrameTiming 228 113.988
FrameTiming 229 114.362
FrameTiming 230 113.386
FrameTiming 231 113.819
FrameTiming 232 113.986
FrameTiming 233 113.628
FrameTiming 234 112.879
FrameTiming 235 113.209
FrameTiming 236 113.293
FrameTiming 237 113.170
FrameTiming 238 113.861
FrameTiming 239 114.300
FrameTiming 240 114.750
Frame 240 | rho: [90.796, 1529.782] avg=623.725 | p: [0.000, 944673.688] | speed avg=0.935 max=1.625
Frame 240 fluid stats | fluid_count = 1248 | rho = [90.796, 1529.782] avg = 623.725 | p = [0.000, 944673.688] avg = 83761.531 | speed = [0.082, 1.625] avg = 0.935 | rho_floor_count = 0 | zero_pressure_count = 884
Frame 240 | max_source_penetration = 0.000 | max_receiver_penetration = 0.000 | below_source_bottom_count = 0 | below_receiver_bottom_count = 10 | inside_source_wall_count = 6 | inside_receiver_wall_count = 15
FrameTiming 241 114.218
FrameTiming 242 114.435
FrameTiming 243 114.370
FrameTiming 244 114.085
FrameTiming 245 113.963
FrameTiming 246 113.184
FrameTiming 247 114.077
FrameTiming 248 113.619
FrameTiming 249 113.463
FrameTiming 250 113.399
FrameTiming 251 112.932
FrameTiming 252 113.317
FrameTiming 253 113.219
FrameTiming 254 113.056
FrameTiming 255 113.860
FrameTiming 256 111.421
FrameTiming 257 110.075
FrameTiming 258 110.486
FrameTiming 259 110.900
FrameTiming 260 114.099
Frame 260 | rho: [99.078, 1356.148] avg=594.539 | p: [0.000, 684221.938] | speed avg=0.837 max=1.427
Frame 260 fluid stats | fluid_count = 1248 | rho = [99.078, 1356.148] avg = 594.539 | p = [0.000, 684221.938] avg = 31187.824 | speed = [0.014, 1.427] avg = 0.837 | rho_floor_count = 0 | zero_pressure_count = 973
Frame 260 | max_source_penetration = 0.000 | max_receiver_penetration = 0.000 | below_source_bottom_count = 0 | below_receiver_bottom_count = 1 | inside_source_wall_count = 7 | inside_receiver_wall_count = 11
FrameTiming 261 113.442
FrameTiming 262 113.450
FrameTiming 263 113.856
FrameTiming 264 113.274
FrameTiming 265 113.527
FrameTiming 266 113.408
FrameTiming 267 112.456
FrameTiming 268 110.838
FrameTiming 269 109.891
FrameTiming 270 113.364
FrameTiming 271 113.182
FrameTiming 272 113.381
FrameTiming 273 113.316
FrameTiming 274 112.795
FrameTiming 275 112.776
FrameTiming 276 113.216
FrameTiming 277 113.167
FrameTiming 278 113.129
FrameTiming 279 113.391
FrameTiming 280 113.394
Frame 280 | rho: [109.723, 1360.698] avg=774.628 | p: [0.000, 691047.562] | speed avg=0.751 max=1.403
Frame 280 fluid stats | fluid_count = 1248 | rho = [109.723, 1360.698] avg = 774.628 | p = [0.000, 691047.562] avg = 103640.250 | speed = [0.052, 1.403] avg = 0.751 | rho_floor_count = 0 | zero_pressure_count = 707
Frame 280 | max_source_penetration = 0.000 | max_receiver_penetration = 0.000 | below_source_bottom_count = 0 | below_receiver_bottom_count = 0 | inside_source_wall_count = 5 | inside_receiver_wall_count = 9
FrameTiming 281 113.876
FrameTiming 282 113.697
FrameTiming 283 112.873
FrameTiming 284 111.485
FrameTiming 285 111.538
FrameTiming 286 111.771
FrameTiming 287 111.947
FrameTiming 288 111.637
FrameTiming 289 111.225
FrameTiming 290 111.200
FrameTiming 291 111.008
FrameTiming 292 110.821
FrameTiming 293 111.102
FrameTiming 294 110.900
FrameTiming 295 111.010
FrameTiming 296 111.529
FrameTiming 297 110.911
FrameTiming 298 111.135
FrameTiming 299 113.524
FrameTiming 300 113.000
Frame 300 | rho: [90.443, 1295.189] avg=821.794 | p: [0.000, 592782.875] | speed avg=0.493 max=1.351
Frame 300 fluid stats | fluid_count = 1248 | rho = [90.443, 1295.189] avg = 821.794 | p = [0.000, 592782.875] avg = 104399.453 | speed = [0.007, 1.351] avg = 0.493 | rho_floor_count = 0 | zero_pressure_count = 572
Frame 300 | max_source_penetration = 0.000 | max_receiver_penetration = 0.000 | below_source_bottom_count = 0 | below_receiver_bottom_count = 0 | inside_source_wall_count = 7 | inside_receiver_wall_count = 8
FrameTiming 301 113.411
FrameTiming 302 113.453
FrameTiming 303 113.130
FrameTiming 304 113.227
FrameTiming 305 113.723
FrameTiming 306 113.620
FrameTiming 307 113.607
FrameTiming 308 113.571
FrameTiming 309 113.611
FrameTiming 310 113.661
FrameTiming 311 113.500
FrameTiming 312 113.256
FrameTiming 313 113.129
FrameTiming 314 113.373
FrameTiming 315 113.230
FrameTiming 316 113.162
FrameTiming 317 113.306
FrameTiming 318 112.932
FrameTiming 319 112.997
FrameTiming 320 113.202
Frame 320 | rho: [116.294, 1367.519] avg=925.897 | p: [0.000, 701278.562] | speed avg=0.308 max=1.345
Frame 320 fluid stats | fluid_count = 1248 | rho = [116.294, 1367.519] avg = 925.897 | p = [0.000, 701278.562] avg = 178400.406 | speed = [0.008, 1.345] avg = 0.308 | rho_floor_count = 0 | zero_pressure_count = 402
Frame 320 | max_source_penetration = 0.000 | max_receiver_penetration = 0.000 | below_source_bottom_count = 0 | below_receiver_bottom_count = 0 | inside_source_wall_count = 0 | inside_receiver_wall_count = 11
FrameTiming 321 113.160
FrameTiming 322 113.305
FrameTiming 323 113.253
FrameTiming 324 113.454
FrameTiming 325 113.534
FrameTiming 326 113.505
FrameTiming 327 113.540
FrameTiming 328 113.144
FrameTiming 329 113.648
FrameTiming 330 115.937
FrameTiming 331 116.944
FrameTiming 332 113.833
FrameTiming 333 114.159
FrameTiming 334 114.843
FrameTiming 335 114.988
FrameTiming 336 114.994
FrameTiming 337 114.809
FrameTiming 338 115.454
FrameTiming 339 115.490
FrameTiming 340 115.286
Frame 340 | rho: [141.406, 1214.827] avg=953.245 | p: [0.000, 472241.094] | speed avg=0.178 max=1.322
Frame 340 fluid stats | fluid_count = 1248 | rho = [141.406, 1214.827] avg = 953.245 | p = [0.000, 472241.094] avg = 157272.141 | speed = [0.010, 1.322] avg = 0.178 | rho_floor_count = 0 | zero_pressure_count = 368
Frame 340 | max_source_penetration = 0.000 | max_receiver_penetration = 0.000 | below_source_bottom_count = 0 | below_receiver_bottom_count = 0 | inside_source_wall_count = 0 | inside_receiver_wall_count = 4
FrameTiming 341 115.291
FrameTiming 342 114.854
FrameTiming 343 114.842
FrameTiming 344 115.003
FrameTiming 345 114.597
FrameTiming 346 114.293
FrameTiming 347 114.235
FrameTiming 348 114.881
FrameTiming 349 115.115
FrameTiming 350 115.422
FrameTiming 351 114.668
FrameTiming 352 115.328
FrameTiming 353 114.569
FrameTiming 354 114.801
FrameTiming 355 114.991
FrameTiming 356 115.083
FrameTiming 357 115.037
FrameTiming 358 114.905
FrameTiming 359 114.822
FrameTiming 360 114.723
Frame 360 | rho: [585.399, 1214.601] avg=991.566 | p: [0.000, 471901.781] | speed avg=0.111 max=0.467
Frame 360 fluid stats | fluid_count = 1248 | rho = [585.399, 1214.601] avg = 991.566 | p = [0.000, 471901.781] avg = 165670.781 | speed = [0.004, 0.467] avg = 0.111 | rho_floor_count = 0 | zero_pressure_count = 321
Frame 360 | max_source_penetration = 0.000 | max_receiver_penetration = 0.000 | below_source_bottom_count = 0 | below_receiver_bottom_count = 0 | inside_source_wall_count = 0 | inside_receiver_wall_count = 5
FrameTiming 361 114.466
FrameTiming 362 114.844
FrameTiming 363 113.566
FrameTiming 364 114.679
FrameTiming 365 115.139
FrameTiming 366 115.021
FrameTiming 367 114.997
FrameTiming 368 115.170
FrameTiming 369 115.035
FrameTiming 370 114.350
FrameTiming 371 114.607
FrameTiming 372 111.748
FrameTiming 373 112.281
FrameTiming 374 111.540
FrameTiming 375 111.814
FrameTiming 376 115.313
FrameTiming 377 114.793
FrameTiming 378 114.777
FrameTiming 379 114.587
FrameTiming 380 114.589
Frame 380 | rho: [682.722, 1199.203] avg=994.752 | p: [0.000, 448803.969] | speed avg=0.084 max=0.409
Frame 380 fluid stats | fluid_count = 1248 | rho = [682.722, 1199.203] avg = 994.752 | p = [0.000, 448803.969] avg = 167679.859 | speed = [0.004, 0.409] avg = 0.084 | rho_floor_count = 0 | zero_pressure_count = 306
Frame 380 | max_source_penetration = 0.000 | max_receiver_penetration = 0.000 | below_source_bottom_count = 0 | below_receiver_bottom_count = 0 | inside_source_wall_count = 0 | inside_receiver_wall_count = 10
FrameTiming 381 114.382
FrameTiming 382 114.517
FrameTiming 383 114.223
FrameTiming 384 114.191
FrameTiming 385 113.979
FrameTiming 386 114.228
FrameTiming 387 113.807
FrameTiming 388 114.496
FrameTiming 389 114.469
FrameTiming 390 114.355
FrameTiming 391 114.269
FrameTiming 392 114.697
FrameTiming 393 114.402
FrameTiming 394 113.892
FrameTiming 395 114.413
FrameTiming 396 114.721
FrameTiming 397 114.832
FrameTiming 398 114.901
FrameTiming 399 114.318
FrameTiming 400 114.621
Frame 400 | rho: [697.335, 1168.549] avg=979.944 | p: [0.000, 402823.781] | speed avg=0.073 max=0.401
Frame 400 fluid stats | fluid_count = 1248 | rho = [697.335, 1168.549] avg = 979.944 | p = [0.000, 402823.781] avg = 144213.328 | speed = [0.006, 0.401] avg = 0.073 | rho_floor_count = 0 | zero_pressure_count = 335
Frame 400 | max_source_penetration = 0.000 | max_receiver_penetration = 0.000 | below_source_bottom_count = 0 | below_receiver_bottom_count = 0 | inside_source_wall_count = 0 | inside_receiver_wall_count = 8
FrameTiming 401 114.118
FrameTiming 402 113.933
FrameTiming 403 114.520
FrameTiming 404 114.652
FrameTiming 405 114.550
FrameTiming 406 114.776
FrameTiming 407 114.427
FrameTiming 408 114.711
FrameTiming 409 114.442
FrameTiming 410 115.164
FrameTiming 411 114.821
FrameTiming 412 114.909
FrameTiming 413 114.430
FrameTiming 414 114.548
FrameTiming 415 114.095
FrameTiming 416 114.466
FrameTiming 417 114.275
FrameTiming 418 113.981
FrameTiming 419 114.661
FrameTiming 420 114.046
Frame 420 | rho: [717.181, 1180.437] avg=998.269 | p: [0.000, 420655.688] | speed avg=0.062 max=0.388
Frame 420 fluid stats | fluid_count = 1248 | rho = [717.181, 1180.437] avg = 998.269 | p = [0.000, 420655.688] avg = 164498.906 | speed = [0.004, 0.388] avg = 0.062 | rho_floor_count = 0 | zero_pressure_count = 275
Frame 420 | max_source_penetration = 0.000 | max_receiver_penetration = 0.000 | below_source_bottom_count = 0 | below_receiver_bottom_count = 0 | inside_source_wall_count = 0 | inside_receiver_wall_count = 6
FrameTiming 421 114.832
FrameTiming 422 114.836
FrameTiming 423 114.802
FrameTiming 424 114.917
FrameTiming 425 115.059
FrameTiming 426 114.725
FrameTiming 427 114.354
FrameTiming 428 114.566
FrameTiming 429 114.832
FrameTiming 430 114.958
FrameTiming 431 114.531
FrameTiming 432 114.403
FrameTiming 433 114.638
FrameTiming 434 114.710
FrameTiming 435 114.546
FrameTiming 436 114.602
FrameTiming 437 114.020
FrameTiming 438 113.989
FrameTiming 439 113.865
FrameTiming 440 114.315
Frame 440 | rho: [670.356, 1143.206] avg=995.190 | p: [0.000, 364809.250] | speed avg=0.054 max=0.344
Frame 440 fluid stats | fluid_count = 1248 | rho = [670.356, 1143.206] avg = 995.190 | p = [0.000, 364809.250] avg = 160743.734 | speed = [0.003, 0.344] avg = 0.054 | rho_floor_count = 0 | zero_pressure_count = 228
Frame 440 | max_source_penetration = 0.000 | max_receiver_penetration = 0.000 | below_source_bottom_count = 0 | below_receiver_bottom_count = 0 | inside_source_wall_count = 0 | inside_receiver_wall_count = 6
FrameTiming 441 113.895
FrameTiming 442 114.359
FrameTiming 443 114.271
FrameTiming 444 114.569
FrameTiming 445 114.195
FrameTiming 446 114.370
FrameTiming 447 114.588
FrameTiming 448 114.513
FrameTiming 449 114.516
FrameTiming 450 111.666
FrameTiming 451 111.249
FrameTiming 452 111.611
FrameTiming 453 111.622
FrameTiming 454 111.761
FrameTiming 455 111.702
FrameTiming 456 111.603
FrameTiming 457 110.993
FrameTiming 458 111.370
FrameTiming 459 111.973
FrameTiming 460 111.413
Frame 460 | rho: [691.958, 1165.280] avg=992.344 | p: [0.000, 397920.406] | speed avg=0.056 max=0.313
Frame 460 fluid stats | fluid_count = 1248 | rho = [691.958, 1165.280] avg = 992.344 | p = [0.000, 397920.406] avg = 154891.391 | speed = [0.001, 0.313] avg = 0.056 | rho_floor_count = 0 | zero_pressure_count = 229
Frame 460 | max_source_penetration = 0.000 | max_receiver_penetration = 0.000 | below_source_bottom_count = 0 | below_receiver_bottom_count = 0 | inside_source_wall_count = 0 | inside_receiver_wall_count = 10
FrameTiming 461 111.089
FrameTiming 462 111.501
FrameTiming 463 111.896
FrameTiming 464 111.601
FrameTiming 465 111.501
FrameTiming 466 114.203
FrameTiming 467 114.615
FrameTiming 468 114.875
FrameTiming 469 113.725
FrameTiming 470 114.027
FrameTiming 471 113.853
FrameTiming 472 114.117
FrameTiming 473 114.229
FrameTiming 474 114.039
FrameTiming 475 114.086
FrameTiming 476 114.089
FrameTiming 477 118.286
FrameTiming 478 117.248
FrameTiming 479 111.206
FrameTiming 480 111.654
Frame 480 | rho: [689.379, 1172.271] avg=1002.547 | p: [0.000, 408405.938] | speed avg=0.056 max=0.406
Frame 480 fluid stats | fluid_count = 1248 | rho = [689.379, 1172.271] avg = 1002.547 | p = [0.000, 408405.938] avg = 167326.328 | speed = [0.003, 0.406] avg = 0.056 | rho_floor_count = 0 | zero_pressure_count = 213
Frame 480 | max_source_penetration = 0.000 | max_receiver_penetration = 0.000 | below_source_bottom_count = 0 | below_receiver_bottom_count = 0 | inside_source_wall_count = 0 | inside_receiver_wall_count = 10
FrameTiming 481 114.858
FrameTiming 482 114.239
FrameTiming 483 114.506
FrameTiming 484 114.074
FrameTiming 485 113.899
FrameTiming 486 114.396
FrameTiming 487 114.079
FrameTiming 488 113.983
FrameTiming 489 114.063
FrameTiming 490 113.776
FrameTiming 491 113.647
FrameTiming 492 114.169
FrameTiming 493 114.280
FrameTiming 494 114.122
FrameTiming 495 114.150
FrameTiming 496 113.982
FrameTiming 497 113.868
FrameTiming 498 114.083
FrameTiming 499 114.128
FrameTiming 500 113.854
Frame 500 | rho: [692.386, 1145.311] avg=995.162 | p: [0.000, 367966.188] | speed avg=0.053 max=0.347
Frame 500 fluid stats | fluid_count = 1248 | rho = [692.386, 1145.311] avg = 995.162 | p = [0.000, 367966.188] avg = 158680.531 | speed = [0.003, 0.347] avg = 0.053 | rho_floor_count = 0 | zero_pressure_count = 224
Frame 500 | max_source_penetration = 0.000 | max_receiver_penetration = 0.000 | below_source_bottom_count = 0 | below_receiver_bottom_count = 0 | inside_source_wall_count = 0 | inside_receiver_wall_count = 6
FrameTiming 501 114.015
FrameTiming 502 111.233
FrameTiming 503 111.392
FrameTiming 504 111.379
FrameTiming 505 111.265
FrameTiming 506 111.301
FrameTiming 507 111.262
FrameTiming 508 111.463
FrameTiming 509 111.245
FrameTiming 510 111.266
FrameTiming 511 110.923
FrameTiming 512 111.158
FrameTiming 513 112.667
FrameTiming 514 113.782
FrameTiming 515 114.103
FrameTiming 516 114.043
FrameTiming 517 113.915
FrameTiming 518 114.140
FrameTiming 519 114.296
FrameTiming 520 114.490
Frame 520 | rho: [697.441, 1142.858] avg=993.759 | p: [0.000, 364287.594] | speed avg=0.053 max=0.324
Frame 520 fluid stats | fluid_count = 1248 | rho = [697.441, 1142.858] avg = 993.759 | p = [0.000, 364287.594] avg = 157632.484 | speed = [0.002, 0.324] avg = 0.053 | rho_floor_count = 0 | zero_pressure_count = 236
Frame 520 | max_source_penetration = 0.000 | max_receiver_penetration = 0.000 | below_source_bottom_count = 0 | below_receiver_bottom_count = 0 | inside_source_wall_count = 0 | inside_receiver_wall_count = 9
FrameTiming 521 114.623
FrameTiming 522 114.227
FrameTiming 523 114.379
FrameTiming 524 114.950
FrameTiming 525 114.044
FrameTiming 526 114.210
FrameTiming 527 114.208
FrameTiming 528 112.600
FrameTiming 529 111.778
FrameTiming 530 111.454
FrameTiming 531 111.561
FrameTiming 532 111.384
FrameTiming 533 111.258
FrameTiming 534 110.852
FrameTiming 535 110.793
FrameTiming 536 111.175
FrameTiming 537 111.019
FrameTiming 538 111.052
FrameTiming 539 111.171
FrameTiming 540 111.323
Frame 540 | rho: [665.908, 1158.396] avg=1001.100 | p: [0.000, 387593.438] | speed avg=0.051 max=0.399
Frame 540 fluid stats | fluid_count = 1248 | rho = [665.908, 1158.396] avg = 1001.100 | p = [0.000, 387593.438] avg = 166211.188 | speed = [0.002, 0.399] avg = 0.051 | rho_floor_count = 0 | zero_pressure_count = 215
Frame 540 | max_source_penetration = 0.000 | max_receiver_penetration = 0.000 | below_source_bottom_count = 0 | below_receiver_bottom_count = 0 | inside_source_wall_count = 0 | inside_receiver_wall_count = 11
FrameTiming 541 111.291
FrameTiming 542 111.613
FrameTiming 543 111.526
FrameTiming 544 111.724
FrameTiming 545 111.130
FrameTiming 546 111.719
FrameTiming 547 111.945
FrameTiming 548 111.710
FrameTiming 549 111.851
FrameTiming 550 112.891
FrameTiming 551 112.382
FrameTiming 552 112.573
FrameTiming 553 113.250
FrameTiming 554 115.251
FrameTiming 555 114.828
FrameTiming 556 115.814
FrameTiming 557 112.443
FrameTiming 558 112.013
FrameTiming 559 112.393
FrameTiming 560 112.967
Frame 560 | rho: [695.164, 1163.872] avg=993.606 | p: [0.000, 395808.469] | speed avg=0.053 max=0.372
Frame 560 fluid stats | fluid_count = 1248 | rho = [695.164, 1163.872] avg = 993.606 | p = [0.000, 395808.469] avg = 157117.922 | speed = [0.003, 0.372] avg = 0.053 | rho_floor_count = 0 | zero_pressure_count = 239
Frame 560 | max_source_penetration = 0.000 | max_receiver_penetration = 0.000 | below_source_bottom_count = 0 | below_receiver_bottom_count = 0 | inside_source_wall_count = 0 | inside_receiver_wall_count = 6
FrameTiming 561 114.932
FrameTiming 562 111.986
FrameTiming 563 112.058
FrameTiming 564 112.217
FrameTiming 565 112.179
FrameTiming 566 112.143
FrameTiming 567 112.429
FrameTiming 568 112.617
FrameTiming 569 115.290
FrameTiming 570 115.434
FrameTiming 571 115.207
FrameTiming 572 115.748
FrameTiming 573 114.966
FrameTiming 574 138.378
FrameTiming 575 137.684
FrameTiming 576 137.482
FrameTiming 577 138.012
FrameTiming 578 137.786
FrameTiming 579 137.725
FrameTiming 580 137.413
Frame 580 | rho: [671.649, 1214.334] avg=1000.446 | p: [0.000, 471501.719] | speed avg=0.053 max=0.352
Frame 580 fluid stats | fluid_count = 1248 | rho = [671.649, 1214.334] avg = 1000.446 | p = [0.000, 471501.719] avg = 164988.391 | speed = [0.003, 0.352] avg = 0.053 | rho_floor_count = 0 | zero_pressure_count = 199
Frame 580 | max_source_penetration = 0.000 | max_receiver_penetration = 0.000 | below_source_bottom_count = 0 | below_receiver_bottom_count = 0 | inside_source_wall_count = 0 | inside_receiver_wall_count = 14
FrameTiming 581 137.453
FrameTiming 582 137.622
FrameTiming 583 137.573
FrameTiming 584 137.649
FrameTiming 585 137.457
FrameTiming 586 137.740
FrameTiming 587 137.858
FrameTiming 588 138.019
FrameTiming 589 138.058
FrameTiming 590 137.820
FrameTiming 591 138.188
FrameTiming 592 137.758
FrameTiming 593 138.146
FrameTiming 594 138.279
FrameTiming 595 137.750
FrameTiming 596 138.192
FrameTiming 597 138.280
FrameTiming 598 138.528
FrameTiming 599 138.043
FrameTiming 600 137.908
Frame 600 | rho: [663.316, 1204.724] avg=995.548 | p: [0.000, 457086.188] | speed avg=0.050 max=0.336
Frame 600 fluid stats | fluid_count = 1248 | rho = [663.316, 1204.724] avg = 995.548 | p = [0.000, 457086.188] avg = 159219.609 | speed = [0.001, 0.336] avg = 0.050 | rho_floor_count = 0 | zero_pressure_count = 215
Frame 600 | max_source_penetration = 0.000 | max_receiver_penetration = 0.000 | below_source_bottom_count = 0 | below_receiver_bottom_count = 0 | inside_source_wall_count = 0 | inside_receiver_wall_count = 9
FrameTiming 601 138.318
FrameTiming 602 137.968
FrameTiming 603 138.200
FrameTiming 604 138.076
FrameTiming 605 137.912
FrameTiming 606 138.156
FrameTiming 607 137.971
FrameTiming 608 138.003
FrameTiming 609 137.884
FrameTiming 610 137.974
FrameTiming 611 137.622
FrameTiming 612 138.086
FrameTiming 613 135.272
FrameTiming 614 136.280
FrameTiming 615 140.123
FrameTiming 616 139.957
FrameTiming 617 138.171
FrameTiming 618 138.272
FrameTiming 619 138.296
FrameTiming 620 138.338
Frame 620 | rho: [666.593, 1151.963] avg=995.676 | p: [0.000, 377943.781] | speed avg=0.053 max=0.391
Frame 620 fluid stats | fluid_count = 1248 | rho = [666.593, 1151.963] avg = 995.676 | p = [0.000, 377943.781] avg = 159499.938 | speed = [0.002, 0.391] avg = 0.053 | rho_floor_count = 0 | zero_pressure_count = 217
Frame 620 | max_source_penetration = 0.000 | max_receiver_penetration = 0.000 | below_source_bottom_count = 0 | below_receiver_bottom_count = 0 | inside_source_wall_count = 0 | inside_receiver_wall_count = 14
FrameTiming 621 138.031
FrameTiming 622 137.687
FrameTiming 623 137.544
FrameTiming 624 137.926
FrameTiming 625 137.863
FrameTiming 626 137.709
FrameTiming 627 137.511
FrameTiming 628 137.767
FrameTiming 629 137.866
FrameTiming 630 137.785
FrameTiming 631 137.921
FrameTiming 632 137.658
FrameTiming 633 137.802
FrameTiming 634 137.181
FrameTiming 635 137.527
FrameTiming 636 137.963
FrameTiming 637 138.372
FrameTiming 638 138.051
FrameTiming 639 138.519
FrameTiming 640 137.602
Frame 640 | rho: [610.812, 1185.684] avg=1000.205 | p: [0.000, 428525.750] | speed avg=0.053 max=0.368
Frame 640 fluid stats | fluid_count = 1248 | rho = [610.812, 1185.684] avg = 1000.205 | p = [0.000, 428525.750] avg = 165496.672 | speed = [0.001, 0.368] avg = 0.053 | rho_floor_count = 0 | zero_pressure_count = 207
Frame 640 | max_source_penetration = 0.000 | max_receiver_penetration = 0.000 | below_source_bottom_count = 0 | below_receiver_bottom_count = 0 | inside_source_wall_count = 0 | inside_receiver_wall_count = 5
FrameTiming 641 137.898
FrameTiming 642 137.459
FrameTiming 643 137.743
FrameTiming 644 137.955
FrameTiming 645 137.551
FrameTiming 646 137.549
FrameTiming 647 137.562
FrameTiming 648 137.767
FrameTiming 649 137.928
FrameTiming 650 137.972
FrameTiming 651 138.022
FrameTiming 652 138.013
FrameTiming 653 137.843
FrameTiming 654 137.603
FrameTiming 655 137.815
FrameTiming 656 137.810
FrameTiming 657 137.782
FrameTiming 658 137.694
FrameTiming 659 138.139
FrameTiming 660 137.917
Frame 660 | rho: [698.196, 1176.226] avg=992.280 | p: [0.000, 414338.562] | speed avg=0.053 max=0.397
Frame 660 fluid stats | fluid_count = 1248 | rho = [698.196, 1176.226] avg = 992.280 | p = [0.000, 414338.562] avg = 154600.922 | speed = [0.003, 0.397] avg = 0.053 | rho_floor_count = 0 | zero_pressure_count = 221
Frame 660 | max_source_penetration = 0.000 | max_receiver_penetration = 0.000 | below_source_bottom_count = 0 | below_receiver_bottom_count = 0 | inside_source_wall_count = 0 | inside_receiver_wall_count = 8
FrameTiming 661 137.943
FrameTiming 662 137.809
FrameTiming 663 137.968
FrameTiming 664 138.230
FrameTiming 665 138.085
FrameTiming 666 138.051
FrameTiming 667 137.950
FrameTiming 668 136.849
FrameTiming 669 137.705
FrameTiming 670 137.922
FrameTiming 671 137.455
FrameTiming 672 137.839
FrameTiming 673 137.704
FrameTiming 674 137.853
FrameTiming 675 138.137
FrameTiming 676 138.524
FrameTiming 677 138.004
FrameTiming 678 138.193
FrameTiming 679 138.363
FrameTiming 680 137.894
Frame 680 | rho: [658.016, 1183.065] avg=997.282 | p: [0.000, 424597.594] | speed avg=0.053 max=0.318
Frame 680 fluid stats | fluid_count = 1248 | rho = [658.016, 1183.065] avg = 997.282 | p = [0.000, 424597.594] avg = 160898.062 | speed = [0.000, 0.318] avg = 0.053 | rho_floor_count = 0 | zero_pressure_count = 227
Frame 680 | max_source_penetration = 0.000 | max_receiver_penetration = 0.000 | below_source_bottom_count = 0 | below_receiver_bottom_count = 0 | inside_source_wall_count = 0 | inside_receiver_wall_count = 11
FrameTiming 681 135.379
FrameTiming 682 136.130
FrameTiming 683 138.669
FrameTiming 684 137.964
FrameTiming 685 138.030
FrameTiming 686 137.794
FrameTiming 687 138.109
FrameTiming 688 138.092
FrameTiming 689 138.282
FrameTiming 690 138.129
FrameTiming 691 137.878
FrameTiming 692 138.063
FrameTiming 693 138.083
FrameTiming 694 137.871
FrameTiming 695 137.448
FrameTiming 696 137.884
FrameTiming 697 138.171
FrameTiming 698 138.261
FrameTiming 699 138.196
FrameTiming 700 141.075
Frame 700 | rho: [716.676, 1142.462] avg=997.997 | p: [0.000, 363693.250] | speed avg=0.054 max=0.334
Frame 700 fluid stats | fluid_count = 1248 | rho = [716.676, 1142.462] avg = 997.997 | p = [0.000, 363693.250] avg = 163356.859 | speed = [0.002, 0.334] avg = 0.054 | rho_floor_count = 0 | zero_pressure_count = 203
Frame 700 | max_source_penetration = 0.000 | max_receiver_penetration = 0.000 | below_source_bottom_count = 0 | below_receiver_bottom_count = 0 | inside_source_wall_count = 0 | inside_receiver_wall_count = 8
FrameTiming 701 136.197
FrameTiming 702 139.452
FrameTiming 703 137.885
FrameTiming 704 135.622
FrameTiming 705 137.697
FrameTiming 706 137.646
FrameTiming 707 137.786
FrameTiming 708 137.541
FrameTiming 709 138.241
FrameTiming 710 138.321
FrameTiming 711 138.357
FrameTiming 712 137.870
FrameTiming 713 137.873
FrameTiming 714 137.766
FrameTiming 715 137.555
FrameTiming 716 137.680
FrameTiming 717 135.886
FrameTiming 718 138.137
FrameTiming 719 137.766
FrameTiming 720 135.310
Frame 720 | rho: [687.065, 1162.713] avg=996.807 | p: [0.000, 394069.156] | speed avg=0.056 max=0.315
Frame 720 fluid stats | fluid_count = 1248 | rho = [687.065, 1162.713] avg = 996.807 | p = [0.000, 394069.156] avg = 160591.625 | speed = [0.003, 0.315] avg = 0.056 | rho_floor_count = 0 | zero_pressure_count = 233
Frame 720 | max_source_penetration = 0.000 | max_receiver_penetration = 0.000 | below_source_bottom_count = 0 | below_receiver_bottom_count = 0 | inside_source_wall_count = 0 | inside_receiver_wall_count = 11
FrameTiming 721 138.824
FrameTiming 722 138.027
FrameTiming 723 136.520
FrameTiming 724 137.577
FrameTiming 725 137.644
FrameTiming 726 137.488
FrameTiming 727 137.792
FrameTiming 728 137.826
FrameTiming 729 137.924
FrameTiming 730 137.797
FrameTiming 731 137.637
FrameTiming 732 137.213
FrameTiming 733 134.751
FrameTiming 734 139.675
FrameTiming 735 134.924
FrameTiming 736 134.847
FrameTiming 737 134.839
FrameTiming 738 134.497
FrameTiming 739 134.655
FrameTiming 740 134.802
Frame 740 | rho: [647.899, 1141.717] avg=995.282 | p: [0.000, 362576.125] | speed avg=0.054 max=0.319
Frame 740 fluid stats | fluid_count = 1248 | rho = [647.899, 1141.717] avg = 995.282 | p = [0.000, 362576.125] avg = 158597.906 | speed = [0.001, 0.319] avg = 0.054 | rho_floor_count = 0 | zero_pressure_count = 212
Frame 740 | max_source_penetration = 0.000 | max_receiver_penetration = 0.000 | below_source_bottom_count = 0 | below_receiver_bottom_count = 0 | inside_source_wall_count = 0 | inside_receiver_wall_count = 11
FrameTiming 741 136.821
FrameTiming 742 137.467
FrameTiming 743 137.498
FrameTiming 744 135.095
FrameTiming 745 136.127
FrameTiming 746 137.530
FrameTiming 747 137.777
FrameTiming 748 137.265
FrameTiming 749 136.752
FrameTiming 750 137.322
FrameTiming 751 137.085
FrameTiming 752 137.936
FrameTiming 753 137.478
FrameTiming 754 137.225
FrameTiming 755 137.427
FrameTiming 756 137.447
FrameTiming 757 137.654
FrameTiming 758 137.851
FrameTiming 759 137.472
FrameTiming 760 137.796
Frame 760 | rho: [668.509, 1179.370] avg=997.760 | p: [0.000, 419054.438] | speed avg=0.054 max=0.328
Frame 760 fluid stats | fluid_count = 1248 | rho = [668.509, 1179.370] avg = 997.760 | p = [0.000, 419054.438] avg = 160874.922 | speed = [0.003, 0.328] avg = 0.054 | rho_floor_count = 0 | zero_pressure_count = 212
Frame 760 | max_source_penetration = 0.000 | max_receiver_penetration = 0.000 | below_source_bottom_count = 0 | below_receiver_bottom_count = 0 | inside_source_wall_count = 0 | inside_receiver_wall_count = 7
FrameTiming 761 137.537
FrameTiming 762 138.029
FrameTiming 763 137.610
FrameTiming 764 137.694
FrameTiming 765 137.750
FrameTiming 766 137.742
FrameTiming 767 137.612
FrameTiming 768 137.800
FrameTiming 769 137.395
FrameTiming 770 137.582
FrameTiming 771 136.291
FrameTiming 772 134.881
FrameTiming 773 135.173
FrameTiming 774 136.215
FrameTiming 775 137.768
FrameTiming 776 137.341
FrameTiming 777 137.715
FrameTiming 778 137.354
FrameTiming 779 137.304
FrameTiming 780 137.539
Frame 780 | rho: [684.531, 1164.498] avg=998.636 | p: [0.000, 396746.531] | speed avg=0.053 max=0.323
Frame 780 fluid stats | fluid_count = 1248 | rho = [684.531, 1164.498] avg = 998.636 | p = [0.000, 396746.531] avg = 163225.328 | speed = [0.003, 0.323] avg = 0.053 | rho_floor_count = 0 | zero_pressure_count = 217
Frame 780 | max_source_penetration = 0.000 | max_receiver_penetration = 0.000 | below_source_bottom_count = 0 | below_receiver_bottom_count = 0 | inside_source_wall_count = 0 | inside_receiver_wall_count = 9
FrameTiming 781 137.183
FrameTiming 782 137.450
FrameTiming 783 134.648
FrameTiming 784 135.002
FrameTiming 785 137.243
FrameTiming 786 137.493
FrameTiming 787 137.491
FrameTiming 788 134.852
FrameTiming 789 134.487
FrameTiming 790 134.507
FrameTiming 791 134.697
FrameTiming 792 134.710
FrameTiming 793 134.963
FrameTiming 794 134.505
FrameTiming 795 134.996
FrameTiming 796 134.802
FrameTiming 797 135.243
FrameTiming 798 134.825
FrameTiming 799 135.053
FrameTiming 800 135.060
Frame 800 | rho: [701.696, 1177.967] avg=1000.344 | p: [0.000, 416950.562] | speed avg=0.055 max=0.309
Frame 800 fluid stats | fluid_count = 1248 | rho = [701.696, 1177.967] avg = 1000.344 | p = [0.000, 416950.562] avg = 165240.062 | speed = [0.002, 0.309] avg = 0.055 | rho_floor_count = 0 | zero_pressure_count = 224
Frame 800 | max_source_penetration = 0.000 | max_receiver_penetration = 0.000 | below_source_bottom_count = 0 | below_receiver_bottom_count = 0 | inside_source_wall_count = 0 | inside_receiver_wall_count = 8
FrameTiming 801 134.809
FrameTiming 802 134.869
FrameTiming 803 135.244
FrameTiming 804 135.168
FrameTiming 805 135.232
FrameTiming 806 137.619
FrameTiming 807 138.371
FrameTiming 808 137.048
FrameTiming 809 134.800
FrameTiming 810 134.962
FrameTiming 811 134.872
FrameTiming 812 135.190
FrameTiming 813 135.888
FrameTiming 814 138.260
FrameTiming 815 137.993
FrameTiming 816 138.082
FrameTiming 817 137.843
FrameTiming 818 138.097
FrameTiming 819 138.357
FrameTiming 820 138.459
Frame 820 | rho: [665.604, 1179.852] avg=993.771 | p: [0.000, 419777.719] | speed avg=0.052 max=0.312
Frame 820 fluid stats | fluid_count = 1248 | rho = [665.604, 1179.852] avg = 993.771 | p = [0.000, 419777.719] avg = 156752.219 | speed = [0.003, 0.312] avg = 0.052 | rho_floor_count = 0 | zero_pressure_count = 251
Frame 820 | max_source_penetration = 0.000 | max_receiver_penetration = 0.000 | below_source_bottom_count = 0 | below_receiver_bottom_count = 0 | inside_source_wall_count = 0 | inside_receiver_wall_count = 10
FrameTiming 821 138.385
FrameTiming 822 138.283
FrameTiming 823 137.992
FrameTiming 824 137.714
FrameTiming 825 138.103
FrameTiming 826 137.496
FrameTiming 827 137.421
FrameTiming 828 137.584
FrameTiming 829 137.765
FrameTiming 830 137.929
FrameTiming 831 137.621
FrameTiming 832 138.052
FrameTiming 833 137.749
FrameTiming 834 137.316
FrameTiming 835 137.665
FrameTiming 836 137.893
FrameTiming 837 138.112
FrameTiming 838 137.758
FrameTiming 839 137.791
FrameTiming 840 138.042
Frame 840 | rho: [660.534, 1157.135] avg=993.598 | p: [0.000, 385702.875] | speed avg=0.054 max=0.339
Frame 840 fluid stats | fluid_count = 1248 | rho = [660.534, 1157.135] avg = 993.598 | p = [0.000, 385702.875] avg = 157129.844 | speed = [0.002, 0.339] avg = 0.054 | rho_floor_count = 0 | zero_pressure_count = 248
Frame 840 | max_source_penetration = 0.000 | max_receiver_penetration = 0.000 | below_source_bottom_count = 0 | below_receiver_bottom_count = 0 | inside_source_wall_count = 0 | inside_receiver_wall_count = 10
FrameTiming 841 138.224
FrameTiming 842 137.748
FrameTiming 843 137.943
FrameTiming 844 137.962
FrameTiming 845 138.217
FrameTiming 846 135.162
FrameTiming 847 135.361
FrameTiming 848 135.249
FrameTiming 849 134.821
FrameTiming 850 135.276
FrameTiming 851 135.721
FrameTiming 852 138.058
FrameTiming 853 138.158
FrameTiming 854 137.354
FrameTiming 855 137.408
FrameTiming 856 137.419
FrameTiming 857 137.647
FrameTiming 858 137.792
FrameTiming 859 137.904
FrameTiming 860 137.855
Frame 860 | rho: [698.443, 1160.146] avg=1001.326 | p: [0.000, 390219.375] | speed avg=0.054 max=0.406
Frame 860 fluid stats | fluid_count = 1248 | rho = [698.443, 1160.146] avg = 1001.326 | p = [0.000, 390219.375] avg = 164715.672 | speed = [0.002, 0.406] avg = 0.054 | rho_floor_count = 0 | zero_pressure_count = 218
Frame 860 | max_source_penetration = 0.000 | max_receiver_penetration = 0.000 | below_source_bottom_count = 0 | below_receiver_bottom_count = 0 | inside_source_wall_count = 0 | inside_receiver_wall_count = 10
FrameTiming 861 139.466
FrameTiming 862 139.623
FrameTiming 863 137.746
FrameTiming 864 137.532
FrameTiming 865 138.242
FrameTiming 866 137.979
FrameTiming 867 136.405
FrameTiming 868 134.883
FrameTiming 869 135.621
FrameTiming 870 137.944
FrameTiming 871 138.048
FrameTiming 872 137.796
FrameTiming 873 138.076
FrameTiming 874 137.821
FrameTiming 875 137.852
FrameTiming 876 137.815
FrameTiming 877 137.887
FrameTiming 878 137.857
FrameTiming 879 137.832
FrameTiming 880 137.844
Frame 880 | rho: [645.031, 1165.239] avg=993.499 | p: [0.000, 397859.062] | speed avg=0.055 max=0.346
Frame 880 fluid stats | fluid_count = 1248 | rho = [645.031, 1165.239] avg = 993.499 | p = [0.000, 397859.062] avg = 157816.609 | speed = [0.002, 0.346] avg = 0.055 | rho_floor_count = 0 | zero_pressure_count = 244
Frame 880 | max_source_penetration = 0.000 | max_receiver_penetration = 0.000 | below_source_bottom_count = 0 | below_receiver_bottom_count = 0 | inside_source_wall_count = 0 | inside_receiver_wall_count = 9
FrameTiming 881 137.904
FrameTiming 882 137.859
FrameTiming 883 137.700
FrameTiming 884 138.022
FrameTiming 885 137.585
FrameTiming 886 137.432
FrameTiming 887 137.915
FrameTiming 888 137.617
FrameTiming 889 137.321
FrameTiming 890 137.758
FrameTiming 891 137.859
FrameTiming 892 137.804
FrameTiming 893 137.799
FrameTiming 894 137.228
FrameTiming 895 137.187
FrameTiming 896 135.127
FrameTiming 897 134.226
FrameTiming 898 135.121
FrameTiming 899 137.847
FrameTiming 900 137.819
Frame 900 | rho: [670.593, 1135.643] avg=995.860 | p: [0.000, 353464.406] | speed avg=0.058 max=0.313
Frame 900 fluid stats | fluid_count = 1248 | rho = [670.593, 1135.643] avg = 995.860 | p = [0.000, 353464.406] avg = 159528.234 | speed = [0.005, 0.313] avg = 0.058 | rho_floor_count = 0 | zero_pressure_count = 228
Frame 900 | max_source_penetration = 0.000 | max_receiver_penetration = 0.000 | below_source_bottom_count = 0 | below_receiver_bottom_count = 0 | inside_source_wall_count = 0 | inside_receiver_wall_count = 11
FrameTiming 901 135.280
FrameTiming 902 135.028
FrameTiming 903 135.048
FrameTiming 904 134.977
FrameTiming 905 134.726
FrameTiming 906 135.331
FrameTiming 907 135.149
FrameTiming 908 134.800
FrameTiming 909 134.835
FrameTiming 910 135.565
FrameTiming 911 137.517
FrameTiming 912 137.479
FrameTiming 913 137.035
FrameTiming 914 137.701
FrameTiming 915 137.408
FrameTiming 916 137.512
FrameTiming 917 137.044
FrameTiming 918 134.973
FrameTiming 919 134.421
FrameTiming 920 135.109
Frame 920 | rho: [688.826, 1142.311] avg=997.695 | p: [0.000, 363465.812] | speed avg=0.059 max=0.387
Frame 920 fluid stats | fluid_count = 1248 | rho = [688.826, 1142.311] avg = 997.695 | p = [0.000, 363465.812] avg = 161937.328 | speed = [0.002, 0.387] avg = 0.059 | rho_floor_count = 0 | zero_pressure_count = 217
Frame 920 | max_source_penetration = 0.000 | max_receiver_penetration = 0.000 | below_source_bottom_count = 0 | below_receiver_bottom_count = 0 | inside_source_wall_count = 0 | inside_receiver_wall_count = 7
FrameTiming 921 135.406
FrameTiming 922 135.206
FrameTiming 923 135.667
FrameTiming 924 135.439
FrameTiming 925 135.143
FrameTiming 926 135.528
FrameTiming 927 135.019
FrameTiming 928 135.400
FrameTiming 929 135.267
FrameTiming 930 135.183
FrameTiming 931 135.060
FrameTiming 932 135.024
FrameTiming 933 135.006
FrameTiming 934 136.310
FrameTiming 935 135.452
FrameTiming 936 135.181
FrameTiming 937 135.221
FrameTiming 938 134.890
FrameTiming 939 134.921
FrameTiming 940 134.987
Frame 940 | rho: [693.933, 1143.439] avg=998.968 | p: [0.000, 365159.000] | speed avg=0.057 max=0.354
Frame 940 fluid stats | fluid_count = 1248 | rho = [693.933, 1143.439] avg = 998.968 | p = [0.000, 365159.000] avg = 162511.438 | speed = [0.001, 0.354] avg = 0.057 | rho_floor_count = 0 | zero_pressure_count = 211
Frame 940 | max_source_penetration = 0.000 | max_receiver_penetration = 0.000 | below_source_bottom_count = 0 | below_receiver_bottom_count = 0 | inside_source_wall_count = 0 | inside_receiver_wall_count = 18
FrameTiming 941 134.937
FrameTiming 942 135.007
FrameTiming 943 135.667
FrameTiming 944 138.171
FrameTiming 945 139.101
FrameTiming 946 137.798
FrameTiming 947 138.411
FrameTiming 948 138.189
FrameTiming 949 137.540
FrameTiming 950 134.977
FrameTiming 951 135.179
FrameTiming 952 135.021
FrameTiming 953 135.103
FrameTiming 954 134.909
FrameTiming 955 134.741
FrameTiming 956 134.837
FrameTiming 957 134.730
FrameTiming 958 134.674
FrameTiming 959 134.713
FrameTiming 960 134.965
Frame 960 | rho: [663.016, 1154.146] avg=997.740 | p: [0.000, 381218.250] | speed avg=0.056 max=0.317
Frame 960 fluid stats | fluid_count = 1248 | rho = [663.016, 1154.146] avg = 997.740 | p = [0.000, 381218.250] avg = 161897.578 | speed = [0.001, 0.317] avg = 0.056 | rho_floor_count = 0 | zero_pressure_count = 200
Frame 960 | max_source_penetration = 0.000 | max_receiver_penetration = 0.000 | below_source_bottom_count = 0 | below_receiver_bottom_count = 0 | inside_source_wall_count = 0 | inside_receiver_wall_count = 7
FrameTiming 961 137.680
FrameTiming 962 136.039
FrameTiming 963 135.240
FrameTiming 964 135.080
FrameTiming 965 135.570
FrameTiming 966 135.651
FrameTiming 967 135.449
FrameTiming 968 135.391
FrameTiming 969 135.660
FrameTiming 970 135.336
FrameTiming 971 135.343
FrameTiming 972 135.471
FrameTiming 973 135.115
FrameTiming 974 135.335
FrameTiming 975 135.593
FrameTiming 976 138.816
FrameTiming 977 137.321
FrameTiming 978 137.145
FrameTiming 979 135.045
FrameTiming 980 135.250
Frame 980 | rho: [693.852, 1149.720] avg=996.780 | p: [0.000, 374579.969] | speed avg=0.056 max=0.364
Frame 980 fluid stats | fluid_count = 1248 | rho = [693.852, 1149.720] avg = 996.780 | p = [0.000, 374579.969] avg = 159806.547 | speed = [0.002, 0.364] avg = 0.056 | rho_floor_count = 0 | zero_pressure_count = 246
Frame 980 | max_source_penetration = 0.000 | max_receiver_penetration = 0.000 | below_source_bottom_count = 0 | below_receiver_bottom_count = 0 | inside_source_wall_count = 0 | inside_receiver_wall_count = 8
FrameTiming 981 135.198
FrameTiming 982 136.474
FrameTiming 983 137.233
FrameTiming 984 137.638
FrameTiming 985 137.734
FrameTiming 986 137.573
FrameTiming 987 137.736
FrameTiming 988 138.083
FrameTiming 989 141.461
FrameTiming 990 139.524
FrameTiming 991 137.846
FrameTiming 992 138.144
FrameTiming 993 137.905
FrameTiming 994 137.712
FrameTiming 995 137.603
FrameTiming 996 137.680
FrameTiming 997 137.712
FrameTiming 998 137.219
FrameTiming 999 137.692
FrameTiming 1000 137.473
Frame 1000 | rho: [672.525, 1153.258] avg=1001.731 | p: [0.000, 379886.906] | speed avg=0.058 max=0.348
Frame 1000 fluid stats | fluid_count = 1248 | rho = [672.525, 1153.258] avg = 1001.731 | p = [0.000, 379886.906] avg = 167609.891 | speed = [0.002, 0.348] avg = 0.058 | rho_floor_count = 0 | zero_pressure_count = 234
Frame 1000 | max_source_penetration = 0.000 | max_receiver_penetration = 0.000 | below_source_bottom_count = 0 | below_receiver_bottom_count = 0 | inside_source_wall_count = 0 | inside_receiver_wall_count = 9
TimingSummary mode=gpu_bruteforce total_ms=123265.566 avg_ms=123.266 min_ms=107.529 max_ms=141.461
Done
