Generate the cup scene with target tilt = 120
Simulation mode = gpu_spatial_hash
Initial density stats | rho: [360.426, 905.274] avg = 767.757 | p: [0, 7910.43] avg = 93.6546
Frame 0 fluid stats | fluid_count = 1248 | rho = [360.426, 905.274] avg = 767.757 | p = [0, 7910.43] avg = 93.6546 | speed = [0, 0] avg = 0 | rho_floor_count = 0 | zero_pressure_count = 1206
Initial source cup check | fluid_count = 1248 | outside_count = 0
Fluid particles = 1248
Boundary particles = 17824
FrameTiming 1 140.592
FrameTiming 2 140.333
FrameTiming 3 139.997
FrameTiming 4 140.379
FrameTiming 5 139.958
FrameTiming 6 140.182
FrameTiming 7 140.265
FrameTiming 8 140.021
FrameTiming 9 139.977
FrameTiming 10 140.199
FrameTiming 11 140.448
FrameTiming 12 138.237
FrameTiming 13 138.200
FrameTiming 14 137.804
FrameTiming 15 140.109
FrameTiming 16 140.118
FrameTiming 17 140.297
FrameTiming 18 140.465
FrameTiming 19 140.345
FrameTiming 20 142.581
Frame 20 | rho: [360.487, 1007.357] avg=795.666 | p: [0.000, 161036.125] | speed avg=0.645 max=0.647
Frame 20 fluid stats | fluid_count = 1248 | rho = [360.487, 1007.357] avg = 795.666 | p = [0.000, 161036.125] avg = 8176.461 | speed = [0.625, 0.647] avg = 0.645 | rho_floor_count = 0 | zero_pressure_count = 1126
Frame 20 | max_source_penetration = 0.000 | max_receiver_penetration = 0.000 | below_source_bottom_count = 0 | below_receiver_bottom_count = 0 | inside_source_wall_count = 0 | inside_receiver_wall_count = 0
FrameTiming 21 140.592
FrameTiming 22 139.817
FrameTiming 23 139.798
FrameTiming 24 139.576
FrameTiming 25 138.582
FrameTiming 26 139.552
FrameTiming 27 138.298
FrameTiming 28 138.859
FrameTiming 29 138.979
FrameTiming 30 137.710
FrameTiming 31 138.229
FrameTiming 32 138.915
FrameTiming 33 138.014
FrameTiming 34 137.405
FrameTiming 35 136.767
FrameTiming 36 136.100
FrameTiming 37 136.332
FrameTiming 38 139.241
FrameTiming 39 137.795
FrameTiming 40 136.111
Frame 40 | rho: [369.055, 1779.950] avg=1226.557 | p: [0.000, 1319925.125] | speed avg=0.612 max=1.073
Frame 40 fluid stats | fluid_count = 1248 | rho = [369.055, 1779.950] avg = 1226.557 | p = [0.000, 1319925.125] avg = 533314.000 | speed = [0.021, 1.073] avg = 0.612 | rho_floor_count = 0 | zero_pressure_count = 166
Frame 40 | max_source_penetration = 0.000 | max_receiver_penetration = 0.000 | below_source_bottom_count = 0 | below_receiver_bottom_count = 0 | inside_source_wall_count = 23 | inside_receiver_wall_count = 0
FrameTiming 41 134.981
FrameTiming 42 137.752
FrameTiming 43 138.582
FrameTiming 44 137.854
FrameTiming 45 136.798
FrameTiming 46 136.340
FrameTiming 47 136.771
FrameTiming 48 138.552
FrameTiming 49 138.822
FrameTiming 50 139.286
FrameTiming 51 138.262
FrameTiming 52 136.671
FrameTiming 53 136.796
FrameTiming 54 137.065
FrameTiming 55 137.139
FrameTiming 56 136.791
FrameTiming 57 137.047
FrameTiming 58 137.074
FrameTiming 59 136.942
FrameTiming 60 137.169
Frame 60 | rho: [107.428, 1372.009] avg=939.396 | p: [0.000, 708013.938] | speed avg=0.310 max=0.882
Frame 60 fluid stats | fluid_count = 1248 | rho = [107.428, 1372.009] avg = 939.396 | p = [0.000, 708013.938] avg = 135394.594 | speed = [0.013, 0.882] avg = 0.310 | rho_floor_count = 0 | zero_pressure_count = 421
Frame 60 | max_source_penetration = 0.000 | max_receiver_penetration = 0.000 | below_source_bottom_count = 0 | below_receiver_bottom_count = 0 | inside_source_wall_count = 7 | inside_receiver_wall_count = 0
FrameTiming 61 137.853
FrameTiming 62 137.452
FrameTiming 63 138.259
FrameTiming 64 138.195
FrameTiming 65 137.925
FrameTiming 66 138.072
FrameTiming 67 137.654
FrameTiming 68 137.562
FrameTiming 69 137.717
FrameTiming 70 137.483
FrameTiming 71 137.691
FrameTiming 72 137.985
FrameTiming 73 138.143
FrameTiming 74 138.018
FrameTiming 75 137.787
FrameTiming 76 137.869
FrameTiming 77 137.463
FrameTiming 78 137.716
FrameTiming 79 137.805
FrameTiming 80 137.743
Frame 80 | rho: [114.510, 1216.458] avg=921.149 | p: [0.000, 474686.844] | speed avg=0.179 max=0.438
Frame 80 fluid stats | fluid_count = 1248 | rho = [114.510, 1216.458] avg = 921.149 | p = [0.000, 474686.844] avg = 122066.125 | speed = [0.013, 0.438] avg = 0.179 | rho_floor_count = 0 | zero_pressure_count = 472
Frame 80 | max_source_penetration = 0.000 | max_receiver_penetration = 0.000 | below_source_bottom_count = 0 | below_receiver_bottom_count = 0 | inside_source_wall_count = 4 | inside_receiver_wall_count = 0
FrameTiming 81 137.684
FrameTiming 82 137.216
FrameTiming 83 137.468
FrameTiming 84 137.139
FrameTiming 85 136.657
FrameTiming 86 137.003
FrameTiming 87 137.201
FrameTiming 88 136.729
FrameTiming 89 137.176
FrameTiming 90 137.132
FrameTiming 91 136.649
FrameTiming 92 136.785
FrameTiming 93 137.353
FrameTiming 94 137.051
FrameTiming 95 137.579
FrameTiming 96 136.939
FrameTiming 97 137.607
FrameTiming 98 137.293
FrameTiming 99 137.393
FrameTiming 100 137.409
Frame 100 | rho: [495.906, 1475.255] avg=1129.462 | p: [0.000, 862882.312] | speed avg=0.185 max=0.753
Frame 100 fluid stats | fluid_count = 1248 | rho = [495.906, 1475.255] avg = 1129.462 | p = [0.000, 862882.312] avg = 355874.344 | speed = [0.021, 0.753] avg = 0.185 | rho_floor_count = 0 | zero_pressure_count = 104
Frame 100 | max_source_penetration = 0.000 | max_receiver_penetration = 0.000 | below_source_bottom_count = 0 | below_receiver_bottom_count = 0 | inside_source_wall_count = 10 | inside_receiver_wall_count = 0
FrameTiming 101 137.380
FrameTiming 102 137.659
FrameTiming 103 137.983
FrameTiming 104 137.792
FrameTiming 105 137.938
FrameTiming 106 137.802
FrameTiming 107 138.291
FrameTiming 108 137.855
FrameTiming 109 138.137
FrameTiming 110 137.904
FrameTiming 111 137.982
FrameTiming 112 135.551
FrameTiming 113 135.421
FrameTiming 114 136.136
FrameTiming 115 138.584
FrameTiming 116 138.241
FrameTiming 117 150.159
FrameTiming 118 147.337
FrameTiming 119 138.148
FrameTiming 120 138.116
Frame 120 | rho: [424.083, 1216.703] avg=967.000 | p: [0.000, 475054.875] | speed avg=0.353 max=0.702
Frame 120 fluid stats | fluid_count = 1248 | rho = [424.083, 1216.703] avg = 967.000 | p = [0.000, 475054.875] avg = 139370.672 | speed = [0.088, 0.702] avg = 0.353 | rho_floor_count = 0 | zero_pressure_count = 272
Frame 120 | max_source_penetration = 0.000 | max_receiver_penetration = 0.000 | below_source_bottom_count = 0 | below_receiver_bottom_count = 0 | inside_source_wall_count = 20 | inside_receiver_wall_count = 0
FrameTiming 121 138.281
FrameTiming 122 138.121
FrameTiming 123 136.976
FrameTiming 124 138.307
FrameTiming 125 138.280
FrameTiming 126 138.231
FrameTiming 127 138.173
FrameTiming 128 138.291
FrameTiming 129 138.570
FrameTiming 130 138.366
FrameTiming 131 138.407
FrameTiming 132 138.719
FrameTiming 133 138.636
FrameTiming 134 138.685
FrameTiming 135 138.183
FrameTiming 136 138.414
FrameTiming 137 138.687
FrameTiming 138 138.387
FrameTiming 139 135.960
FrameTiming 140 135.846
Frame 140 | rho: [522.891, 1481.961] avg=1010.383 | p: [0.000, 872942.125] | speed avg=0.392 max=0.674
Frame 140 fluid stats | fluid_count = 1248 | rho = [522.891, 1481.961] avg = 1010.383 | p = [0.000, 872942.125] avg = 198019.188 | speed = [0.072, 0.674] avg = 0.392 | rho_floor_count = 0 | zero_pressure_count = 267
Frame 140 | max_source_penetration = 0.000 | max_receiver_penetration = 0.000 | below_source_bottom_count = 0 | below_receiver_bottom_count = 0 | inside_source_wall_count = 3 | inside_receiver_wall_count = 0
FrameTiming 141 136.281
FrameTiming 142 135.945
FrameTiming 143 136.060
FrameTiming 144 135.939
FrameTiming 145 136.256
FrameTiming 146 135.888
FrameTiming 147 135.560
FrameTiming 148 135.757
FrameTiming 149 135.877
FrameTiming 150 136.324
FrameTiming 151 135.735
FrameTiming 152 135.904
FrameTiming 153 135.700
FrameTiming 154 135.731
FrameTiming 155 135.582
FrameTiming 156 137.710
FrameTiming 157 139.576
FrameTiming 158 139.986
FrameTiming 159 140.828
FrameTiming 160 140.567
Frame 160 | rho: [239.665, 1361.228] avg=995.245 | p: [0.000, 691841.500] | speed avg=0.508 max=0.801
Frame 160 fluid stats | fluid_count = 1248 | rho = [239.665, 1361.228] avg = 995.245 | p = [0.000, 691841.500] avg = 176748.656 | speed = [0.039, 0.801] avg = 0.508 | rho_floor_count = 0 | zero_pressure_count = 353
Frame 160 | max_source_penetration = 0.000 | max_receiver_penetration = 0.000 | below_source_bottom_count = 0 | below_receiver_bottom_count = 0 | inside_source_wall_count = 4 | inside_receiver_wall_count = 0
FrameTiming 161 140.877
FrameTiming 162 140.897
FrameTiming 163 140.341
FrameTiming 164 140.287
FrameTiming 165 140.438
FrameTiming 166 140.517
FrameTiming 167 137.529
FrameTiming 168 137.037
FrameTiming 169 137.118
FrameTiming 170 136.726
FrameTiming 171 136.345
FrameTiming 172 136.815
FrameTiming 173 136.175
FrameTiming 174 136.914
FrameTiming 175 138.799
FrameTiming 176 137.428
FrameTiming 177 139.282
FrameTiming 178 139.430
FrameTiming 179 139.827
FrameTiming 180 139.432
Frame 180 | rho: [181.906, 1310.215] avg=965.504 | p: [0.000, 615323.000] | speed avg=0.592 max=0.957
Frame 180 fluid stats | fluid_count = 1248 | rho = [181.906, 1310.215] avg = 965.504 | p = [0.000, 615323.000] avg = 161535.031 | speed = [0.055, 0.957] avg = 0.592 | rho_floor_count = 0 | zero_pressure_count = 417
Frame 180 | max_source_penetration = 0.000 | max_receiver_penetration = 0.000 | below_source_bottom_count = 0 | below_receiver_bottom_count = 0 | inside_source_wall_count = 2 | inside_receiver_wall_count = 0
FrameTiming 181 139.422
FrameTiming 182 139.874
FrameTiming 183 138.739
FrameTiming 184 139.285
FrameTiming 185 139.139
FrameTiming 186 139.764
FrameTiming 187 139.649
FrameTiming 188 139.741
FrameTiming 189 139.502
FrameTiming 190 141.003
FrameTiming 191 140.993
FrameTiming 192 141.027
FrameTiming 193 141.073
FrameTiming 194 140.082
FrameTiming 195 138.809
FrameTiming 196 138.810
FrameTiming 197 139.581
FrameTiming 198 139.393
FrameTiming 199 139.562
FrameTiming 200 139.261
Frame 200 | rho: [93.631, 1039.382] avg=784.960 | p: [0.000, 209073.125] | speed avg=0.845 max=1.215
Frame 200 fluid stats | fluid_count = 1248 | rho = [93.631, 1039.382] avg = 784.960 | p = [0.000, 209073.125] avg = 6683.923 | speed = [0.098, 1.215] avg = 0.845 | rho_floor_count = 0 | zero_pressure_count = 1130
Frame 200 | max_source_penetration = 0.000 | max_receiver_penetration = 0.000 | below_source_bottom_count = 0 | below_receiver_bottom_count = 0 | inside_source_wall_count = 0 | inside_receiver_wall_count = 0
FrameTiming 201 138.920
FrameTiming 202 138.676
FrameTiming 203 138.205
FrameTiming 204 137.809
FrameTiming 205 137.156
FrameTiming 206 138.099
FrameTiming 207 138.549
FrameTiming 208 138.336
FrameTiming 209 138.668
FrameTiming 210 139.188
FrameTiming 211 139.045
FrameTiming 212 138.583
FrameTiming 213 138.083
FrameTiming 214 138.667
FrameTiming 215 139.769
FrameTiming 216 139.846
FrameTiming 217 140.391
FrameTiming 218 140.595
FrameTiming 219 140.525
FrameTiming 220 140.576
Frame 220 | rho: [165.468, 1023.021] avg=713.022 | p: [0.000, 184531.672] | speed avg=0.907 max=1.710
Frame 220 fluid stats | fluid_count = 1248 | rho = [165.468, 1023.021] avg = 713.022 | p = [0.000, 184531.672] avg = 2325.934 | speed = [0.191, 1.710] avg = 0.907 | rho_floor_count = 0 | zero_pressure_count = 1197
Frame 220 | max_source_penetration = 0.000 | max_receiver_penetration = 0.000 | below_source_bottom_count = 0 | below_receiver_bottom_count = 0 | inside_source_wall_count = 4 | inside_receiver_wall_count = 0
FrameTiming 221 137.967
FrameTiming 222 138.674
FrameTiming 223 139.922
FrameTiming 224 139.426
FrameTiming 225 139.395
FrameTiming 226 139.352
FrameTiming 227 137.193
FrameTiming 228 138.734
FrameTiming 229 138.754
FrameTiming 230 138.617
FrameTiming 231 138.181
FrameTiming 232 143.845
FrameTiming 233 140.149
FrameTiming 234 137.343
FrameTiming 235 137.407
FrameTiming 236 139.127
FrameTiming 237 137.247
FrameTiming 238 137.519
FrameTiming 239 138.011
FrameTiming 240 138.489
Frame 240 | rho: [91.274, 1520.086] avg=619.524 | p: [0.000, 930128.750] | speed avg=0.937 max=1.586
Frame 240 fluid stats | fluid_count = 1248 | rho = [91.274, 1520.086] avg = 619.524 | p = [0.000, 930128.750] avg = 85305.586 | speed = [0.052, 1.586] avg = 0.937 | rho_floor_count = 0 | zero_pressure_count = 903
Frame 240 | max_source_penetration = 0.000 | max_receiver_penetration = 0.000 | below_source_bottom_count = 0 | below_receiver_bottom_count = 7 | inside_source_wall_count = 3 | inside_receiver_wall_count = 12
FrameTiming 241 139.063
FrameTiming 242 138.952
FrameTiming 243 137.445
FrameTiming 244 138.012
FrameTiming 245 138.770
FrameTiming 246 138.678
FrameTiming 247 138.350
FrameTiming 248 138.618
FrameTiming 249 138.043
FrameTiming 250 138.197
FrameTiming 251 137.884
FrameTiming 252 137.576
FrameTiming 253 137.504
FrameTiming 254 136.847
FrameTiming 255 135.284
FrameTiming 256 135.294
FrameTiming 257 135.231
FrameTiming 258 135.041
FrameTiming 259 134.506
FrameTiming 260 135.100
Frame 260 | rho: [110.781, 1343.960] avg=598.000 | p: [0.000, 665940.312] | speed avg=0.839 max=1.433
Frame 260 fluid stats | fluid_count = 1248 | rho = [110.781, 1343.960] avg = 598.000 | p = [0.000, 665940.312] avg = 30653.021 | speed = [0.052, 1.433] avg = 0.839 | rho_floor_count = 0 | zero_pressure_count = 973
Frame 260 | max_source_penetration = 0.000 | max_receiver_penetration = 0.000 | below_source_bottom_count = 0 | below_receiver_bottom_count = 1 | inside_source_wall_count = 6 | inside_receiver_wall_count = 10
FrameTiming 261 136.887
FrameTiming 262 137.142
FrameTiming 263 137.220
FrameTiming 264 137.200
FrameTiming 265 137.326
FrameTiming 266 137.608
FrameTiming 267 136.827
FrameTiming 268 137.060
FrameTiming 269 136.953
FrameTiming 270 137.228
FrameTiming 271 137.006
FrameTiming 272 137.026
FrameTiming 273 136.825
FrameTiming 274 136.556
FrameTiming 275 137.160
FrameTiming 276 137.449
FrameTiming 277 137.508
FrameTiming 278 137.281
FrameTiming 279 138.065
FrameTiming 280 137.757
Frame 280 | rho: [146.819, 1312.239] avg=769.824 | p: [0.000, 618358.125] | speed avg=0.752 max=1.409
Frame 280 fluid stats | fluid_count = 1248 | rho = [146.819, 1312.239] avg = 769.824 | p = [0.000, 618358.125] avg = 98208.023 | speed = [0.072, 1.409] avg = 0.752 | rho_floor_count = 0 | zero_pressure_count = 716
Frame 280 | max_source_penetration = 0.000 | max_receiver_penetration = 0.000 | below_source_bottom_count = 0 | below_receiver_bottom_count = 1 | inside_source_wall_count = 12 | inside_receiver_wall_count = 14
FrameTiming 281 138.057
FrameTiming 282 138.286
FrameTiming 283 138.895
FrameTiming 284 138.759
FrameTiming 285 138.923
FrameTiming 286 139.376
FrameTiming 287 139.456
FrameTiming 288 139.236
FrameTiming 289 138.823
FrameTiming 290 138.806
FrameTiming 291 138.888
FrameTiming 292 138.962
FrameTiming 293 139.029
FrameTiming 294 139.202
FrameTiming 295 139.087
FrameTiming 296 138.610
FrameTiming 297 138.545
FrameTiming 298 137.845
FrameTiming 299 137.336
FrameTiming 300 138.741
Frame 300 | rho: [154.035, 1288.684] avg=834.117 | p: [0.000, 583026.688] | speed avg=0.494 max=1.353
Frame 300 fluid stats | fluid_count = 1248 | rho = [154.035, 1288.684] avg = 834.117 | p = [0.000, 583026.688] avg = 116598.117 | speed = [0.033, 1.353] avg = 0.494 | rho_floor_count = 0 | zero_pressure_count = 569
Frame 300 | max_source_penetration = 0.000 | max_receiver_penetration = 0.000 | below_source_bottom_count = 0 | below_receiver_bottom_count = 0 | inside_source_wall_count = 5 | inside_receiver_wall_count = 3
FrameTiming 301 135.865
FrameTiming 302 136.527
FrameTiming 303 135.571
FrameTiming 304 135.998
FrameTiming 305 136.131
FrameTiming 306 135.610
FrameTiming 307 135.592
FrameTiming 308 135.642
FrameTiming 309 135.802
FrameTiming 310 135.880
FrameTiming 311 135.671
FrameTiming 312 135.568
FrameTiming 313 137.056
FrameTiming 314 138.318
FrameTiming 315 138.114
FrameTiming 316 138.324
FrameTiming 317 138.425
FrameTiming 318 138.215
FrameTiming 319 138.500
FrameTiming 320 138.647
Frame 320 | rho: [121.461, 1364.472] avg=934.124 | p: [0.000, 696707.312] | speed avg=0.310 max=1.349
Frame 320 fluid stats | fluid_count = 1248 | rho = [121.461, 1364.472] avg = 934.124 | p = [0.000, 696707.312] avg = 191824.828 | speed = [0.005, 1.349] avg = 0.310 | rho_floor_count = 0 | zero_pressure_count = 398
Frame 320 | max_source_penetration = 0.000 | max_receiver_penetration = 0.000 | below_source_bottom_count = 0 | below_receiver_bottom_count = 0 | inside_source_wall_count = 0 | inside_receiver_wall_count = 3
FrameTiming 321 138.807
FrameTiming 322 138.907
FrameTiming 323 138.870
FrameTiming 324 138.778
FrameTiming 325 139.051
FrameTiming 326 139.013
FrameTiming 327 139.146
FrameTiming 328 139.252
FrameTiming 329 139.498
FrameTiming 330 139.303
FrameTiming 331 139.243
FrameTiming 332 140.566
FrameTiming 333 139.064
FrameTiming 334 139.398
FrameTiming 335 138.689
FrameTiming 336 138.711
FrameTiming 337 138.517
FrameTiming 338 138.363
FrameTiming 339 138.195
FrameTiming 340 138.482
Frame 340 | rho: [105.187, 1224.259] avg=958.572 | p: [0.000, 486388.906] | speed avg=0.178 max=1.324
Frame 340 fluid stats | fluid_count = 1248 | rho = [105.187, 1224.259] avg = 958.572 | p = [0.000, 486388.906] avg = 158790.641 | speed = [0.005, 1.324] avg = 0.178 | rho_floor_count = 0 | zero_pressure_count = 333
Frame 340 | max_source_penetration = 0.000 | max_receiver_penetration = 0.000 | below_source_bottom_count = 0 | below_receiver_bottom_count = 0 | inside_source_wall_count = 0 | inside_receiver_wall_count = 7
FrameTiming 341 137.119
FrameTiming 342 139.295
FrameTiming 343 136.445
FrameTiming 344 138.919
FrameTiming 345 138.792
FrameTiming 346 139.286
FrameTiming 347 138.904
FrameTiming 348 138.749
FrameTiming 349 138.728
FrameTiming 350 139.073
FrameTiming 351 139.007
FrameTiming 352 138.815
FrameTiming 353 138.765
FrameTiming 354 138.659
FrameTiming 355 138.821
FrameTiming 356 138.809
FrameTiming 357 138.803
FrameTiming 358 138.834
FrameTiming 359 138.876
FrameTiming 360 149.196
Frame 360 | rho: [569.607, 1211.024] avg=986.934 | p: [0.000, 466535.531] | speed avg=0.109 max=0.452
Frame 360 fluid stats | fluid_count = 1248 | rho = [569.607, 1211.024] avg = 986.934 | p = [0.000, 466535.531] avg = 161494.844 | speed = [0.010, 0.452] avg = 0.109 | rho_floor_count = 0 | zero_pressure_count = 330
Frame 360 | max_source_penetration = 0.000 | max_receiver_penetration = 0.000 | below_source_bottom_count = 0 | below_receiver_bottom_count = 0 | inside_source_wall_count = 0 | inside_receiver_wall_count = 5
FrameTiming 361 144.285
FrameTiming 362 136.439
FrameTiming 363 136.616
FrameTiming 364 136.126
FrameTiming 365 136.230
FrameTiming 366 136.103
FrameTiming 367 137.912
FrameTiming 368 138.666
FrameTiming 369 138.803
FrameTiming 370 138.581
FrameTiming 371 136.841
FrameTiming 372 136.105
FrameTiming 373 136.079
FrameTiming 374 136.070
FrameTiming 375 135.666
FrameTiming 376 135.794
FrameTiming 377 135.782
FrameTiming 378 135.596
FrameTiming 379 135.795
FrameTiming 380 135.725
Frame 380 | rho: [607.712, 1196.251] avg=998.377 | p: [0.000, 444376.094] | speed avg=0.086 max=0.359
Frame 380 fluid stats | fluid_count = 1248 | rho = [607.712, 1196.251] avg = 998.377 | p = [0.000, 444376.094] avg = 170264.625 | speed = [0.003, 0.359] avg = 0.086 | rho_floor_count = 0 | zero_pressure_count = 296
Frame 380 | max_source_penetration = 0.000 | max_receiver_penetration = 0.000 | below_source_bottom_count = 0 | below_receiver_bottom_count = 0 | inside_source_wall_count = 0 | inside_receiver_wall_count = 10
FrameTiming 381 136.996
FrameTiming 382 138.256
FrameTiming 383 138.198
FrameTiming 384 138.357
FrameTiming 385 136.947
FrameTiming 386 136.030
FrameTiming 387 136.298
FrameTiming 388 136.224
FrameTiming 389 136.121
FrameTiming 390 136.012
FrameTiming 391 136.003
FrameTiming 392 135.877
FrameTiming 393 135.834
FrameTiming 394 136.092
FrameTiming 395 135.878
FrameTiming 396 135.999
FrameTiming 397 135.595
FrameTiming 398 135.813
FrameTiming 399 135.792
FrameTiming 400 135.767
Frame 400 | rho: [676.453, 1171.130] avg=989.060 | p: [0.000, 406695.562] | speed avg=0.076 max=0.365
Frame 400 fluid stats | fluid_count = 1248 | rho = [676.453, 1171.130] avg = 989.060 | p = [0.000, 406695.562] avg = 152645.031 | speed = [0.004, 0.365] avg = 0.076 | rho_floor_count = 0 | zero_pressure_count = 322
Frame 400 | max_source_penetration = 0.000 | max_receiver_penetration = 0.000 | below_source_bottom_count = 0 | below_receiver_bottom_count = 0 | inside_source_wall_count = 0 | inside_receiver_wall_count = 7
FrameTiming 401 135.805
FrameTiming 402 135.504
FrameTiming 403 135.708
FrameTiming 404 135.735
FrameTiming 405 135.711
FrameTiming 406 135.777
FrameTiming 407 135.775
FrameTiming 408 137.610
FrameTiming 409 138.179
FrameTiming 410 138.375
FrameTiming 411 138.341
FrameTiming 412 138.372
FrameTiming 413 138.210
FrameTiming 414 138.276
FrameTiming 415 137.457
FrameTiming 416 136.196
FrameTiming 417 136.013
FrameTiming 418 135.899
FrameTiming 419 135.695
FrameTiming 420 135.582
Frame 420 | rho: [633.118, 1191.137] avg=1002.205 | p: [0.000, 436705.625] | speed avg=0.063 max=0.405
Frame 420 fluid stats | fluid_count = 1248 | rho = [633.118, 1191.137] avg = 1002.205 | p = [0.000, 436705.625] avg = 167778.969 | speed = [0.004, 0.405] avg = 0.063 | rho_floor_count = 0 | zero_pressure_count = 255
Frame 420 | max_source_penetration = 0.000 | max_receiver_penetration = 0.000 | below_source_bottom_count = 0 | below_receiver_bottom_count = 0 | inside_source_wall_count = 0 | inside_receiver_wall_count = 4
FrameTiming 421 135.748
FrameTiming 422 135.620
FrameTiming 423 136.830
FrameTiming 424 138.495
FrameTiming 425 138.609
FrameTiming 426 138.431
FrameTiming 427 138.317
FrameTiming 428 138.414
FrameTiming 429 138.562
FrameTiming 430 138.535
FrameTiming 431 138.558
FrameTiming 432 138.661
FrameTiming 433 138.725
FrameTiming 434 138.336
FrameTiming 435 138.852
FrameTiming 436 138.922
FrameTiming 437 138.734
FrameTiming 438 138.070
FrameTiming 439 145.276
FrameTiming 440 139.004
Frame 440 | rho: [679.289, 1185.852] avg=993.775 | p: [0.000, 428777.906] | speed avg=0.055 max=0.348
Frame 440 fluid stats | fluid_count = 1248 | rho = [679.289, 1185.852] avg = 993.775 | p = [0.000, 428777.906] avg = 158263.047 | speed = [0.004, 0.348] avg = 0.055 | rho_floor_count = 0 | zero_pressure_count = 234
Frame 440 | max_source_penetration = 0.000 | max_receiver_penetration = 0.000 | below_source_bottom_count = 0 | below_receiver_bottom_count = 0 | inside_source_wall_count = 0 | inside_receiver_wall_count = 6
FrameTiming 441 138.278
FrameTiming 442 138.510
FrameTiming 443 138.442
FrameTiming 444 138.739
FrameTiming 445 138.725
FrameTiming 446 138.569
FrameTiming 447 138.044
FrameTiming 448 138.226
FrameTiming 449 138.428
FrameTiming 450 138.729
FrameTiming 451 138.127
FrameTiming 452 138.230
FrameTiming 453 138.178
FrameTiming 454 138.358
FrameTiming 455 138.414
FrameTiming 456 138.332
FrameTiming 457 138.070
FrameTiming 458 138.766
FrameTiming 459 138.373
FrameTiming 460 138.629
Frame 460 | rho: [740.701, 1166.383] avg=998.365 | p: [0.000, 399573.844] | speed avg=0.060 max=0.339
Frame 460 fluid stats | fluid_count = 1248 | rho = [740.701, 1166.383] avg = 998.365 | p = [0.000, 399573.844] avg = 163279.969 | speed = [0.002, 0.339] avg = 0.060 | rho_floor_count = 0 | zero_pressure_count = 221
Frame 460 | max_source_penetration = 0.000 | max_receiver_penetration = 0.000 | below_source_bottom_count = 0 | below_receiver_bottom_count = 0 | inside_source_wall_count = 0 | inside_receiver_wall_count = 9
FrameTiming 461 135.832
FrameTiming 462 135.815
FrameTiming 463 135.780
FrameTiming 464 135.750
FrameTiming 465 135.810
FrameTiming 466 136.243
FrameTiming 467 138.467
FrameTiming 468 138.329
FrameTiming 469 138.273
FrameTiming 470 138.252
FrameTiming 471 138.164
FrameTiming 472 138.298
FrameTiming 473 138.366
FrameTiming 474 138.368
FrameTiming 475 138.170
FrameTiming 476 136.378
FrameTiming 477 135.618
FrameTiming 478 135.605
FrameTiming 479 136.563
FrameTiming 480 138.258
Frame 480 | rho: [713.521, 1163.183] avg=1000.063 | p: [0.000, 394774.094] | speed avg=0.055 max=0.363
Frame 480 fluid stats | fluid_count = 1248 | rho = [713.521, 1163.183] avg = 1000.063 | p = [0.000, 394774.094] avg = 165154.938 | speed = [0.002, 0.363] avg = 0.055 | rho_floor_count = 0 | zero_pressure_count = 226
Frame 480 | max_source_penetration = 0.000 | max_receiver_penetration = 0.000 | below_source_bottom_count = 0 | below_receiver_bottom_count = 0 | inside_source_wall_count = 0 | inside_receiver_wall_count = 12
FrameTiming 481 137.858
FrameTiming 482 137.954
FrameTiming 483 137.385
FrameTiming 484 137.777
FrameTiming 485 138.099
FrameTiming 486 138.456
FrameTiming 487 139.971
FrameTiming 488 144.065
FrameTiming 489 138.363
FrameTiming 490 138.422
FrameTiming 491 138.614
FrameTiming 492 138.493
FrameTiming 493 138.653
FrameTiming 494 138.412
FrameTiming 495 138.166
FrameTiming 496 137.975
FrameTiming 497 138.223
FrameTiming 498 137.251
FrameTiming 499 136.070
FrameTiming 500 135.967
Frame 500 | rho: [710.855, 1152.013] avg=996.251 | p: [0.000, 378019.406] | speed avg=0.057 max=0.317
Frame 500 fluid stats | fluid_count = 1248 | rho = [710.855, 1152.013] avg = 996.251 | p = [0.000, 378019.406] avg = 159635.875 | speed = [0.005, 0.317] avg = 0.057 | rho_floor_count = 0 | zero_pressure_count = 234
Frame 500 | max_source_penetration = 0.000 | max_receiver_penetration = 0.000 | below_source_bottom_count = 0 | below_receiver_bottom_count = 0 | inside_source_wall_count = 0 | inside_receiver_wall_count = 8
FrameTiming 501 137.976
FrameTiming 502 137.023
FrameTiming 503 135.604
FrameTiming 504 136.110
FrameTiming 505 138.162
FrameTiming 506 138.350
FrameTiming 507 137.878
FrameTiming 508 137.659
FrameTiming 509 137.672
FrameTiming 510 137.811
FrameTiming 511 137.758
FrameTiming 512 137.346
FrameTiming 513 137.797
FrameTiming 514 138.571
FrameTiming 515 137.924
FrameTiming 516 137.519
FrameTiming 517 137.990
FrameTiming 518 137.949
FrameTiming 519 136.728
FrameTiming 520 138.954
Frame 520 | rho: [676.308, 1149.515] avg=999.022 | p: [0.000, 374272.875] | speed avg=0.056 max=0.318
Frame 520 fluid stats | fluid_count = 1248 | rho = [676.308, 1149.515] avg = 999.022 | p = [0.000, 374272.875] avg = 163854.250 | speed = [0.003, 0.318] avg = 0.056 | rho_floor_count = 0 | zero_pressure_count = 214
Frame 520 | max_source_penetration = 0.000 | max_receiver_penetration = 0.000 | below_source_bottom_count = 0 | below_receiver_bottom_count = 0 | inside_source_wall_count = 0 | inside_receiver_wall_count = 7
FrameTiming 521 138.211
FrameTiming 522 138.663
FrameTiming 523 138.248
FrameTiming 524 138.524
FrameTiming 525 138.442
FrameTiming 526 138.042
FrameTiming 527 138.329
FrameTiming 528 138.533
FrameTiming 529 138.242
FrameTiming 530 138.406
FrameTiming 531 138.585
FrameTiming 532 138.293
FrameTiming 533 138.211
FrameTiming 534 138.654
FrameTiming 535 138.478
FrameTiming 536 138.271
FrameTiming 537 138.293
FrameTiming 538 138.521
FrameTiming 539 138.504
FrameTiming 540 138.454
Frame 540 | rho: [677.565, 1147.940] avg=996.789 | p: [0.000, 371909.531] | speed avg=0.057 max=0.378
Frame 540 fluid stats | fluid_count = 1248 | rho = [677.565, 1147.940] avg = 996.789 | p = [0.000, 371909.531] avg = 160128.469 | speed = [0.002, 0.378] avg = 0.057 | rho_floor_count = 0 | zero_pressure_count = 222
Frame 540 | max_source_penetration = 0.000 | max_receiver_penetration = 0.000 | below_source_bottom_count = 0 | below_receiver_bottom_count = 0 | inside_source_wall_count = 0 | inside_receiver_wall_count = 14
FrameTiming 541 138.508
FrameTiming 542 138.326
FrameTiming 543 138.066
FrameTiming 544 138.348
FrameTiming 545 138.529
FrameTiming 546 138.154
FrameTiming 547 138.411
FrameTiming 548 138.399
FrameTiming 549 137.972
FrameTiming 550 138.701
FrameTiming 551 138.448
FrameTiming 552 138.564
FrameTiming 553 138.455
FrameTiming 554 138.404
FrameTiming 555 139.993
FrameTiming 556 138.034
FrameTiming 557 138.155
FrameTiming 558 138.132
FrameTiming 559 136.613
FrameTiming 560 136.650
Frame 560 | rho: [700.087, 1159.707] avg=995.001 | p: [0.000, 389560.719] | speed avg=0.058 max=0.340
Frame 560 fluid stats | fluid_count = 1248 | rho = [700.087, 1159.707] avg = 995.001 | p = [0.000, 389560.719] avg = 159910.203 | speed = [0.004, 0.340] avg = 0.058 | rho_floor_count = 0 | zero_pressure_count = 223
Frame 560 | max_source_penetration = 0.000 | max_receiver_penetration = 0.000 | below_source_bottom_count = 0 | below_receiver_bottom_count = 0 | inside_source_wall_count = 0 | inside_receiver_wall_count = 7
FrameTiming 561 136.293
FrameTiming 562 137.836
FrameTiming 563 138.097
FrameTiming 564 138.472
FrameTiming 565 138.340
FrameTiming 566 140.368
FrameTiming 567 138.571
FrameTiming 568 138.024
FrameTiming 569 138.131
FrameTiming 570 138.306
FrameTiming 571 138.853
FrameTiming 572 138.270
FrameTiming 573 138.232
FrameTiming 574 138.467
FrameTiming 575 138.351
FrameTiming 576 138.211
FrameTiming 577 138.617
FrameTiming 578 137.997
FrameTiming 579 137.943
FrameTiming 580 138.313
Frame 580 | rho: [690.734, 1183.762] avg=997.841 | p: [0.000, 425643.125] | speed avg=0.057 max=0.335
Frame 580 fluid stats | fluid_count = 1248 | rho = [690.734, 1183.762] avg = 997.841 | p = [0.000, 425643.125] avg = 161449.359 | speed = [0.001, 0.335] avg = 0.057 | rho_floor_count = 0 | zero_pressure_count = 237
Frame 580 | max_source_penetration = 0.000 | max_receiver_penetration = 0.000 | below_source_bottom_count = 0 | below_receiver_bottom_count = 0 | inside_source_wall_count = 0 | inside_receiver_wall_count = 13
FrameTiming 581 136.757
FrameTiming 582 135.728
FrameTiming 583 138.092
FrameTiming 584 138.547
FrameTiming 585 138.547
FrameTiming 586 138.307
FrameTiming 587 138.419
FrameTiming 588 139.294
FrameTiming 589 138.352
FrameTiming 590 138.654
FrameTiming 591 138.325
FrameTiming 592 138.368
FrameTiming 593 138.677
FrameTiming 594 138.817
FrameTiming 595 138.748
FrameTiming 596 138.688
FrameTiming 597 138.506
FrameTiming 598 138.666
FrameTiming 599 138.929
FrameTiming 600 138.610
Frame 600 | rho: [702.232, 1166.277] avg=993.718 | p: [0.000, 399415.656] | speed avg=0.052 max=0.374
Frame 600 fluid stats | fluid_count = 1248 | rho = [702.232, 1166.277] avg = 993.718 | p = [0.000, 399415.656] avg = 157452.281 | speed = [0.002, 0.374] avg = 0.052 | rho_floor_count = 0 | zero_pressure_count = 254
Frame 600 | max_source_penetration = 0.000 | max_receiver_penetration = 0.000 | below_source_bottom_count = 0 | below_receiver_bottom_count = 0 | inside_source_wall_count = 0 | inside_receiver_wall_count = 10
FrameTiming 601 138.660
FrameTiming 602 138.671
FrameTiming 603 138.761
FrameTiming 604 138.758
FrameTiming 605 140.262
FrameTiming 606 137.850
FrameTiming 607 138.570
FrameTiming 608 138.555
FrameTiming 609 138.828
FrameTiming 610 138.363
FrameTiming 611 136.078
FrameTiming 612 138.679
FrameTiming 613 138.179
FrameTiming 614 138.440
FrameTiming 615 141.710
FrameTiming 616 144.529
FrameTiming 617 138.321
FrameTiming 618 138.387
FrameTiming 619 138.247
FrameTiming 620 138.629
Frame 620 | rho: [692.467, 1142.086] avg=994.852 | p: [0.000, 363128.344] | speed avg=0.056 max=0.331
Frame 620 fluid stats | fluid_count = 1248 | rho = [692.467, 1142.086] avg = 994.852 | p = [0.000, 363128.344] avg = 158200.188 | speed = [0.002, 0.331] avg = 0.056 | rho_floor_count = 0 | zero_pressure_count = 249
Frame 620 | max_source_penetration = 0.000 | max_receiver_penetration = 0.000 | below_source_bottom_count = 0 | below_receiver_bottom_count = 0 | inside_source_wall_count = 0 | inside_receiver_wall_count = 10
FrameTiming 621 138.548
FrameTiming 622 136.889
FrameTiming 623 138.627
FrameTiming 624 138.443
FrameTiming 625 138.431
FrameTiming 626 136.797
FrameTiming 627 138.186
FrameTiming 628 138.597
FrameTiming 629 138.517
FrameTiming 630 138.482
FrameTiming 631 138.517
FrameTiming 632 138.672
FrameTiming 633 138.776
FrameTiming 634 138.487
FrameTiming 635 138.820
FrameTiming 636 138.877
FrameTiming 637 138.961
FrameTiming 638 138.428
FrameTiming 639 138.613
FrameTiming 640 138.554
Frame 640 | rho: [689.259, 1151.685] avg=996.037 | p: [0.000, 377527.969] | speed avg=0.057 max=0.381
Frame 640 fluid stats | fluid_count = 1248 | rho = [689.259, 1151.685] avg = 996.037 | p = [0.000, 377527.969] avg = 160286.750 | speed = [0.003, 0.381] avg = 0.057 | rho_floor_count = 0 | zero_pressure_count = 238
Frame 640 | max_source_penetration = 0.000 | max_receiver_penetration = 0.000 | below_source_bottom_count = 0 | below_receiver_bottom_count = 0 | inside_source_wall_count = 0 | inside_receiver_wall_count = 11
FrameTiming 641 138.368
FrameTiming 642 138.335
FrameTiming 643 138.739
FrameTiming 644 138.874
FrameTiming 645 138.403
FrameTiming 646 138.769
FrameTiming 647 138.621
FrameTiming 648 138.460
FrameTiming 649 138.574
FrameTiming 650 138.757
FrameTiming 651 138.542
FrameTiming 652 138.896
FrameTiming 653 138.811
FrameTiming 654 138.558
FrameTiming 655 138.510
FrameTiming 656 138.319
FrameTiming 657 138.460
FrameTiming 658 138.543
FrameTiming 659 138.209
FrameTiming 660 138.564
Frame 660 | rho: [709.960, 1148.536] avg=993.902 | p: [0.000, 372803.281] | speed avg=0.056 max=0.406
Frame 660 fluid stats | fluid_count = 1248 | rho = [709.960, 1148.536] avg = 993.902 | p = [0.000, 372803.281] avg = 156506.641 | speed = [0.002, 0.406] avg = 0.056 | rho_floor_count = 0 | zero_pressure_count = 231
Frame 660 | max_source_penetration = 0.000 | max_receiver_penetration = 0.000 | below_source_bottom_count = 0 | below_receiver_bottom_count = 0 | inside_source_wall_count = 0 | inside_receiver_wall_count = 6
FrameTiming 661 138.518
FrameTiming 662 138.442
FrameTiming 663 137.954
FrameTiming 664 138.539
FrameTiming 665 138.707
FrameTiming 666 137.942
FrameTiming 667 138.299
FrameTiming 668 137.953
FrameTiming 669 138.371
FrameTiming 670 138.051
FrameTiming 671 138.316
FrameTiming 672 137.997
FrameTiming 673 138.156
FrameTiming 674 138.293
FrameTiming 675 138.298
FrameTiming 676 138.294
FrameTiming 677 137.974
FrameTiming 678 138.142
FrameTiming 679 138.284
FrameTiming 680 138.336
Frame 680 | rho: [649.804, 1139.067] avg=994.072 | p: [0.000, 358600.156] | speed avg=0.055 max=0.413
Frame 680 fluid stats | fluid_count = 1248 | rho = [649.804, 1139.067] avg = 994.072 | p = [0.000, 358600.156] avg = 157555.906 | speed = [0.001, 0.413] avg = 0.055 | rho_floor_count = 0 | zero_pressure_count = 217
Frame 680 | max_source_penetration = 0.000 | max_receiver_penetration = 0.000 | below_source_bottom_count = 0 | below_receiver_bottom_count = 0 | inside_source_wall_count = 0 | inside_receiver_wall_count = 7
FrameTiming 681 138.126
FrameTiming 682 138.375
FrameTiming 683 138.229
FrameTiming 684 138.447
FrameTiming 685 138.564
FrameTiming 686 138.533
FrameTiming 687 138.457
FrameTiming 688 138.529
FrameTiming 689 138.536
FrameTiming 690 138.206
FrameTiming 691 138.271
FrameTiming 692 138.591
FrameTiming 693 138.736
FrameTiming 694 138.555
FrameTiming 695 138.299
FrameTiming 696 138.196
FrameTiming 697 138.456
FrameTiming 698 138.642
FrameTiming 699 138.547
FrameTiming 700 138.305
Frame 700 | rho: [653.232, 1157.432] avg=998.497 | p: [0.000, 386147.469] | speed avg=0.055 max=0.377
Frame 700 fluid stats | fluid_count = 1248 | rho = [653.232, 1157.432] avg = 998.497 | p = [0.000, 386147.469] avg = 164710.516 | speed = [0.001, 0.377] avg = 0.055 | rho_floor_count = 0 | zero_pressure_count = 198
Frame 700 | max_source_penetration = 0.000 | max_receiver_penetration = 0.000 | below_source_bottom_count = 0 | below_receiver_bottom_count = 0 | inside_source_wall_count = 0 | inside_receiver_wall_count = 10
FrameTiming 701 138.081
FrameTiming 702 137.569
FrameTiming 703 135.679
FrameTiming 704 135.824
FrameTiming 705 135.753
FrameTiming 706 135.978
FrameTiming 707 135.871
FrameTiming 708 135.392
FrameTiming 709 135.225
FrameTiming 710 135.516
FrameTiming 711 135.347
FrameTiming 712 135.758
FrameTiming 713 135.689
FrameTiming 714 135.776
FrameTiming 715 135.863
FrameTiming 716 135.718
FrameTiming 717 135.779
FrameTiming 718 135.844
FrameTiming 719 135.943
FrameTiming 720 136.483
Frame 720 | rho: [685.429, 1174.162] avg=997.372 | p: [0.000, 411243.344] | speed avg=0.051 max=0.310
Frame 720 fluid stats | fluid_count = 1248 | rho = [685.429, 1174.162] avg = 997.372 | p = [0.000, 411243.344] avg = 160567.328 | speed = [0.001, 0.310] avg = 0.051 | rho_floor_count = 0 | zero_pressure_count = 197
Frame 720 | max_source_penetration = 0.000 | max_receiver_penetration = 0.000 | below_source_bottom_count = 0 | below_receiver_bottom_count = 0 | inside_source_wall_count = 0 | inside_receiver_wall_count = 7
FrameTiming 721 136.056
FrameTiming 722 136.123
FrameTiming 723 136.152
FrameTiming 724 138.157
FrameTiming 725 137.902
FrameTiming 726 138.454
FrameTiming 727 137.929
FrameTiming 728 138.398
FrameTiming 729 138.348
FrameTiming 730 138.274
FrameTiming 731 137.941
FrameTiming 732 145.703
FrameTiming 733 145.805
FrameTiming 734 138.343
FrameTiming 735 138.326
FrameTiming 736 138.387
FrameTiming 737 138.304
FrameTiming 738 138.553
FrameTiming 739 138.153
FrameTiming 740 138.667
Frame 740 | rho: [695.968, 1136.195] avg=992.747 | p: [0.000, 354292.594] | speed avg=0.055 max=0.304
Frame 740 fluid stats | fluid_count = 1248 | rho = [695.968, 1136.195] avg = 992.747 | p = [0.000, 354292.594] avg = 155515.266 | speed = [0.002, 0.304] avg = 0.055 | rho_floor_count = 0 | zero_pressure_count = 208
Frame 740 | max_source_penetration = 0.000 | max_receiver_penetration = 0.000 | below_source_bottom_count = 0 | below_receiver_bottom_count = 0 | inside_source_wall_count = 0 | inside_receiver_wall_count = 10
FrameTiming 741 138.417
FrameTiming 742 138.480
FrameTiming 743 138.436
FrameTiming 744 138.499
FrameTiming 745 138.840
FrameTiming 746 138.261
FrameTiming 747 138.571
FrameTiming 748 138.679
FrameTiming 749 138.452
FrameTiming 750 138.688
FrameTiming 751 138.441
FrameTiming 752 138.457
FrameTiming 753 138.160
FrameTiming 754 138.911
FrameTiming 755 138.435
FrameTiming 756 138.200
FrameTiming 757 138.605
FrameTiming 758 138.336
FrameTiming 759 139.307
FrameTiming 760 139.260
Frame 760 | rho: [702.517, 1168.047] avg=1005.302 | p: [0.000, 402070.875] | speed avg=0.054 max=0.324
Frame 760 fluid stats | fluid_count = 1248 | rho = [702.517, 1168.047] avg = 1005.302 | p = [0.000, 402070.875] avg = 170974.641 | speed = [0.002, 0.324] avg = 0.054 | rho_floor_count = 0 | zero_pressure_count = 181
Frame 760 | max_source_penetration = 0.000 | max_receiver_penetration = 0.000 | below_source_bottom_count = 0 | below_receiver_bottom_count = 0 | inside_source_wall_count = 0 | inside_receiver_wall_count = 9
FrameTiming 761 135.876
FrameTiming 762 135.992
FrameTiming 763 135.397
FrameTiming 764 138.898
FrameTiming 765 135.712
FrameTiming 766 135.880
FrameTiming 767 135.795
FrameTiming 768 136.172
FrameTiming 769 136.065
FrameTiming 770 136.069
FrameTiming 771 136.165
FrameTiming 772 135.849
FrameTiming 773 135.993
FrameTiming 774 136.179
FrameTiming 775 136.156
FrameTiming 776 136.599
FrameTiming 777 136.358
FrameTiming 778 136.292
FrameTiming 779 136.052
FrameTiming 780 136.610
Frame 780 | rho: [712.072, 1151.190] avg=997.978 | p: [0.000, 376785.094] | speed avg=0.056 max=0.312
Frame 780 fluid stats | fluid_count = 1248 | rho = [712.072, 1151.190] avg = 997.978 | p = [0.000, 376785.094] avg = 162216.922 | speed = [0.003, 0.312] avg = 0.056 | rho_floor_count = 0 | zero_pressure_count = 251
Frame 780 | max_source_penetration = 0.000 | max_receiver_penetration = 0.000 | below_source_bottom_count = 0 | below_receiver_bottom_count = 0 | inside_source_wall_count = 0 | inside_receiver_wall_count = 9
FrameTiming 781 137.100
FrameTiming 782 137.511
FrameTiming 783 138.623
FrameTiming 784 138.437
FrameTiming 785 138.469
FrameTiming 786 138.690
FrameTiming 787 138.524
FrameTiming 788 138.688
FrameTiming 789 138.844
FrameTiming 790 138.415
FrameTiming 791 138.887
FrameTiming 792 138.669
FrameTiming 793 138.909
FrameTiming 794 138.692
FrameTiming 795 138.653
FrameTiming 796 138.605
FrameTiming 797 138.700
FrameTiming 798 138.733
FrameTiming 799 138.681
FrameTiming 800 138.838
Frame 800 | rho: [693.902, 1160.797] avg=994.654 | p: [0.000, 391194.938] | speed avg=0.059 max=0.302
Frame 800 fluid stats | fluid_count = 1248 | rho = [693.902, 1160.797] avg = 994.654 | p = [0.000, 391194.938] avg = 157269.719 | speed = [0.003, 0.302] avg = 0.059 | rho_floor_count = 0 | zero_pressure_count = 251
Frame 800 | max_source_penetration = 0.000 | max_receiver_penetration = 0.000 | below_source_bottom_count = 0 | below_receiver_bottom_count = 0 | inside_source_wall_count = 0 | inside_receiver_wall_count = 7
FrameTiming 801 138.296
FrameTiming 802 139.076
FrameTiming 803 138.677
FrameTiming 804 138.872
FrameTiming 805 138.799
FrameTiming 806 138.879
FrameTiming 807 138.920
FrameTiming 808 138.718
FrameTiming 809 138.699
FrameTiming 810 138.917
FrameTiming 811 138.823
FrameTiming 812 138.786
FrameTiming 813 139.066
FrameTiming 814 138.941
FrameTiming 815 138.925
FrameTiming 816 138.653
FrameTiming 817 139.270
FrameTiming 818 138.877
FrameTiming 819 139.041
FrameTiming 820 138.883
Frame 820 | rho: [673.449, 1174.615] avg=1000.808 | p: [0.000, 411923.031] | speed avg=0.060 max=0.344
Frame 820 fluid stats | fluid_count = 1248 | rho = [673.449, 1174.615] avg = 1000.808 | p = [0.000, 411923.031] avg = 167074.594 | speed = [0.001, 0.344] avg = 0.060 | rho_floor_count = 0 | zero_pressure_count = 226
Frame 820 | max_source_penetration = 0.000 | max_receiver_penetration = 0.000 | below_source_bottom_count = 0 | below_receiver_bottom_count = 0 | inside_source_wall_count = 0 | inside_receiver_wall_count = 11
FrameTiming 821 138.699
FrameTiming 822 139.015
FrameTiming 823 138.972
FrameTiming 824 138.442
FrameTiming 825 138.600
FrameTiming 826 138.864
FrameTiming 827 138.758
FrameTiming 828 138.839
FrameTiming 829 138.402
FrameTiming 830 138.581
FrameTiming 831 138.897
FrameTiming 832 138.441
FrameTiming 833 138.552
FrameTiming 834 138.739
FrameTiming 835 138.450
FrameTiming 836 137.144
FrameTiming 837 138.710
FrameTiming 838 140.654
FrameTiming 839 138.698
FrameTiming 840 138.756
Frame 840 | rho: [663.760, 1149.044] avg=996.911 | p: [0.000, 373566.094] | speed avg=0.058 max=0.362
Frame 840 fluid stats | fluid_count = 1248 | rho = [663.760, 1149.044] avg = 996.911 | p = [0.000, 373566.094] avg = 161716.484 | speed = [0.004, 0.362] avg = 0.058 | rho_floor_count = 0 | zero_pressure_count = 235
Frame 840 | max_source_penetration = 0.000 | max_receiver_penetration = 0.000 | below_source_bottom_count = 0 | below_receiver_bottom_count = 0 | inside_source_wall_count = 0 | inside_receiver_wall_count = 6
FrameTiming 841 138.245
FrameTiming 842 138.373
FrameTiming 843 138.101
FrameTiming 844 138.291
FrameTiming 845 136.961
FrameTiming 846 138.133
FrameTiming 847 138.629
FrameTiming 848 138.518
FrameTiming 849 139.169
FrameTiming 850 138.521
FrameTiming 851 138.704
FrameTiming 852 138.654
FrameTiming 853 138.982
FrameTiming 854 139.147
FrameTiming 855 138.805
FrameTiming 856 147.149
FrameTiming 857 144.073
FrameTiming 858 138.682
FrameTiming 859 138.993
FrameTiming 860 138.967
Frame 860 | rho: [658.094, 1171.635] avg=993.987 | p: [0.000, 407452.344] | speed avg=0.057 max=0.343
Frame 860 fluid stats | fluid_count = 1248 | rho = [658.094, 1171.635] avg = 993.987 | p = [0.000, 407452.344] avg = 156693.547 | speed = [0.002, 0.343] avg = 0.057 | rho_floor_count = 0 | zero_pressure_count = 227
Frame 860 | max_source_penetration = 0.000 | max_receiver_penetration = 0.000 | below_source_bottom_count = 0 | below_receiver_bottom_count = 0 | inside_source_wall_count = 0 | inside_receiver_wall_count = 8
FrameTiming 861 138.937
FrameTiming 862 138.710
FrameTiming 863 138.590
FrameTiming 864 138.850
FrameTiming 865 141.257
FrameTiming 866 138.875
FrameTiming 867 138.694
FrameTiming 868 139.809
FrameTiming 869 138.609
FrameTiming 870 138.839
FrameTiming 871 138.591
FrameTiming 872 138.627
FrameTiming 873 138.533
FrameTiming 874 138.813
FrameTiming 875 138.584
FrameTiming 876 138.926
FrameTiming 877 138.590
FrameTiming 878 138.626
FrameTiming 879 138.638
FrameTiming 880 138.832
Frame 880 | rho: [700.485, 1167.018] avg=1000.580 | p: [0.000, 400527.281] | speed avg=0.057 max=0.323
Frame 880 fluid stats | fluid_count = 1248 | rho = [700.485, 1167.018] avg = 1000.580 | p = [0.000, 400527.281] avg = 164580.781 | speed = [0.002, 0.323] avg = 0.057 | rho_floor_count = 0 | zero_pressure_count = 205
Frame 880 | max_source_penetration = 0.000 | max_receiver_penetration = 0.000 | below_source_bottom_count = 0 | below_receiver_bottom_count = 0 | inside_source_wall_count = 0 | inside_receiver_wall_count = 12
FrameTiming 881 138.644
FrameTiming 882 138.833
FrameTiming 883 138.674
FrameTiming 884 138.595
FrameTiming 885 138.631
FrameTiming 886 138.478
FrameTiming 887 138.705
FrameTiming 888 138.574
FrameTiming 889 138.443
FrameTiming 890 138.719
FrameTiming 891 138.361
FrameTiming 892 138.639
FrameTiming 893 138.626
FrameTiming 894 138.689
FrameTiming 895 139.426
FrameTiming 896 138.907
FrameTiming 897 139.001
FrameTiming 898 138.365
FrameTiming 899 138.761
FrameTiming 900 138.382
Frame 900 | rho: [727.953, 1165.131] avg=997.684 | p: [0.000, 397696.656] | speed avg=0.056 max=0.349
Frame 900 fluid stats | fluid_count = 1248 | rho = [727.953, 1165.131] avg = 997.684 | p = [0.000, 397696.656] avg = 160807.562 | speed = [0.004, 0.349] avg = 0.056 | rho_floor_count = 0 | zero_pressure_count = 233
Frame 900 | max_source_penetration = 0.000 | max_receiver_penetration = 0.000 | below_source_bottom_count = 0 | below_receiver_bottom_count = 0 | inside_source_wall_count = 0 | inside_receiver_wall_count = 12
FrameTiming 901 140.526
FrameTiming 902 138.813
FrameTiming 903 138.903
FrameTiming 904 138.642
FrameTiming 905 138.723
FrameTiming 906 138.539
FrameTiming 907 138.664
FrameTiming 908 138.482
FrameTiming 909 138.742
FrameTiming 910 138.735
FrameTiming 911 138.438
FrameTiming 912 138.815
FrameTiming 913 138.455
FrameTiming 914 136.075
FrameTiming 915 138.405
FrameTiming 916 138.885
FrameTiming 917 138.708
FrameTiming 918 138.461
FrameTiming 919 138.834
FrameTiming 920 138.872
Frame 920 | rho: [694.896, 1153.894] avg=992.672 | p: [0.000, 380841.250] | speed avg=0.055 max=0.344
Frame 920 fluid stats | fluid_count = 1248 | rho = [694.896, 1153.894] avg = 992.672 | p = [0.000, 380841.250] avg = 155476.141 | speed = [0.003, 0.344] avg = 0.055 | rho_floor_count = 0 | zero_pressure_count = 246
Frame 920 | max_source_penetration = 0.000 | max_receiver_penetration = 0.000 | below_source_bottom_count = 0 | below_receiver_bottom_count = 0 | inside_source_wall_count = 0 | inside_receiver_wall_count = 7
FrameTiming 921 138.141
FrameTiming 922 137.005
FrameTiming 923 135.869
FrameTiming 924 136.214
FrameTiming 925 136.045
FrameTiming 926 136.507
FrameTiming 927 138.562
FrameTiming 928 135.633
FrameTiming 929 138.421
FrameTiming 930 136.343
FrameTiming 931 135.753
FrameTiming 932 135.873
FrameTiming 933 135.726
FrameTiming 934 136.014
FrameTiming 935 135.551
FrameTiming 936 135.909
FrameTiming 937 135.907
FrameTiming 938 136.144
FrameTiming 939 135.931
FrameTiming 940 138.131
Frame 940 | rho: [713.543, 1149.530] avg=1003.217 | p: [0.000, 374295.594] | speed avg=0.056 max=0.330
Frame 940 fluid stats | fluid_count = 1248 | rho = [713.543, 1149.530] avg = 1003.217 | p = [0.000, 374295.594] avg = 168050.016 | speed = [0.003, 0.330] avg = 0.056 | rho_floor_count = 0 | zero_pressure_count = 214
Frame 940 | max_source_penetration = 0.000 | max_receiver_penetration = 0.000 | below_source_bottom_count = 0 | below_receiver_bottom_count = 0 | inside_source_wall_count = 0 | inside_receiver_wall_count = 10
FrameTiming 941 138.325
FrameTiming 942 138.719
FrameTiming 943 138.423
FrameTiming 944 138.243
FrameTiming 945 138.271
FrameTiming 946 137.789
FrameTiming 947 138.456
FrameTiming 948 138.785
FrameTiming 949 138.707
FrameTiming 950 138.579
FrameTiming 951 138.441
FrameTiming 952 138.627
FrameTiming 953 138.604
FrameTiming 954 139.025
FrameTiming 955 138.434
FrameTiming 956 138.836
FrameTiming 957 139.121
FrameTiming 958 138.844
FrameTiming 959 138.901
FrameTiming 960 139.161
Frame 960 | rho: [711.874, 1178.990] avg=999.392 | p: [0.000, 418485.531] | speed avg=0.057 max=0.377
Frame 960 fluid stats | fluid_count = 1248 | rho = [711.874, 1178.990] avg = 999.392 | p = [0.000, 418485.531] avg = 162911.125 | speed = [0.003, 0.377] avg = 0.057 | rho_floor_count = 0 | zero_pressure_count = 225
Frame 960 | max_source_penetration = 0.000 | max_receiver_penetration = 0.000 | below_source_bottom_count = 0 | below_receiver_bottom_count = 0 | inside_source_wall_count = 0 | inside_receiver_wall_count = 8
FrameTiming 961 138.302
FrameTiming 962 138.681
FrameTiming 963 138.861
FrameTiming 964 138.649
FrameTiming 965 138.724
FrameTiming 966 138.348
FrameTiming 967 138.554
FrameTiming 968 137.681
FrameTiming 969 138.471
FrameTiming 970 138.482
FrameTiming 971 138.489
FrameTiming 972 138.522
FrameTiming 973 138.157
FrameTiming 974 138.740
FrameTiming 975 138.517
FrameTiming 976 138.506
FrameTiming 977 138.375
FrameTiming 978 138.477
FrameTiming 979 138.316
FrameTiming 980 138.745
Frame 980 | rho: [715.262, 1150.200] avg=991.044 | p: [0.000, 375299.562] | speed avg=0.055 max=0.399
Frame 980 fluid stats | fluid_count = 1248 | rho = [715.262, 1150.200] avg = 991.044 | p = [0.000, 375299.562] avg = 152447.000 | speed = [0.001, 0.399] avg = 0.055 | rho_floor_count = 0 | zero_pressure_count = 260
Frame 980 | max_source_penetration = 0.000 | max_receiver_penetration = 0.000 | below_source_bottom_count = 0 | below_receiver_bottom_count = 0 | inside_source_wall_count = 0 | inside_receiver_wall_count = 14
FrameTiming 981 138.127
FrameTiming 982 140.923
FrameTiming 983 144.493
FrameTiming 984 138.602
FrameTiming 985 138.912
FrameTiming 986 138.662
FrameTiming 987 138.906
FrameTiming 988 138.627
FrameTiming 989 138.576
FrameTiming 990 138.769
FrameTiming 991 138.415
FrameTiming 992 138.532
FrameTiming 993 138.354
FrameTiming 994 137.867
FrameTiming 995 138.043
FrameTiming 996 138.516
FrameTiming 997 138.391
FrameTiming 998 138.556
FrameTiming 999 138.513
FrameTiming 1000 138.351
Frame 1000 | rho: [655.674, 1150.700] avg=999.873 | p: [0.000, 376050.281] | speed avg=0.055 max=0.336
Frame 1000 fluid stats | fluid_count = 1248 | rho = [655.674, 1150.700] avg = 999.873 | p = [0.000, 376050.281] avg = 164686.672 | speed = [0.002, 0.336] avg = 0.055 | rho_floor_count = 0 | zero_pressure_count = 212
Frame 1000 | max_source_penetration = 0.000 | max_receiver_penetration = 0.000 | below_source_bottom_count = 0 | below_receiver_bottom_count = 0 | inside_source_wall_count = 0 | inside_receiver_wall_count = 8
TimingSummary mode=gpu_spatial_hash total_ms=138159.541 avg_ms=138.160 min_ms=134.506 max_ms=150.159
Done
