Generate the cup scene with target tilt = 120
Simulation mode = gpu_bruteforce
Initial density stats | rho: [360.426, 905.274] avg = 767.757 | p: [0, 7910.8] avg = 93.6544
Frame 0 fluid stats | fluid_count = 1248 | rho = [360.426, 905.274] avg = 767.757 | p = [0, 7910.8] avg = 93.6544 | speed = [0, 0] avg = 0 | rho_floor_count = 0 | zero_pressure_count = 1206
Initial source cup check | fluid_count = 1248 | outside_count = 0
Fluid particles = 1248
Source compute boundary particles = 8844
Receiver compute boundary particles = 8980
Total compute boundary particles = 17824
Render boundary particles = 17824
FrameTiming 1 138.017
FrameTiming 2 138.726
FrameTiming 3 138.817
FrameTiming 4 138.924
FrameTiming 5 138.577
FrameTiming 6 138.632
FrameTiming 7 138.731
FrameTiming 8 138.650
FrameTiming 9 138.574
FrameTiming 10 138.839
FrameTiming 11 139.014
FrameTiming 12 138.493
FrameTiming 13 138.597
FrameTiming 14 138.782
FrameTiming 15 138.880
FrameTiming 16 138.802
FrameTiming 17 139.806
FrameTiming 18 137.875
FrameTiming 19 138.289
FrameTiming 20 137.971
Frame 20 | rho: [360.487, 1007.358] avg=795.666 | p: [0.000, 161036.312] | speed avg=0.645 max=0.647
Frame 20 fluid stats | fluid_count = 1248 | rho = [360.487, 1007.358] avg = 795.666 | p = [0.000, 161036.312] avg = 8176.460 | speed = [0.625, 0.647] avg = 0.645 | rho_floor_count = 0 | zero_pressure_count = 1126
Frame 20 | max_source_penetration = 0.000 | max_receiver_penetration = 0.000 | below_source_bottom_count = 0 | below_receiver_bottom_count = 0 | inside_source_wall_count = 0 | inside_receiver_wall_count = 0
FrameTiming 21 137.815
FrameTiming 22 137.660
FrameTiming 23 136.926
FrameTiming 24 136.536
FrameTiming 25 136.162
FrameTiming 26 135.150
FrameTiming 27 135.206
FrameTiming 28 134.560
FrameTiming 29 134.598
FrameTiming 30 135.263
FrameTiming 31 135.339
FrameTiming 32 135.377
FrameTiming 33 135.346
FrameTiming 34 135.080
FrameTiming 35 135.177
FrameTiming 36 135.154
FrameTiming 37 135.383
FrameTiming 38 135.130
FrameTiming 39 135.465
FrameTiming 40 134.979
Frame 40 | rho: [369.055, 1779.949] avg=1226.557 | p: [0.000, 1319922.875] | speed avg=0.612 max=1.073
Frame 40 fluid stats | fluid_count = 1248 | rho = [369.055, 1779.949] avg = 1226.557 | p = [0.000, 1319922.875] avg = 533314.125 | speed = [0.021, 1.073] avg = 0.612 | rho_floor_count = 0 | zero_pressure_count = 166
Frame 40 | max_source_penetration = 0.000 | max_receiver_penetration = 0.000 | below_source_bottom_count = 0 | below_receiver_bottom_count = 0 | inside_source_wall_count = 23 | inside_receiver_wall_count = 0
FrameTiming 41 135.050
FrameTiming 42 135.196
FrameTiming 43 135.179
FrameTiming 44 135.297
FrameTiming 45 135.110
FrameTiming 46 135.347
FrameTiming 47 135.304
FrameTiming 48 135.267
FrameTiming 49 135.394
FrameTiming 50 135.565
FrameTiming 51 135.497
FrameTiming 52 135.665
FrameTiming 53 135.555
FrameTiming 54 135.846
FrameTiming 55 135.876
FrameTiming 56 136.058
FrameTiming 57 135.704
FrameTiming 58 136.097
FrameTiming 59 136.130
FrameTiming 60 136.620
Frame 60 | rho: [107.425, 1372.006] avg=939.396 | p: [0.000, 708009.688] | speed avg=0.310 max=0.882
Frame 60 fluid stats | fluid_count = 1248 | rho = [107.425, 1372.006] avg = 939.396 | p = [0.000, 708009.688] avg = 135395.047 | speed = [0.013, 0.882] avg = 0.310 | rho_floor_count = 0 | zero_pressure_count = 421
Frame 60 | max_source_penetration = 0.000 | max_receiver_penetration = 0.000 | below_source_bottom_count = 0 | below_receiver_bottom_count = 0 | inside_source_wall_count = 7 | inside_receiver_wall_count = 0
FrameTiming 61 136.831
FrameTiming 62 137.722
FrameTiming 63 137.823
FrameTiming 64 137.530
FrameTiming 65 137.977
FrameTiming 66 138.004
FrameTiming 67 138.139
FrameTiming 68 138.329
FrameTiming 69 138.092
FrameTiming 70 138.291
FrameTiming 71 138.007
FrameTiming 72 138.119
FrameTiming 73 138.191
FrameTiming 74 138.118
FrameTiming 75 138.505
FrameTiming 76 138.131
FrameTiming 77 137.957
FrameTiming 78 137.750
FrameTiming 79 137.606
FrameTiming 80 137.461
Frame 80 | rho: [114.511, 1216.480] avg=921.148 | p: [0.000, 474720.531] | speed avg=0.179 max=0.438
Frame 80 fluid stats | fluid_count = 1248 | rho = [114.511, 1216.480] avg = 921.148 | p = [0.000, 474720.531] avg = 122065.195 | speed = [0.013, 0.438] avg = 0.179 | rho_floor_count = 0 | zero_pressure_count = 472
Frame 80 | max_source_penetration = 0.000 | max_receiver_penetration = 0.000 | below_source_bottom_count = 0 | below_receiver_bottom_count = 0 | inside_source_wall_count = 4 | inside_receiver_wall_count = 0
FrameTiming 81 137.278
FrameTiming 82 137.094
FrameTiming 83 137.057
FrameTiming 84 136.858
FrameTiming 85 136.690
FrameTiming 86 136.520
FrameTiming 87 136.443
FrameTiming 88 136.333
FrameTiming 89 136.581
FrameTiming 90 136.141
FrameTiming 91 135.983
FrameTiming 92 136.045
FrameTiming 93 135.968
FrameTiming 94 135.915
FrameTiming 95 135.145
FrameTiming 96 135.048
FrameTiming 97 135.084
FrameTiming 98 135.034
FrameTiming 99 134.857
FrameTiming 100 134.982
Frame 100 | rho: [495.918, 1474.710] avg=1129.461 | p: [0.000, 862065.688] | speed avg=0.185 max=0.753
Frame 100 fluid stats | fluid_count = 1248 | rho = [495.918, 1474.710] avg = 1129.461 | p = [0.000, 862065.688] avg = 355873.594 | speed = [0.021, 0.753] avg = 0.185 | rho_floor_count = 0 | zero_pressure_count = 104
Frame 100 | max_source_penetration = 0.000 | max_receiver_penetration = 0.000 | below_source_bottom_count = 0 | below_receiver_bottom_count = 0 | inside_source_wall_count = 10 | inside_receiver_wall_count = 0
FrameTiming 101 135.055
FrameTiming 102 134.985
FrameTiming 103 135.071
FrameTiming 104 135.070
FrameTiming 105 134.976
FrameTiming 106 134.982
FrameTiming 107 135.679
FrameTiming 108 136.069
FrameTiming 109 135.602
FrameTiming 110 136.168
FrameTiming 111 136.257
FrameTiming 112 136.468
FrameTiming 113 136.610
FrameTiming 114 136.680
FrameTiming 115 136.769
FrameTiming 116 136.411
FrameTiming 117 136.116
FrameTiming 118 136.768
FrameTiming 119 136.593
FrameTiming 120 136.586
Frame 120 | rho: [424.100, 1216.983] avg=967.320 | p: [0.000, 475473.812] | speed avg=0.354 max=0.688
Frame 120 fluid stats | fluid_count = 1248 | rho = [424.100, 1216.983] avg = 967.320 | p = [0.000, 475473.812] avg = 139758.844 | speed = [0.087, 0.688] avg = 0.354 | rho_floor_count = 0 | zero_pressure_count = 272
Frame 120 | max_source_penetration = 0.000 | max_receiver_penetration = 0.000 | below_source_bottom_count = 0 | below_receiver_bottom_count = 0 | inside_source_wall_count = 20 | inside_receiver_wall_count = 0
FrameTiming 121 136.682
FrameTiming 122 136.668
FrameTiming 123 136.702
FrameTiming 124 136.610
FrameTiming 125 136.834
FrameTiming 126 136.671
FrameTiming 127 136.829
FrameTiming 128 136.551
FrameTiming 129 136.603
FrameTiming 130 136.795
FrameTiming 131 136.731
FrameTiming 132 136.835
FrameTiming 133 136.838
FrameTiming 134 136.796
FrameTiming 135 136.781
FrameTiming 136 136.817
FrameTiming 137 136.934
FrameTiming 138 136.719
FrameTiming 139 136.882
FrameTiming 140 136.274
Frame 140 | rho: [522.489, 1486.237] avg=1011.316 | p: [0.000, 879355.062] | speed avg=0.391 max=0.675
Frame 140 fluid stats | fluid_count = 1248 | rho = [522.489, 1486.237] avg = 1011.316 | p = [0.000, 879355.062] avg = 199199.641 | speed = [0.072, 0.675] avg = 0.391 | rho_floor_count = 0 | zero_pressure_count = 266
Frame 140 | max_source_penetration = 0.000 | max_receiver_penetration = 0.000 | below_source_bottom_count = 0 | below_receiver_bottom_count = 0 | inside_source_wall_count = 2 | inside_receiver_wall_count = 0
FrameTiming 141 136.532
FrameTiming 142 136.467
FrameTiming 143 136.460
FrameTiming 144 136.414
FrameTiming 145 136.363
FrameTiming 146 136.215
FrameTiming 147 136.652
FrameTiming 148 136.596
FrameTiming 149 136.578
FrameTiming 150 136.559
FrameTiming 151 136.400
FrameTiming 152 136.370
FrameTiming 153 136.476
FrameTiming 154 136.604
FrameTiming 155 136.865
FrameTiming 156 137.700
FrameTiming 157 138.390
FrameTiming 158 138.927
FrameTiming 159 139.382
FrameTiming 160 139.802
Frame 160 | rho: [240.203, 1356.966] avg=995.339 | p: [0.000, 685449.438] | speed avg=0.507 max=0.799
Frame 160 fluid stats | fluid_count = 1248 | rho = [240.203, 1356.966] avg = 995.339 | p = [0.000, 685449.438] avg = 177654.422 | speed = [0.033, 0.799] avg = 0.507 | rho_floor_count = 0 | zero_pressure_count = 358
Frame 160 | max_source_penetration = 0.000 | max_receiver_penetration = 0.000 | below_source_bottom_count = 0 | below_receiver_bottom_count = 0 | inside_source_wall_count = 5 | inside_receiver_wall_count = 0
FrameTiming 161 139.640
FrameTiming 162 139.635
FrameTiming 163 139.732
FrameTiming 164 139.304
FrameTiming 165 139.392
FrameTiming 166 139.305
FrameTiming 167 139.165
FrameTiming 168 138.947
FrameTiming 169 138.712
FrameTiming 170 138.502
FrameTiming 171 138.210
FrameTiming 172 138.241
FrameTiming 173 137.354
FrameTiming 174 137.531
FrameTiming 175 137.658
FrameTiming 176 137.513
FrameTiming 177 137.746
FrameTiming 178 137.755
FrameTiming 179 137.615
FrameTiming 180 137.947
Frame 180 | rho: [176.682, 1341.556] avg=968.626 | p: [0.000, 662334.438] | speed avg=0.591 max=0.957
Frame 180 fluid stats | fluid_count = 1248 | rho = [176.682, 1341.556] avg = 968.626 | p = [0.000, 662334.438] avg = 163921.609 | speed = [0.060, 0.957] avg = 0.591 | rho_floor_count = 0 | zero_pressure_count = 400
Frame 180 | max_source_penetration = 0.000 | max_receiver_penetration = 0.000 | below_source_bottom_count = 0 | below_receiver_bottom_count = 0 | inside_source_wall_count = 1 | inside_receiver_wall_count = 0
FrameTiming 181 138.153
FrameTiming 182 138.391
FrameTiming 183 138.338
FrameTiming 184 138.209
FrameTiming 185 138.456
FrameTiming 186 139.047
FrameTiming 187 139.664
FrameTiming 188 139.825
FrameTiming 189 140.744
FrameTiming 190 141.352
FrameTiming 191 141.946
FrameTiming 192 142.549
FrameTiming 193 142.881
FrameTiming 194 143.089
FrameTiming 195 142.977
FrameTiming 196 142.982
FrameTiming 197 143.195
FrameTiming 198 143.169
FrameTiming 199 143.091
FrameTiming 200 142.988
Frame 200 | rho: [94.628, 1046.233] avg=778.932 | p: [0.000, 219350.094] | speed avg=0.843 max=1.214
Frame 200 fluid stats | fluid_count = 1248 | rho = [94.628, 1046.233] avg = 778.932 | p = [0.000, 219350.094] avg = 6935.767 | speed = [0.106, 1.214] avg = 0.843 | rho_floor_count = 0 | zero_pressure_count = 1135
Frame 200 | max_source_penetration = 0.000 | max_receiver_penetration = 0.000 | below_source_bottom_count = 0 | below_receiver_bottom_count = 0 | inside_source_wall_count = 0 | inside_receiver_wall_count = 0
FrameTiming 201 143.016
FrameTiming 202 142.857
FrameTiming 203 141.560
FrameTiming 204 140.786
FrameTiming 205 139.691
FrameTiming 206 139.735
FrameTiming 207 137.997
FrameTiming 208 137.873
FrameTiming 209 137.811
FrameTiming 210 138.235
FrameTiming 211 137.408
FrameTiming 212 137.181
FrameTiming 213 137.590
FrameTiming 214 138.617
FrameTiming 215 139.296
FrameTiming 216 139.633
FrameTiming 217 140.472
FrameTiming 218 141.390
FrameTiming 219 141.551
FrameTiming 220 142.051
Frame 220 | rho: [169.939, 1002.899] avg=719.707 | p: [0.000, 154348.656] | speed avg=0.906 max=1.702
Frame 220 fluid stats | fluid_count = 1248 | rho = [169.939, 1002.899] avg = 719.707 | p = [0.000, 154348.656] avg = 2952.123 | speed = [0.182, 1.702] avg = 0.906 | rho_floor_count = 0 | zero_pressure_count = 1178
Frame 220 | max_source_penetration = 0.000 | max_receiver_penetration = 0.000 | below_source_bottom_count = 0 | below_receiver_bottom_count = 0 | inside_source_wall_count = 6 | inside_receiver_wall_count = 0
FrameTiming 221 141.959
FrameTiming 222 141.564
FrameTiming 223 141.159
FrameTiming 224 141.143
FrameTiming 225 140.995
FrameTiming 226 140.493
FrameTiming 227 140.072
FrameTiming 228 139.547
FrameTiming 229 139.418
FrameTiming 230 139.370
FrameTiming 231 138.880
FrameTiming 232 138.911
FrameTiming 233 138.587
FrameTiming 234 138.507
FrameTiming 235 138.184
FrameTiming 236 138.149
FrameTiming 237 138.637
FrameTiming 238 139.242
FrameTiming 239 139.608
FrameTiming 240 139.641
Frame 240 | rho: [90.796, 1529.782] avg=623.725 | p: [0.000, 944673.688] | speed avg=0.935 max=1.625
Frame 240 fluid stats | fluid_count = 1248 | rho = [90.796, 1529.782] avg = 623.725 | p = [0.000, 944673.688] avg = 83761.531 | speed = [0.082, 1.625] avg = 0.935 | rho_floor_count = 0 | zero_pressure_count = 884
Frame 240 | max_source_penetration = 0.000 | max_receiver_penetration = 0.000 | below_source_bottom_count = 0 | below_receiver_bottom_count = 10 | inside_source_wall_count = 6 | inside_receiver_wall_count = 15
FrameTiming 241 139.732
FrameTiming 242 139.965
FrameTiming 243 139.857
FrameTiming 244 139.771
FrameTiming 245 139.589
FrameTiming 246 139.223
FrameTiming 247 139.178
FrameTiming 248 139.150
FrameTiming 249 138.736
FrameTiming 250 138.402
FrameTiming 251 138.284
FrameTiming 252 138.184
FrameTiming 253 138.144
FrameTiming 254 138.403
FrameTiming 255 138.054
FrameTiming 256 137.977
FrameTiming 257 137.989
FrameTiming 258 138.243
FrameTiming 259 137.933
FrameTiming 260 138.132
Frame 260 | rho: [99.078, 1356.148] avg=594.539 | p: [0.000, 684221.938] | speed avg=0.837 max=1.427
Frame 260 fluid stats | fluid_count = 1248 | rho = [99.078, 1356.148] avg = 594.539 | p = [0.000, 684221.938] avg = 31187.824 | speed = [0.014, 1.427] avg = 0.837 | rho_floor_count = 0 | zero_pressure_count = 973
Frame 260 | max_source_penetration = 0.000 | max_receiver_penetration = 0.000 | below_source_bottom_count = 0 | below_receiver_bottom_count = 1 | inside_source_wall_count = 7 | inside_receiver_wall_count = 11
FrameTiming 261 137.713
FrameTiming 262 138.531
FrameTiming 263 138.470
FrameTiming 264 138.632
FrameTiming 265 138.553
FrameTiming 266 138.074
FrameTiming 267 138.284
FrameTiming 268 138.101
FrameTiming 269 137.910
FrameTiming 270 138.015
FrameTiming 271 138.004
FrameTiming 272 138.355
FrameTiming 273 138.188
FrameTiming 274 137.729
FrameTiming 275 137.443
FrameTiming 276 137.992
FrameTiming 277 137.963
FrameTiming 278 137.977
FrameTiming 279 138.163
FrameTiming 280 138.182
Frame 280 | rho: [109.723, 1360.698] avg=774.628 | p: [0.000, 691047.562] | speed avg=0.751 max=1.403
Frame 280 fluid stats | fluid_count = 1248 | rho = [109.723, 1360.698] avg = 774.628 | p = [0.000, 691047.562] avg = 103640.250 | speed = [0.052, 1.403] avg = 0.751 | rho_floor_count = 0 | zero_pressure_count = 707
Frame 280 | max_source_penetration = 0.000 | max_receiver_penetration = 0.000 | below_source_bottom_count = 0 | below_receiver_bottom_count = 0 | inside_source_wall_count = 5 | inside_receiver_wall_count = 9
FrameTiming 281 138.457
FrameTiming 282 138.785
FrameTiming 283 139.065
FrameTiming 284 139.266
FrameTiming 285 139.574
FrameTiming 286 139.459
FrameTiming 287 139.344
FrameTiming 288 139.218
FrameTiming 289 138.510
FrameTiming 290 137.619
FrameTiming 291 137.452
FrameTiming 292 137.451
FrameTiming 293 137.611
FrameTiming 294 137.730
FrameTiming 295 137.828
FrameTiming 296 137.867
FrameTiming 297 137.544
FrameTiming 298 137.386
FrameTiming 299 137.144
FrameTiming 300 137.262
Frame 300 | rho: [90.443, 1295.189] avg=821.794 | p: [0.000, 592782.875] | speed avg=0.493 max=1.351
Frame 300 fluid stats | fluid_count = 1248 | rho = [90.443, 1295.189] avg = 821.794 | p = [0.000, 592782.875] avg = 104399.453 | speed = [0.007, 1.351] avg = 0.493 | rho_floor_count = 0 | zero_pressure_count = 572
Frame 300 | max_source_penetration = 0.000 | max_receiver_penetration = 0.000 | below_source_bottom_count = 0 | below_receiver_bottom_count = 0 | inside_source_wall_count = 7 | inside_receiver_wall_count = 8
FrameTiming 301 137.477
FrameTiming 302 137.152
FrameTiming 303 137.371
FrameTiming 304 137.403
FrameTiming 305 137.756
FrameTiming 306 137.483
FrameTiming 307 137.373
FrameTiming 308 137.696
FrameTiming 309 137.802
FrameTiming 310 137.605
FrameTiming 311 137.396
FrameTiming 312 137.332
FrameTiming 313 137.219
FrameTiming 314 137.114
FrameTiming 315 137.794
FrameTiming 316 137.977
FrameTiming 317 137.754
FrameTiming 318 137.555
FrameTiming 319 137.062
FrameTiming 320 137.976
Frame 320 | rho: [116.294, 1367.519] avg=925.897 | p: [0.000, 701278.562] | speed avg=0.308 max=1.345
Frame 320 fluid stats | fluid_count = 1248 | rho = [116.294, 1367.519] avg = 925.897 | p = [0.000, 701278.562] avg = 178400.406 | speed = [0.008, 1.345] avg = 0.308 | rho_floor_count = 0 | zero_pressure_count = 402
Frame 320 | max_source_penetration = 0.000 | max_receiver_penetration = 0.000 | below_source_bottom_count = 0 | below_receiver_bottom_count = 0 | inside_source_wall_count = 0 | inside_receiver_wall_count = 11
FrameTiming 321 137.816
FrameTiming 322 138.099
FrameTiming 323 137.375
FrameTiming 324 137.333
FrameTiming 325 137.487
FrameTiming 326 137.497
FrameTiming 327 137.712
FrameTiming 328 137.802
FrameTiming 329 137.745
FrameTiming 330 137.762
FrameTiming 331 137.793
FrameTiming 332 137.670
FrameTiming 333 137.749
FrameTiming 334 137.911
FrameTiming 335 137.965
FrameTiming 336 138.046
FrameTiming 337 138.343
FrameTiming 338 138.090
FrameTiming 339 138.177
FrameTiming 340 138.062
Frame 340 | rho: [141.406, 1214.827] avg=953.245 | p: [0.000, 472241.094] | speed avg=0.178 max=1.322
Frame 340 fluid stats | fluid_count = 1248 | rho = [141.406, 1214.827] avg = 953.245 | p = [0.000, 472241.094] avg = 157272.141 | speed = [0.010, 1.322] avg = 0.178 | rho_floor_count = 0 | zero_pressure_count = 368
Frame 340 | max_source_penetration = 0.000 | max_receiver_penetration = 0.000 | below_source_bottom_count = 0 | below_receiver_bottom_count = 0 | inside_source_wall_count = 0 | inside_receiver_wall_count = 4
FrameTiming 341 138.113
FrameTiming 342 138.185
FrameTiming 343 138.074
FrameTiming 344 138.148
FrameTiming 345 138.169
FrameTiming 346 137.862
FrameTiming 347 137.937
FrameTiming 348 138.055
FrameTiming 349 138.060
FrameTiming 350 138.009
FrameTiming 351 138.056
FrameTiming 352 137.813
FrameTiming 353 137.891
FrameTiming 354 137.832
FrameTiming 355 137.733
FrameTiming 356 137.705
FrameTiming 357 137.837
FrameTiming 358 137.709
FrameTiming 359 137.666
FrameTiming 360 137.897
Frame 360 | rho: [585.399, 1214.601] avg=991.566 | p: [0.000, 471901.781] | speed avg=0.111 max=0.467
Frame 360 fluid stats | fluid_count = 1248 | rho = [585.399, 1214.601] avg = 991.566 | p = [0.000, 471901.781] avg = 165670.781 | speed = [0.004, 0.467] avg = 0.111 | rho_floor_count = 0 | zero_pressure_count = 321
Frame 360 | max_source_penetration = 0.000 | max_receiver_penetration = 0.000 | below_source_bottom_count = 0 | below_receiver_bottom_count = 0 | inside_source_wall_count = 0 | inside_receiver_wall_count = 5
FrameTiming 361 138.018
FrameTiming 362 137.940
FrameTiming 363 138.671
FrameTiming 364 138.704
FrameTiming 365 138.624
FrameTiming 366 138.672
FrameTiming 367 138.701
FrameTiming 368 138.665
FrameTiming 369 138.717
FrameTiming 370 138.963
FrameTiming 371 138.752
FrameTiming 372 138.840
FrameTiming 373 138.984
FrameTiming 374 138.871
FrameTiming 375 138.798
FrameTiming 376 138.801
FrameTiming 377 138.830
FrameTiming 378 138.993
FrameTiming 379 138.809
FrameTiming 380 138.518
Frame 380 | rho: [682.722, 1199.203] avg=994.752 | p: [0.000, 448803.969] | speed avg=0.084 max=0.409
Frame 380 fluid stats | fluid_count = 1248 | rho = [682.722, 1199.203] avg = 994.752 | p = [0.000, 448803.969] avg = 167679.859 | speed = [0.004, 0.409] avg = 0.084 | rho_floor_count = 0 | zero_pressure_count = 306
Frame 380 | max_source_penetration = 0.000 | max_receiver_penetration = 0.000 | below_source_bottom_count = 0 | below_receiver_bottom_count = 0 | inside_source_wall_count = 0 | inside_receiver_wall_count = 10
FrameTiming 381 138.673
FrameTiming 382 139.134
FrameTiming 383 138.325
FrameTiming 384 138.444
FrameTiming 385 138.373
FrameTiming 386 138.426
FrameTiming 387 139.000
FrameTiming 388 137.669
FrameTiming 389 138.514
FrameTiming 390 138.397
FrameTiming 391 138.366
FrameTiming 392 138.566
FrameTiming 393 138.537
FrameTiming 394 138.729
FrameTiming 395 138.793
FrameTiming 396 138.913
FrameTiming 397 139.132
FrameTiming 398 138.726
FrameTiming 399 138.854
FrameTiming 400 138.834
Frame 400 | rho: [697.335, 1168.549] avg=979.944 | p: [0.000, 402823.781] | speed avg=0.073 max=0.401
Frame 400 fluid stats | fluid_count = 1248 | rho = [697.335, 1168.549] avg = 979.944 | p = [0.000, 402823.781] avg = 144213.328 | speed = [0.006, 0.401] avg = 0.073 | rho_floor_count = 0 | zero_pressure_count = 335
Frame 400 | max_source_penetration = 0.000 | max_receiver_penetration = 0.000 | below_source_bottom_count = 0 | below_receiver_bottom_count = 0 | inside_source_wall_count = 0 | inside_receiver_wall_count = 8
FrameTiming 401 138.773
FrameTiming 402 138.758
FrameTiming 403 139.008
FrameTiming 404 138.655
FrameTiming 405 138.907
FrameTiming 406 138.532
FrameTiming 407 138.527
FrameTiming 408 138.549
FrameTiming 409 138.469
FrameTiming 410 138.649
FrameTiming 411 138.600
FrameTiming 412 138.607
FrameTiming 413 138.276
FrameTiming 414 138.246
FrameTiming 415 138.412
FrameTiming 416 138.185
FrameTiming 417 138.254
FrameTiming 418 138.181
FrameTiming 419 138.102
FrameTiming 420 138.502
Frame 420 | rho: [717.181, 1180.437] avg=998.269 | p: [0.000, 420655.688] | speed avg=0.062 max=0.388
Frame 420 fluid stats | fluid_count = 1248 | rho = [717.181, 1180.437] avg = 998.269 | p = [0.000, 420655.688] avg = 164498.906 | speed = [0.004, 0.388] avg = 0.062 | rho_floor_count = 0 | zero_pressure_count = 275
Frame 420 | max_source_penetration = 0.000 | max_receiver_penetration = 0.000 | below_source_bottom_count = 0 | below_receiver_bottom_count = 0 | inside_source_wall_count = 0 | inside_receiver_wall_count = 6
FrameTiming 421 138.417
FrameTiming 422 137.815
FrameTiming 423 137.924
FrameTiming 424 138.010
FrameTiming 425 137.923
FrameTiming 426 137.778
FrameTiming 427 137.797
FrameTiming 428 137.769
FrameTiming 429 137.745
FrameTiming 430 137.584
FrameTiming 431 137.628
FrameTiming 432 137.739
FrameTiming 433 137.828
FrameTiming 434 137.453
FrameTiming 435 137.347
FrameTiming 436 137.356
FrameTiming 437 137.236
FrameTiming 438 137.215
FrameTiming 439 137.337
FrameTiming 440 137.436
Frame 440 | rho: [670.356, 1143.206] avg=995.190 | p: [0.000, 364809.250] | speed avg=0.054 max=0.344
Frame 440 fluid stats | fluid_count = 1248 | rho = [670.356, 1143.206] avg = 995.190 | p = [0.000, 364809.250] avg = 160743.734 | speed = [0.003, 0.344] avg = 0.054 | rho_floor_count = 0 | zero_pressure_count = 228
Frame 440 | max_source_penetration = 0.000 | max_receiver_penetration = 0.000 | below_source_bottom_count = 0 | below_receiver_bottom_count = 0 | inside_source_wall_count = 0 | inside_receiver_wall_count = 6
FrameTiming 441 137.333
FrameTiming 442 137.897
FrameTiming 443 138.422
FrameTiming 444 138.222
FrameTiming 445 138.443
FrameTiming 446 138.073
FrameTiming 447 137.558
FrameTiming 448 137.323
FrameTiming 449 137.395
FrameTiming 450 137.250
FrameTiming 451 137.218
FrameTiming 452 137.487
FrameTiming 453 138.007
FrameTiming 454 138.050
FrameTiming 455 138.271
FrameTiming 456 138.222
FrameTiming 457 138.255
FrameTiming 458 138.330
FrameTiming 459 138.155
FrameTiming 460 138.026
Frame 460 | rho: [691.958, 1165.280] avg=992.344 | p: [0.000, 397920.406] | speed avg=0.056 max=0.313
Frame 460 fluid stats | fluid_count = 1248 | rho = [691.958, 1165.280] avg = 992.344 | p = [0.000, 397920.406] avg = 154891.391 | speed = [0.001, 0.313] avg = 0.056 | rho_floor_count = 0 | zero_pressure_count = 229
Frame 460 | max_source_penetration = 0.000 | max_receiver_penetration = 0.000 | below_source_bottom_count = 0 | below_receiver_bottom_count = 0 | inside_source_wall_count = 0 | inside_receiver_wall_count = 10
FrameTiming 461 138.220
FrameTiming 462 138.198
FrameTiming 463 138.412
FrameTiming 464 138.249
FrameTiming 465 138.167
FrameTiming 466 138.176
FrameTiming 467 138.362
FrameTiming 468 138.216
FrameTiming 469 138.341
FrameTiming 470 137.851
FrameTiming 471 137.760
FrameTiming 472 137.852
FrameTiming 473 137.726
FrameTiming 474 137.844
FrameTiming 475 137.857
FrameTiming 476 137.875
FrameTiming 477 137.988
FrameTiming 478 138.032
FrameTiming 479 138.106
FrameTiming 480 138.210
Frame 480 | rho: [689.379, 1172.271] avg=1002.547 | p: [0.000, 408405.938] | speed avg=0.056 max=0.406
Frame 480 fluid stats | fluid_count = 1248 | rho = [689.379, 1172.271] avg = 1002.547 | p = [0.000, 408405.938] avg = 167326.328 | speed = [0.003, 0.406] avg = 0.056 | rho_floor_count = 0 | zero_pressure_count = 213
Frame 480 | max_source_penetration = 0.000 | max_receiver_penetration = 0.000 | below_source_bottom_count = 0 | below_receiver_bottom_count = 0 | inside_source_wall_count = 0 | inside_receiver_wall_count = 10
FrameTiming 481 138.064
FrameTiming 482 138.214
FrameTiming 483 138.136
FrameTiming 484 138.583
FrameTiming 485 138.096
FrameTiming 486 138.072
FrameTiming 487 138.174
FrameTiming 488 138.072
FrameTiming 489 138.219
FrameTiming 490 138.117
FrameTiming 491 138.054
FrameTiming 492 137.262
FrameTiming 493 137.650
FrameTiming 494 138.190
FrameTiming 495 138.199
FrameTiming 496 138.031
FrameTiming 497 137.916
FrameTiming 498 137.976
FrameTiming 499 138.040
FrameTiming 500 138.071
Frame 500 | rho: [692.386, 1145.311] avg=995.162 | p: [0.000, 367966.188] | speed avg=0.053 max=0.347
Frame 500 fluid stats | fluid_count = 1248 | rho = [692.386, 1145.311] avg = 995.162 | p = [0.000, 367966.188] avg = 158680.531 | speed = [0.003, 0.347] avg = 0.053 | rho_floor_count = 0 | zero_pressure_count = 224
Frame 500 | max_source_penetration = 0.000 | max_receiver_penetration = 0.000 | below_source_bottom_count = 0 | below_receiver_bottom_count = 0 | inside_source_wall_count = 0 | inside_receiver_wall_count = 6
FrameTiming 501 138.136
FrameTiming 502 137.619
FrameTiming 503 137.197
FrameTiming 504 137.325
FrameTiming 505 137.421
FrameTiming 506 137.308
FrameTiming 507 137.275
FrameTiming 508 137.358
FrameTiming 509 137.080
FrameTiming 510 138.502
FrameTiming 511 137.967
FrameTiming 512 137.936
FrameTiming 513 137.990
FrameTiming 514 138.039
FrameTiming 515 137.831
FrameTiming 516 138.041
FrameTiming 517 137.987
FrameTiming 518 138.229
FrameTiming 519 138.318
FrameTiming 520 138.049
Frame 520 | rho: [697.441, 1142.858] avg=993.759 | p: [0.000, 364287.594] | speed avg=0.053 max=0.324
Frame 520 fluid stats | fluid_count = 1248 | rho = [697.441, 1142.858] avg = 993.759 | p = [0.000, 364287.594] avg = 157632.484 | speed = [0.002, 0.324] avg = 0.053 | rho_floor_count = 0 | zero_pressure_count = 236
Frame 520 | max_source_penetration = 0.000 | max_receiver_penetration = 0.000 | below_source_bottom_count = 0 | below_receiver_bottom_count = 0 | inside_source_wall_count = 0 | inside_receiver_wall_count = 9
FrameTiming 521 138.506
FrameTiming 522 138.361
FrameTiming 523 138.339
FrameTiming 524 138.421
FrameTiming 525 138.340
FrameTiming 526 138.369
FrameTiming 527 138.227
FrameTiming 528 138.421
FrameTiming 529 138.550
FrameTiming 530 138.311
FrameTiming 531 138.373
FrameTiming 532 138.147
FrameTiming 533 137.933
FrameTiming 534 137.837
FrameTiming 535 137.944
FrameTiming 536 137.873
FrameTiming 537 138.064
FrameTiming 538 137.911
FrameTiming 539 138.088
FrameTiming 540 138.187
Frame 540 | rho: [665.908, 1158.396] avg=1001.100 | p: [0.000, 387593.438] | speed avg=0.051 max=0.399
Frame 540 fluid stats | fluid_count = 1248 | rho = [665.908, 1158.396] avg = 1001.100 | p = [0.000, 387593.438] avg = 166211.188 | speed = [0.002, 0.399] avg = 0.051 | rho_floor_count = 0 | zero_pressure_count = 215
Frame 540 | max_source_penetration = 0.000 | max_receiver_penetration = 0.000 | below_source_bottom_count = 0 | below_receiver_bottom_count = 0 | inside_source_wall_count = 0 | inside_receiver_wall_count = 11
FrameTiming 541 138.279
FrameTiming 542 138.118
FrameTiming 543 138.163
FrameTiming 544 138.272
FrameTiming 545 138.340
FrameTiming 546 138.394
FrameTiming 547 138.365
FrameTiming 548 138.479
FrameTiming 549 138.455
FrameTiming 550 138.620
FrameTiming 551 138.730
FrameTiming 552 138.749
FrameTiming 553 138.583
FrameTiming 554 138.508
FrameTiming 555 138.354
FrameTiming 556 138.360
FrameTiming 557 138.243
FrameTiming 558 137.929
FrameTiming 559 137.564
FrameTiming 560 137.166
Frame 560 | rho: [695.164, 1163.872] avg=993.606 | p: [0.000, 395808.469] | speed avg=0.053 max=0.372
Frame 560 fluid stats | fluid_count = 1248 | rho = [695.164, 1163.872] avg = 993.606 | p = [0.000, 395808.469] avg = 157117.922 | speed = [0.003, 0.372] avg = 0.053 | rho_floor_count = 0 | zero_pressure_count = 239
Frame 560 | max_source_penetration = 0.000 | max_receiver_penetration = 0.000 | below_source_bottom_count = 0 | below_receiver_bottom_count = 0 | inside_source_wall_count = 0 | inside_receiver_wall_count = 6
FrameTiming 561 137.127
FrameTiming 562 137.197
FrameTiming 563 137.245
FrameTiming 564 137.382
FrameTiming 565 138.000
FrameTiming 566 138.033
FrameTiming 567 138.102
FrameTiming 568 138.302
FrameTiming 569 138.076
FrameTiming 570 138.172
FrameTiming 571 138.214
FrameTiming 572 138.269
FrameTiming 573 138.151
FrameTiming 574 138.127
FrameTiming 575 138.115
FrameTiming 576 137.999
FrameTiming 577 138.001
FrameTiming 578 137.680
FrameTiming 579 136.842
FrameTiming 580 137.003
Frame 580 | rho: [671.649, 1214.334] avg=1000.446 | p: [0.000, 471501.719] | speed avg=0.053 max=0.352
Frame 580 fluid stats | fluid_count = 1248 | rho = [671.649, 1214.334] avg = 1000.446 | p = [0.000, 471501.719] avg = 164988.391 | speed = [0.003, 0.352] avg = 0.053 | rho_floor_count = 0 | zero_pressure_count = 199
Frame 580 | max_source_penetration = 0.000 | max_receiver_penetration = 0.000 | below_source_bottom_count = 0 | below_receiver_bottom_count = 0 | inside_source_wall_count = 0 | inside_receiver_wall_count = 14
FrameTiming 581 137.069
FrameTiming 582 136.833
FrameTiming 583 136.794
FrameTiming 584 138.174
FrameTiming 585 137.050
FrameTiming 586 137.166
FrameTiming 587 137.282
FrameTiming 588 137.255
FrameTiming 589 138.035
FrameTiming 590 138.145
FrameTiming 591 138.031
FrameTiming 592 138.010
FrameTiming 593 138.215
FrameTiming 594 138.095
FrameTiming 595 138.149
FrameTiming 596 138.089
FrameTiming 597 138.291
FrameTiming 598 138.462
FrameTiming 599 138.268
FrameTiming 600 138.271
Frame 600 | rho: [663.316, 1204.724] avg=995.548 | p: [0.000, 457086.188] | speed avg=0.050 max=0.336
Frame 600 fluid stats | fluid_count = 1248 | rho = [663.316, 1204.724] avg = 995.548 | p = [0.000, 457086.188] avg = 159219.609 | speed = [0.001, 0.336] avg = 0.050 | rho_floor_count = 0 | zero_pressure_count = 215
Frame 600 | max_source_penetration = 0.000 | max_receiver_penetration = 0.000 | below_source_bottom_count = 0 | below_receiver_bottom_count = 0 | inside_source_wall_count = 0 | inside_receiver_wall_count = 9
FrameTiming 601 138.328
FrameTiming 602 138.255
FrameTiming 603 138.367
FrameTiming 604 138.458
FrameTiming 605 138.213
FrameTiming 606 138.114
FrameTiming 607 138.306
FrameTiming 608 138.133
FrameTiming 609 137.996
FrameTiming 610 138.171
FrameTiming 611 138.382
FrameTiming 612 138.171
FrameTiming 613 138.178
FrameTiming 614 137.723
FrameTiming 615 137.772
FrameTiming 616 137.792
FrameTiming 617 137.973
FrameTiming 618 137.781
FrameTiming 619 137.861
FrameTiming 620 137.986
Frame 620 | rho: [666.593, 1151.963] avg=995.676 | p: [0.000, 377943.781] | speed avg=0.053 max=0.391
Frame 620 fluid stats | fluid_count = 1248 | rho = [666.593, 1151.963] avg = 995.676 | p = [0.000, 377943.781] avg = 159499.938 | speed = [0.002, 0.391] avg = 0.053 | rho_floor_count = 0 | zero_pressure_count = 217
Frame 620 | max_source_penetration = 0.000 | max_receiver_penetration = 0.000 | below_source_bottom_count = 0 | below_receiver_bottom_count = 0 | inside_source_wall_count = 0 | inside_receiver_wall_count = 14
FrameTiming 621 137.561
FrameTiming 622 137.576
FrameTiming 623 137.630
FrameTiming 624 137.485
FrameTiming 625 137.426
FrameTiming 626 137.396
FrameTiming 627 137.410
FrameTiming 628 137.450
FrameTiming 629 137.544
FrameTiming 630 137.540
FrameTiming 631 137.533
FrameTiming 632 137.543
FrameTiming 633 137.449
FrameTiming 634 137.380
FrameTiming 635 137.530
FrameTiming 636 137.597
FrameTiming 637 137.756
FrameTiming 638 137.687
FrameTiming 639 137.763
FrameTiming 640 138.888
Frame 640 | rho: [610.812, 1185.684] avg=1000.205 | p: [0.000, 428525.750] | speed avg=0.053 max=0.368
Frame 640 fluid stats | fluid_count = 1248 | rho = [610.812, 1185.684] avg = 1000.205 | p = [0.000, 428525.750] avg = 165496.672 | speed = [0.001, 0.368] avg = 0.053 | rho_floor_count = 0 | zero_pressure_count = 207
Frame 640 | max_source_penetration = 0.000 | max_receiver_penetration = 0.000 | below_source_bottom_count = 0 | below_receiver_bottom_count = 0 | inside_source_wall_count = 0 | inside_receiver_wall_count = 5
FrameTiming 641 138.650
FrameTiming 642 137.498
FrameTiming 643 137.395
FrameTiming 644 137.597
FrameTiming 645 137.313
FrameTiming 646 137.462
FrameTiming 647 137.513
FrameTiming 648 137.480
FrameTiming 649 137.417
FrameTiming 650 137.588
FrameTiming 651 137.563
FrameTiming 652 137.758
FrameTiming 653 137.693
FrameTiming 654 137.566
FrameTiming 655 137.557
FrameTiming 656 137.499
FrameTiming 657 137.762
FrameTiming 658 138.482
FrameTiming 659 138.910
FrameTiming 660 138.455
Frame 660 | rho: [698.196, 1176.226] avg=992.280 | p: [0.000, 414338.562] | speed avg=0.053 max=0.397
Frame 660 fluid stats | fluid_count = 1248 | rho = [698.196, 1176.226] avg = 992.280 | p = [0.000, 414338.562] avg = 154600.922 | speed = [0.003, 0.397] avg = 0.053 | rho_floor_count = 0 | zero_pressure_count = 221
Frame 660 | max_source_penetration = 0.000 | max_receiver_penetration = 0.000 | below_source_bottom_count = 0 | below_receiver_bottom_count = 0 | inside_source_wall_count = 0 | inside_receiver_wall_count = 8
FrameTiming 661 138.621
FrameTiming 662 138.706
FrameTiming 663 138.687
FrameTiming 664 138.657
FrameTiming 665 138.764
FrameTiming 666 138.667
FrameTiming 667 138.526
FrameTiming 668 138.448
FrameTiming 669 138.603
FrameTiming 670 138.356
FrameTiming 671 138.430
FrameTiming 672 138.581
FrameTiming 673 138.609
FrameTiming 674 138.788
FrameTiming 675 138.765
FrameTiming 676 139.072
FrameTiming 677 139.101
FrameTiming 678 138.976
FrameTiming 679 138.863
FrameTiming 680 138.912
Frame 680 | rho: [658.016, 1183.065] avg=997.282 | p: [0.000, 424597.594] | speed avg=0.053 max=0.318
Frame 680 fluid stats | fluid_count = 1248 | rho = [658.016, 1183.065] avg = 997.282 | p = [0.000, 424597.594] avg = 160898.062 | speed = [0.000, 0.318] avg = 0.053 | rho_floor_count = 0 | zero_pressure_count = 227
Frame 680 | max_source_penetration = 0.000 | max_receiver_penetration = 0.000 | below_source_bottom_count = 0 | below_receiver_bottom_count = 0 | inside_source_wall_count = 0 | inside_receiver_wall_count = 11
FrameTiming 681 139.132
FrameTiming 682 138.649
FrameTiming 683 138.812
FrameTiming 684 138.911
FrameTiming 685 139.015
FrameTiming 686 138.794
FrameTiming 687 139.017
FrameTiming 688 138.769
FrameTiming 689 139.102
FrameTiming 690 139.291
FrameTiming 691 138.808
FrameTiming 692 138.600
FrameTiming 693 138.398
FrameTiming 694 137.898
FrameTiming 695 137.727
FrameTiming 696 137.960
FrameTiming 697 137.873
FrameTiming 698 137.693
FrameTiming 699 137.999
FrameTiming 700 137.784
Frame 700 | rho: [716.676, 1142.462] avg=997.997 | p: [0.000, 363693.250] | speed avg=0.054 max=0.334
Frame 700 fluid stats | fluid_count = 1248 | rho = [716.676, 1142.462] avg = 997.997 | p = [0.000, 363693.250] avg = 163356.859 | speed = [0.002, 0.334] avg = 0.054 | rho_floor_count = 0 | zero_pressure_count = 203
Frame 700 | max_source_penetration = 0.000 | max_receiver_penetration = 0.000 | below_source_bottom_count = 0 | below_receiver_bottom_count = 0 | inside_source_wall_count = 0 | inside_receiver_wall_count = 8
FrameTiming 701 137.677
FrameTiming 702 137.645
FrameTiming 703 137.651
FrameTiming 704 137.727
FrameTiming 705 137.744
FrameTiming 706 137.824
FrameTiming 707 137.841
FrameTiming 708 137.978
FrameTiming 709 137.889
FrameTiming 710 138.108
FrameTiming 711 138.256
FrameTiming 712 138.086
FrameTiming 713 137.974
FrameTiming 714 137.924
FrameTiming 715 137.803
FrameTiming 716 137.858
FrameTiming 717 137.874
FrameTiming 718 138.219
FrameTiming 719 138.615
FrameTiming 720 138.825
Frame 720 | rho: [687.065, 1162.713] avg=996.807 | p: [0.000, 394069.156] | speed avg=0.056 max=0.315
Frame 720 fluid stats | fluid_count = 1248 | rho = [687.065, 1162.713] avg = 996.807 | p = [0.000, 394069.156] avg = 160591.625 | speed = [0.003, 0.315] avg = 0.056 | rho_floor_count = 0 | zero_pressure_count = 233
Frame 720 | max_source_penetration = 0.000 | max_receiver_penetration = 0.000 | below_source_bottom_count = 0 | below_receiver_bottom_count = 0 | inside_source_wall_count = 0 | inside_receiver_wall_count = 11
FrameTiming 721 138.705
FrameTiming 722 137.786
FrameTiming 723 137.825
FrameTiming 724 137.666
FrameTiming 725 137.564
FrameTiming 726 137.488
FrameTiming 727 138.395
FrameTiming 728 138.352
FrameTiming 729 138.486
FrameTiming 730 138.474
FrameTiming 731 138.625
FrameTiming 732 138.536
FrameTiming 733 138.493
FrameTiming 734 138.420
FrameTiming 735 138.543
FrameTiming 736 138.498
FrameTiming 737 138.105
FrameTiming 738 144.678
FrameTiming 739 138.166
FrameTiming 740 138.268
Frame 740 | rho: [647.899, 1141.717] avg=995.282 | p: [0.000, 362576.125] | speed avg=0.054 max=0.319
Frame 740 fluid stats | fluid_count = 1248 | rho = [647.899, 1141.717] avg = 995.282 | p = [0.000, 362576.125] avg = 158597.906 | speed = [0.001, 0.319] avg = 0.054 | rho_floor_count = 0 | zero_pressure_count = 212
Frame 740 | max_source_penetration = 0.000 | max_receiver_penetration = 0.000 | below_source_bottom_count = 0 | below_receiver_bottom_count = 0 | inside_source_wall_count = 0 | inside_receiver_wall_count = 11
FrameTiming 741 138.382
FrameTiming 742 138.450
FrameTiming 743 138.280
FrameTiming 744 138.361
FrameTiming 745 138.253
FrameTiming 746 138.658
FrameTiming 747 138.242
FrameTiming 748 138.321
FrameTiming 749 138.316
FrameTiming 750 138.407
FrameTiming 751 138.939
FrameTiming 752 137.484
FrameTiming 753 137.479
FrameTiming 754 137.388
FrameTiming 755 137.468
FrameTiming 756 138.330
FrameTiming 757 138.303
FrameTiming 758 138.227
FrameTiming 759 138.828
FrameTiming 760 138.228
Frame 760 | rho: [668.509, 1179.370] avg=997.760 | p: [0.000, 419054.438] | speed avg=0.054 max=0.328
Frame 760 fluid stats | fluid_count = 1248 | rho = [668.509, 1179.370] avg = 997.760 | p = [0.000, 419054.438] avg = 160874.922 | speed = [0.003, 0.328] avg = 0.054 | rho_floor_count = 0 | zero_pressure_count = 212
Frame 760 | max_source_penetration = 0.000 | max_receiver_penetration = 0.000 | below_source_bottom_count = 0 | below_receiver_bottom_count = 0 | inside_source_wall_count = 0 | inside_receiver_wall_count = 7
FrameTiming 761 138.454
FrameTiming 762 138.264
FrameTiming 763 138.301
FrameTiming 764 138.571
FrameTiming 765 138.342
FrameTiming 766 138.339
FrameTiming 767 138.309
FrameTiming 768 138.114
FrameTiming 769 138.130
FrameTiming 770 138.269
FrameTiming 771 138.487
FrameTiming 772 138.217
FrameTiming 773 138.680
FrameTiming 774 138.455
FrameTiming 775 138.546
FrameTiming 776 138.498
FrameTiming 777 138.530
FrameTiming 778 138.392
FrameTiming 779 138.137
FrameTiming 780 137.954
Frame 780 | rho: [684.531, 1164.498] avg=998.636 | p: [0.000, 396746.531] | speed avg=0.053 max=0.323
Frame 780 fluid stats | fluid_count = 1248 | rho = [684.531, 1164.498] avg = 998.636 | p = [0.000, 396746.531] avg = 163225.328 | speed = [0.003, 0.323] avg = 0.053 | rho_floor_count = 0 | zero_pressure_count = 217
Frame 780 | max_source_penetration = 0.000 | max_receiver_penetration = 0.000 | below_source_bottom_count = 0 | below_receiver_bottom_count = 0 | inside_source_wall_count = 0 | inside_receiver_wall_count = 9
FrameTiming 781 137.333
FrameTiming 782 137.347
FrameTiming 783 137.489
FrameTiming 784 137.551
FrameTiming 785 137.573
FrameTiming 786 137.623
FrameTiming 787 137.663
FrameTiming 788 137.449
FrameTiming 789 137.353
FrameTiming 790 137.453
FrameTiming 791 137.800
FrameTiming 792 137.744
FrameTiming 793 137.668
FrameTiming 794 137.764
FrameTiming 795 137.696
FrameTiming 796 137.813
FrameTiming 797 137.698
FrameTiming 798 137.765
FrameTiming 799 138.397
FrameTiming 800 138.377
Frame 800 | rho: [701.696, 1177.967] avg=1000.344 | p: [0.000, 416950.562] | speed avg=0.055 max=0.309
Frame 800 fluid stats | fluid_count = 1248 | rho = [701.696, 1177.967] avg = 1000.344 | p = [0.000, 416950.562] avg = 165240.062 | speed = [0.002, 0.309] avg = 0.055 | rho_floor_count = 0 | zero_pressure_count = 224
Frame 800 | max_source_penetration = 0.000 | max_receiver_penetration = 0.000 | below_source_bottom_count = 0 | below_receiver_bottom_count = 0 | inside_source_wall_count = 0 | inside_receiver_wall_count = 8
FrameTiming 801 138.283
FrameTiming 802 138.355
FrameTiming 803 138.194
FrameTiming 804 138.412
FrameTiming 805 138.480
FrameTiming 806 138.520
FrameTiming 807 138.695
FrameTiming 808 138.281
FrameTiming 809 138.416
FrameTiming 810 138.384
FrameTiming 811 138.296
FrameTiming 812 138.293
FrameTiming 813 138.383
FrameTiming 814 138.349
FrameTiming 815 138.384
FrameTiming 816 138.426
FrameTiming 817 138.349
FrameTiming 818 138.219
FrameTiming 819 138.274
FrameTiming 820 138.282
Frame 820 | rho: [665.604, 1179.852] avg=993.771 | p: [0.000, 419777.719] | speed avg=0.052 max=0.312
Frame 820 fluid stats | fluid_count = 1248 | rho = [665.604, 1179.852] avg = 993.771 | p = [0.000, 419777.719] avg = 156752.219 | speed = [0.003, 0.312] avg = 0.052 | rho_floor_count = 0 | zero_pressure_count = 251
Frame 820 | max_source_penetration = 0.000 | max_receiver_penetration = 0.000 | below_source_bottom_count = 0 | below_receiver_bottom_count = 0 | inside_source_wall_count = 0 | inside_receiver_wall_count = 10
FrameTiming 821 138.488
FrameTiming 822 138.458
FrameTiming 823 138.191
FrameTiming 824 138.147
FrameTiming 825 138.233
FrameTiming 826 138.266
FrameTiming 827 138.471
FrameTiming 828 138.059
FrameTiming 829 137.969
FrameTiming 830 138.012
FrameTiming 831 137.812
FrameTiming 832 138.107
FrameTiming 833 138.161
FrameTiming 834 137.779
FrameTiming 835 137.853
FrameTiming 836 138.336
FrameTiming 837 138.233
FrameTiming 838 138.095
FrameTiming 839 138.207
FrameTiming 840 138.240
Frame 840 | rho: [660.534, 1157.135] avg=993.598 | p: [0.000, 385702.875] | speed avg=0.054 max=0.339
Frame 840 fluid stats | fluid_count = 1248 | rho = [660.534, 1157.135] avg = 993.598 | p = [0.000, 385702.875] avg = 157129.844 | speed = [0.002, 0.339] avg = 0.054 | rho_floor_count = 0 | zero_pressure_count = 248
Frame 840 | max_source_penetration = 0.000 | max_receiver_penetration = 0.000 | below_source_bottom_count = 0 | below_receiver_bottom_count = 0 | inside_source_wall_count = 0 | inside_receiver_wall_count = 10
FrameTiming 841 138.396
FrameTiming 842 138.196
FrameTiming 843 138.142
FrameTiming 844 138.414
FrameTiming 845 138.349
FrameTiming 846 138.434
FrameTiming 847 138.520
FrameTiming 848 138.421
FrameTiming 849 138.441
FrameTiming 850 138.320
FrameTiming 851 138.333
FrameTiming 852 138.050
FrameTiming 853 137.601
FrameTiming 854 137.743
FrameTiming 855 137.275
FrameTiming 856 137.294
FrameTiming 857 137.513
FrameTiming 858 137.497
FrameTiming 859 137.617
FrameTiming 860 137.862
Frame 860 | rho: [698.443, 1160.146] avg=1001.326 | p: [0.000, 390219.375] | speed avg=0.054 max=0.406
Frame 860 fluid stats | fluid_count = 1248 | rho = [698.443, 1160.146] avg = 1001.326 | p = [0.000, 390219.375] avg = 164715.672 | speed = [0.002, 0.406] avg = 0.054 | rho_floor_count = 0 | zero_pressure_count = 218
Frame 860 | max_source_penetration = 0.000 | max_receiver_penetration = 0.000 | below_source_bottom_count = 0 | below_receiver_bottom_count = 0 | inside_source_wall_count = 0 | inside_receiver_wall_count = 10
FrameTiming 861 137.690
FrameTiming 862 137.861
FrameTiming 863 137.793
FrameTiming 864 137.658
FrameTiming 865 137.860
FrameTiming 866 137.868
FrameTiming 867 137.932
FrameTiming 868 137.964
FrameTiming 869 137.735
FrameTiming 870 137.718
FrameTiming 871 137.753
FrameTiming 872 137.697
FrameTiming 873 137.933
FrameTiming 874 137.899
FrameTiming 875 137.766
FrameTiming 876 137.525
FrameTiming 877 137.752
FrameTiming 878 140.020
FrameTiming 879 138.861
FrameTiming 880 137.784
Frame 880 | rho: [645.031, 1165.239] avg=993.499 | p: [0.000, 397859.062] | speed avg=0.055 max=0.346
Frame 880 fluid stats | fluid_count = 1248 | rho = [645.031, 1165.239] avg = 993.499 | p = [0.000, 397859.062] avg = 157816.609 | speed = [0.002, 0.346] avg = 0.055 | rho_floor_count = 0 | zero_pressure_count = 244
Frame 880 | max_source_penetration = 0.000 | max_receiver_penetration = 0.000 | below_source_bottom_count = 0 | below_receiver_bottom_count = 0 | inside_source_wall_count = 0 | inside_receiver_wall_count = 9
FrameTiming 881 137.700
FrameTiming 882 137.922
FrameTiming 883 137.711
FrameTiming 884 137.524
FrameTiming 885 137.454
FrameTiming 886 137.402
FrameTiming 887 137.298
FrameTiming 888 137.338
FrameTiming 889 137.411
FrameTiming 890 137.272
FrameTiming 891 137.337
FrameTiming 892 137.524
FrameTiming 893 137.102
FrameTiming 894 137.181
FrameTiming 895 137.175
FrameTiming 896 137.211
FrameTiming 897 137.066
FrameTiming 898 137.068
FrameTiming 899 137.246
FrameTiming 900 137.579
Frame 900 | rho: [670.593, 1135.643] avg=995.860 | p: [0.000, 353464.406] | speed avg=0.058 max=0.313
Frame 900 fluid stats | fluid_count = 1248 | rho = [670.593, 1135.643] avg = 995.860 | p = [0.000, 353464.406] avg = 159528.234 | speed = [0.005, 0.313] avg = 0.058 | rho_floor_count = 0 | zero_pressure_count = 228
Frame 900 | max_source_penetration = 0.000 | max_receiver_penetration = 0.000 | below_source_bottom_count = 0 | below_receiver_bottom_count = 0 | inside_source_wall_count = 0 | inside_receiver_wall_count = 11
FrameTiming 901 137.981
FrameTiming 902 137.641
FrameTiming 903 137.829
FrameTiming 904 137.744
FrameTiming 905 137.823
FrameTiming 906 137.661
FrameTiming 907 137.580
FrameTiming 908 137.471
FrameTiming 909 137.430
FrameTiming 910 138.383
FrameTiming 911 137.995
FrameTiming 912 138.174
FrameTiming 913 138.338
FrameTiming 914 138.262
FrameTiming 915 138.085
FrameTiming 916 137.354
FrameTiming 917 137.269
FrameTiming 918 137.317
FrameTiming 919 137.512
FrameTiming 920 137.629
Frame 920 | rho: [688.826, 1142.311] avg=997.695 | p: [0.000, 363465.812] | speed avg=0.059 max=0.387
Frame 920 fluid stats | fluid_count = 1248 | rho = [688.826, 1142.311] avg = 997.695 | p = [0.000, 363465.812] avg = 161937.328 | speed = [0.002, 0.387] avg = 0.059 | rho_floor_count = 0 | zero_pressure_count = 217
Frame 920 | max_source_penetration = 0.000 | max_receiver_penetration = 0.000 | below_source_bottom_count = 0 | below_receiver_bottom_count = 0 | inside_source_wall_count = 0 | inside_receiver_wall_count = 7
FrameTiming 921 137.640
FrameTiming 922 137.553
FrameTiming 923 137.877
FrameTiming 924 137.828
FrameTiming 925 137.781
FrameTiming 926 137.752
FrameTiming 927 137.737
FrameTiming 928 137.661
FrameTiming 929 137.450
FrameTiming 930 137.469
FrameTiming 931 137.277
FrameTiming 932 137.492
FrameTiming 933 137.453
FrameTiming 934 137.570
FrameTiming 935 137.624
FrameTiming 936 137.608
FrameTiming 937 137.612
FrameTiming 938 137.944
FrameTiming 939 137.532
FrameTiming 940 137.419
Frame 940 | rho: [693.933, 1143.439] avg=998.968 | p: [0.000, 365159.000] | speed avg=0.057 max=0.354
Frame 940 fluid stats | fluid_count = 1248 | rho = [693.933, 1143.439] avg = 998.968 | p = [0.000, 365159.000] avg = 162511.438 | speed = [0.001, 0.354] avg = 0.057 | rho_floor_count = 0 | zero_pressure_count = 211
Frame 940 | max_source_penetration = 0.000 | max_receiver_penetration = 0.000 | below_source_bottom_count = 0 | below_receiver_bottom_count = 0 | inside_source_wall_count = 0 | inside_receiver_wall_count = 18
FrameTiming 941 137.538
FrameTiming 942 137.524
FrameTiming 943 137.834
FrameTiming 944 137.877
FrameTiming 945 137.913
FrameTiming 946 138.398
FrameTiming 947 138.028
FrameTiming 948 137.848
FrameTiming 949 137.871
FrameTiming 950 137.683
FrameTiming 951 137.791
FrameTiming 952 137.547
FrameTiming 953 137.540
FrameTiming 954 137.364
FrameTiming 955 137.157
FrameTiming 956 137.249
FrameTiming 957 137.245
FrameTiming 958 137.238
FrameTiming 959 137.164
FrameTiming 960 137.364
Frame 960 | rho: [663.016, 1154.146] avg=997.740 | p: [0.000, 381218.250] | speed avg=0.056 max=0.317
Frame 960 fluid stats | fluid_count = 1248 | rho = [663.016, 1154.146] avg = 997.740 | p = [0.000, 381218.250] avg = 161897.578 | speed = [0.001, 0.317] avg = 0.056 | rho_floor_count = 0 | zero_pressure_count = 200
Frame 960 | max_source_penetration = 0.000 | max_receiver_penetration = 0.000 | below_source_bottom_count = 0 | below_receiver_bottom_count = 0 | inside_source_wall_count = 0 | inside_receiver_wall_count = 7
FrameTiming 961 137.496
FrameTiming 962 137.514
FrameTiming 963 137.561
FrameTiming 964 137.739
FrameTiming 965 137.821
FrameTiming 966 138.170
FrameTiming 967 138.718
FrameTiming 968 138.797
FrameTiming 969 138.808
FrameTiming 970 138.745
FrameTiming 971 138.934
FrameTiming 972 138.590
FrameTiming 973 138.659
FrameTiming 974 138.839
FrameTiming 975 138.715
FrameTiming 976 138.544
FrameTiming 977 138.448
FrameTiming 978 138.353
FrameTiming 979 138.541
FrameTiming 980 138.503
Frame 980 | rho: [693.852, 1149.720] avg=996.780 | p: [0.000, 374579.969] | speed avg=0.056 max=0.364
Frame 980 fluid stats | fluid_count = 1248 | rho = [693.852, 1149.720] avg = 996.780 | p = [0.000, 374579.969] avg = 159806.547 | speed = [0.002, 0.364] avg = 0.056 | rho_floor_count = 0 | zero_pressure_count = 246
Frame 980 | max_source_penetration = 0.000 | max_receiver_penetration = 0.000 | below_source_bottom_count = 0 | below_receiver_bottom_count = 0 | inside_source_wall_count = 0 | inside_receiver_wall_count = 8
FrameTiming 981 138.548
FrameTiming 982 138.248
FrameTiming 983 138.372
FrameTiming 984 138.426
FrameTiming 985 138.361
FrameTiming 986 138.474
FrameTiming 987 138.638
FrameTiming 988 138.585
FrameTiming 989 138.703
FrameTiming 990 138.759
FrameTiming 991 138.725
FrameTiming 992 138.569
FrameTiming 993 138.752
FrameTiming 994 138.621
FrameTiming 995 138.373
FrameTiming 996 138.495
FrameTiming 997 138.474
FrameTiming 998 138.348
FrameTiming 999 138.286
FrameTiming 1000 138.336
Frame 1000 | rho: [672.525, 1153.258] avg=1001.731 | p: [0.000, 379886.906] | speed avg=0.058 max=0.348
Frame 1000 fluid stats | fluid_count = 1248 | rho = [672.525, 1153.258] avg = 1001.731 | p = [0.000, 379886.906] avg = 167609.891 | speed = [0.002, 0.348] avg = 0.058 | rho_floor_count = 0 | zero_pressure_count = 234
Frame 1000 | max_source_penetration = 0.000 | max_receiver_penetration = 0.000 | below_source_bottom_count = 0 | below_receiver_bottom_count = 0 | inside_source_wall_count = 0 | inside_receiver_wall_count = 9
TimingSummary mode=gpu_bruteforce total_ms=137990.508 avg_ms=137.991 min_ms=134.560 max_ms=144.678
Done
